******************************************************************************
            TI ARM Clang Linker PC v3.2.2                      
******************************************************************************
>> Linked Mon Jul 20 09:30:11 2026

OUTPUT FILE NAME:   <zTTE-HGR.out>
ENTRY POINT SYMBOL: "_c_int00"  address: 004236c5


MEMORY CONFIGURATION

         name            origin    length      used     unused   attr    fill
----------------------  --------  ---------  --------  --------  ----  --------
  M4F_VECS              00400000   00000200  00000140  000000c0  RWIX
  M4F_RAM12             00400200   00057e00  0002c980  0002b480  RWIX
  M4F_RBL               00458000   00008000  00004000  00004000  RWIX
  M4F_RAM3              00460000   00020000  00000000  00020000  RWIX
  HWASS_SHM_MEM         60000000   00080000  00000000  00080000  RWIX


SEGMENT ALLOCATION MAP

run origin  load origin   length   init length attrs members
----------  ----------- ---------- ----------- ----- -------
00400000    00400000    00000140   00000140    rw-
  00400000    00400000    00000140   00000140    rw- .vectors
00400200    00400200    00019b80   00000000    rw-
  00400200    00400200    00019b80   00000000    rw- .bss
00419d80    00419d80    00011e03   00011e03    r-x
  00419d80    00419d80    0000abac   0000abac    r-x .text
  00424930    00424930    00007253   00007253    r-- .rodata
0042bb88    0042bb88    00001001   00001001    rw-
  0042bb88    0042bb88    00001001   00001001    rw- .data
00458000    00458000    00004000   00000000    rw-
  00458000    00458000    00002000   00000000    rw- .stack
  0045a000    0045a000    00002000   00000000    rw- .sysmem


SECTION ALLOCATION MAP

 output                                  attributes/
section   page    origin      length       input sections
--------  ----  ----------  ----------   ----------------
.vectors   0    00400000    00000140     
                  00400000    00000140     freertos.xwrL64xx.m4f.ti-arm-clang.release.lib : HwiP_armv7m_handlers_freertos.obj (.vectors)

.bss       0    00400200    00019b80     UNINITIALIZED
                  00400200    0000cb00     genModel.o (.bss.buffer)
                  0040cd00    00006400     hello_world.o (.bss.read_input_from_file.temp_chw)
                  00413100    00004000     (.common:gMainTaskStack)
                  00417100    00001000     freertos.xwrL64xx.m4f.ti-arm-clang.release.lib : port.obj (.bss.uxIdleTaskStack)
                  00418100    00000a00     genModel.o (.bss.weight3_backup)
                  00418b00    00000400     freertos.xwrL64xx.m4f.ti-arm-clang.release.lib : port.obj (.bss.uxTimerTaskStack)
                  00418f00    00000280     (.common:gHwiCtrl)
                  00419180    0000021c     ti_drivers_config.o (.bss.gUartObjects)
                  0041939c    00000140     freertos.xwrL64xx.m4f.ti-arm-clang.release.lib : tasks.obj (.bss.pxReadyTasksLists)
                  004194dc    00000120     libsysbm.a : trgmsg.c.obj (.bss:_CIOBUF_)
                  004195fc    00000100     genModel.o (.bss.bias2_backup)
                  004196fc    00000100     freertos.xwrL64xx.m4f.ti-arm-clang.release.lib : timers.obj (.bss.prvCheckForValidListAndQueue.ucStaticTimerQueueStorage)
                  004197fc    00000100     (.common:xQueueRegistry)
                  004198fc    000000a0     libc.a : defs.c.obj (.bss.__TI_tmpnams)
                  0041999c    0000007c     freertos.xwrL64xx.m4f.ti-arm-clang.release.lib : port.obj (.bss.xIdleTaskTCB)
                  00419a18    0000007c                                                    : port.obj (.bss.xTimerTaskTCB)
                  00419a94    0000007c     (.common:gMainTaskObj)
                  00419b10    00000060                                                    : DebugP_freertos.obj (.bss.gDebugLogLockObj)
                  00419b70    00000058     ti_drivers_config.o (.bss.gEdmaObjects)
                  00419bc8    00000048     freertos.xwrL64xx.m4f.ti-arm-clang.release.lib : timers.obj (.bss.prvCheckForValidListAndQueue.xStaticTimerQueue)
                  00419c10    00000048     (.common:gRovDummyQueue)
                  00419c58    00000038     (.common:gClockCtrl)
                  00419c90    00000028     genModel.o (.bss.bias3_backup)
                  00419cb8    00000014     freertos.xwrL64xx.m4f.ti-arm-clang.release.lib : timers.obj (.bss.xActiveTimerList1)
                  00419ccc    00000014                                                    : timers.obj (.bss.xActiveTimerList2)
                  00419ce0    00000014                                                    : tasks.obj (.bss.xDelayedTaskList1)
                  00419cf4    00000014                                                    : tasks.obj (.bss.xDelayedTaskList2)
                  00419d08    00000014                                                    : tasks.obj (.bss.xPendingReadyList)
                  00419d1c    00000014                                                    : tasks.obj (.bss.xSuspendedTaskList)
                  00419d30    00000014                                                    : tasks.obj (.bss.xTasksWaitingTermination)
                  00419d44    00000008     libsysbm.a : hostopen.c.obj (.bss.parmbuf)
                  00419d4c    00000004     freertos.xwrL64xx.m4f.ti-arm-clang.release.lib : timers.obj (.bss.pxCurrentTimerList)
                  00419d50    00000004                                                    : tasks.obj (.bss.pxDelayedTaskList)
                  00419d54    00000004                                                    : tasks.obj (.bss.pxOverflowDelayedTaskList)
                  00419d58    00000004                                                    : timers.obj (.bss.pxOverflowTimerList)
                  00419d5c    00000004     libc.a : memory.c.obj (.bss.sys_free)
                  00419d60    00000004     (.common:fptr)
                  00419d64    00000004     (.common:fptr2)
                  00419d68    00000004     (.common:fptr3)
                  00419d6c    00000004     (.common:gEdmaHandle)
                  00419d70    00000004     (.common:gMainTask)
                  00419d74    00000004     (.common:gUartHandle)
                  00419d78    00000004     (.common:int8ptr)
                  00419d7c    00000004     --HOLE--

.stack     0    00458000    00002000     UNINITIALIZED
                  00458000    00000004     freertos.xwrL64xx.m4f.ti-arm-clang.release.lib : boot_armv7m.obj (.stack)
                  00458004    00001ffc     --HOLE--

.sysmem    0    0045a000    00002000     UNINITIALIZED
                  0045a000    00000010     libc.a : memory.c.obj (.sysmem)
                  0045a010    00001ff0     --HOLE--

__llvm_prf_cnts 
*          0    00400200    00000000     UNINITIALIZED

__llvm_prf_bits 
*          0    00400200    00000000     UNINITIALIZED

.text      0    00419d80    0000abac     
                  00419d80    00000570     freertos.xwrL64xx.m4f.ti-arm-clang.release.lib : printf.obj (.text._vsnprintf)
                  0041a2f0    00000510     genModel.o (.text.invoke)
                  0041a800    000004f0     group_pointwise_conv_fp.o (.text.group_pointwise_conv_fp_in1x1_out1x1_1row10col_uniweight_int8input_inplace)
                  0041acf0    000004a8     freertos.xwrL64xx.m4f.ti-arm-clang.release.lib : printf.obj (.text._etoa)
                  0041b198    00000440                                                    : printf.obj (.text._ftoa)
                  0041b5d8    00000428     hello_world.o (.text.run_noise_experiment)
                  0041ba00    000003d8     libc.a : e_log.c.obj (.text.log)
                  0041bdd8    000003b0     freertos.xwrL64xx.m4f.ti-arm-clang.release.lib : HwiP_armv7m.obj (.text.hwi)
                  0041c188    0000037c     libc.a : e_exp.c.obj (.text.exp)
                  0041c504    00000004     ti_board_open_close.o (.text.Board_driversOpen)
                  0041c508    00000360     drivers.xwrL64xx.m4f.ti-arm-clang.release.lib : uart_sci.obj (.text.UART_open)
                  0041c868    00000310                                                   : soc_rcm.obj (.text.SOC_rcmGetPeripheralClock)
                  0041cb78    0000030a                                                   : edma.obj (.text.EDMA_init)
                  0041ce82    00000002     ti_board_open_close.o (.text.Board_driversClose)
                  0041ce84    0000030a     arm_convolve_s8_4col.o (.text.arm_convolve_s8_4col)
                  0041d18e    00000012     drivers.xwrL64xx.m4f.ti-arm-clang.release.lib : soc.obj (.text.SOC_clocksEnable)
                  0041d1a0    000002dc     libc.a : strcmp_t2.S.obj (.text:strcmp)
                  0041d47c    000002d8     mat_mul_kernels_fpreq.o (.text.mat_mult_kernel_s8_s16_reordered_fpreq_bitmask)
                  0041d754    00000290     convolve_1x1_s8_fpreq_mask.o (.text.convolve_1x1_s8_fpreq_bitmask)
                  0041d9e4    00000268     libc.a : _printfi.c.obj (.text:__TI_printfi_minimal)
                  0041dc4c    0000022c     drivers.xwrL64xx.m4f.ti-arm-clang.release.lib : uart_sci.obj (.text.UART_write)
                  0041de78    0000022c     sum_4D_exclude_fp.o (.text.sum_4D_exclude)
                  0041e0a4    00000204     genModel.o (.text.invoke_inf)
                  0041e2a8    000001e4     libc.a : e_expf.c.obj (.text.expf)
                  0041e48c    000001ca     genModel.o (.text.arm_nn_mat_mult_kernel_s8_s16_4col)
                  0041e656    00000002     ti_board_config.o (.text.Board_init)
                  0041e658    000001ca     freertos.xwrL64xx.m4f.ti-arm-clang.release.lib : MpuP_armv7m.obj (.text.mpu)
                  0041e822    00000002                                                    : ClockP_freertos_m4.obj (.text.ClockP_timerClearOverflowInt)
                  0041e824    000001b6     libclang_rt.builtins.a : adddf3.S.obj (.text.adddf3_subdf3)
                  0041e9da    00000002                            : aeabi_div0.c.obj (.text.__aeabi_ldiv0)
                  0041e9dc    000001ae     freertos.xwrL64xx.m4f.ti-arm-clang.release.lib : timers.obj (.text.prvTimerTask)
                  0041eb8a    00000190     drivers.xwrL64xx.m4f.ti-arm-clang.release.lib : uart_sci_edma.obj (.text.UART_edmaChannelConfig)
                  0041ed1a    0000017a                                                   : uart_sci.obj (.text.UART_controllerIsr)
                  0041ee94    00000170                                                   : soc_rcm.obj (.text.SOC_rcmEnablePeripheralClock)
                  0041f004    00000162                                                   : soc_rcm.obj (.text.SOC_rcmSetPeripheralClock)
                  0041f166    00000002     libc.a : _lock.c.obj (.text._nop)
                  0041f168    00000156     freertos.xwrL64xx.m4f.ti-arm-clang.release.lib : queue.obj (.text.xQueueSemaphoreTake)
                  0041f2be    00000148     drivers.xwrL64xx.m4f.ti-arm-clang.release.lib : uart_sci.obj (.text.UART_close)
                  0041f406    00000002     freertos.xwrL64xx.m4f.ti-arm-clang.release.lib : printf.obj (.text._out_null)
                  0041f408    00000144                                                    : printf.obj (.text._ntoa_format)
                  0041f54c    0000013a                                                    : tasks.obj (.text.xTaskIncrementTick)
                  0041f686    00000002                                                    : port.obj (.text.vPortConfigTimerForRunTimeStats)
                  0041f688    00000138     sum_3D_fp.o (.text.sum_3D)
                  0041f7c0    00000136     libclang_rt.builtins.a : divdf3.S.obj (.text.__divdf3)
                  0041f8f6    00000002     --HOLE-- [fill = 0]
                  0041f8f8    00000136     freertos.xwrL64xx.m4f.ti-arm-clang.release.lib : queue.obj (.text.xQueueGenericSend)
                  0041fa2e    00000002     --HOLE-- [fill = 0]
                  0041fa30    00000136                                                    : queue.obj (.text.xQueueReceive)
                  0041fb66    00000002     --HOLE-- [fill = 0]
                  0041fb68    00000132     drivers.xwrL64xx.m4f.ti-arm-clang.release.lib : edma.obj (.text.allocResource)
                  0041fc9a    00000130     freertos.xwrL64xx.m4f.ti-arm-clang.release.lib : ClockP_freertos_m4.obj (.text.ClockP_init)
                  0041fdca    0000012c     drivers.xwrL64xx.m4f.ti-arm-clang.release.lib : edma.obj (.text.EDMA_open)
                  0041fef6    00000002     --HOLE-- [fill = 0]
                  0041fef8    00000120     log_softmax_fp.o (.text.LogSoftmax)
                  00420018    00000120     libc.a : fopen.c.obj (.text._openfile)
                  00420138    00000120            : memory.c.obj (.text.aligned_alloc)
                  00420258    00000120     hello_world.o (.text.show_tqdm_progress)
                  00420378    0000011a     freertos.xwrL64xx.m4f.ti-arm-clang.release.lib : tasks.obj (.text.xTaskResumeAll)
                  00420492    00000002     --HOLE-- [fill = 0]
                  00420494    00000118                                                    : tasks.obj (.text.prvAddNewTaskToReadyList)
                  004205ac    0000010c     hello_world.o (.text.read_input_from_file)
                  004206b8    00000104     drivers.xwrL64xx.m4f.ti-arm-clang.release.lib : edma.obj (.text.EDMA_transferCompletionMasterIsrFxn)
                  004207bc    000000fc     libclang_rt.builtins.a : muldf3.S.obj (.text.__muldf3)
                  004208b8    000000fa     drivers.xwrL64xx.m4f.ti-arm-clang.release.lib : edma.obj (.text.EDMA_freeResource)
                  004209b2    00000002     --HOLE-- [fill = 0]
                  004209b4    000000f6     genModel.o (.text.arm_nn_mat_mult_kernel_s8_s16)
                  00420aaa    00000002     --HOLE-- [fill = 0]
                  00420aac    000000f4     libc.a : fread.c.obj (.text.fread)
                  00420ba0    000000f4     freertos.xwrL64xx.m4f.ti-arm-clang.release.lib : tasks.obj (.text.prvIdleTask)
                  00420c94    000000f0     libc.a : fputs.c.obj (.text.fputs)
                  00420d84    000000f0            : memory.c.obj (.text.free)
                  00420e74    000000f0     hello_world.o (.text.print_softmax_probabilities)
                  00420f64    000000ee     freertos.xwrL64xx.m4f.ti-arm-clang.release.lib : tasks.obj (.text.vTaskDelete)
                  00421052    00000002     --HOLE-- [fill = 0]
                  00421054    000000d8     drivers.xwrL64xx.m4f.ti-arm-clang.release.lib : edma.obj (.text.EDMA_allocResource)
                  0042112c    000000d8                                                   : uart_sci_edma.obj (.text.UART_writeDma)
                  00421204    000000d8     libc.a : setvbuf.c.obj (.text.setvbuf)
                  004212dc    000000d2     maxpooling.o (.text.max_pooling)
                  004213ae    00000002     --HOLE-- [fill = 0]
                  004213b0    000000ca     drivers.xwrL64xx.m4f.ti-arm-clang.release.lib : edma.obj (.text.EDMA_registerIntr)
                  0042147a    000000bc     freertos.xwrL64xx.m4f.ti-arm-clang.release.lib : SysTickTimerP.obj (.text.SysTickTimerP_setup)
                  00421536    00000002     --HOLE-- [fill = 0]
                  00421538    000000ba                                                    : HwiP_armv7m_handlers_freertos.obj (.text.hwi)
                  004215f2    000000b0     genModel.o (.text.reset_weights)
                  004216a2    00000002     --HOLE-- [fill = 0]
                  004216a4    000000b0     libclang_rt.builtins.a : udivmoddi4.S.obj (.text)
                  00421754    000000ac     libsysbm.a : open.c.obj (.text.open)
                  00421800    000000a8     freertos.xwrL64xx.m4f.ti-arm-clang.release.lib : tasks.obj (.text.xTaskPriorityInherit)
                  004218a8    000000a6     genModel.o (.text.print_weights)
                  0042194e    000000a6     freertos.xwrL64xx.m4f.ti-arm-clang.release.lib : tasks.obj (.text.xTaskRemoveFromEventList)
                  004219f4    000000a4                                                    : printf.obj (.text._ntoa_long_long)
                  00421a98    000000a4                                                    : printf.obj (.text._out_rev)
                  00421b3c    000000a2     drivers.xwrL64xx.m4f.ti-arm-clang.release.lib : uart_sci.obj (.text.UART_flushTxFifo)
                  00421bde    000000a0     freertos.xwrL64xx.m4f.ti-arm-clang.release.lib : tasks.obj (.text.prvAddCurrentTaskToDelayedList)
                  00421c7e    00000002     --HOLE-- [fill = 0]
                  00421c80    000000a0                                                    : timers.obj (.text.prvSampleTimeNow)
                  00421d20    0000009c     libc.a : s_floorf.c.obj (.text.floorf)
                  00421dbc    00000098            : _bufread.c.obj (.text.__TI_buff_read)
                  00421e54    00000096     freertos.xwrL64xx.m4f.ti-arm-clang.release.lib : tasks.obj (.text.vTaskStartScheduler)
                  00421eea    00000002     --HOLE-- [fill = 0]
                  00421eec    00000094     drivers.xwrL64xx.m4f.ti-arm-clang.release.lib : uart_sci.obj (.text.UART_init)
                  00421f80    00000094     freertos.xwrL64xx.m4f.ti-arm-clang.release.lib : printf.obj (.text._ntoa_long)
                  00422014    00000090     drivers.xwrL64xx.m4f.ti-arm-clang.release.lib : edma.obj (.text.EDMAEnableTransferRegion)
                  004220a4    0000008e     freertos.xwrL64xx.m4f.ti-arm-clang.release.lib : tasks.obj (.text.prvInitialiseNewTask)
                  00422132    00000002     --HOLE-- [fill = 0]
                  00422134    00000088     libc.a : fputc.c.obj (.text.fputc)
                  004221bc    00000086     drivers.xwrL64xx.m4f.ti-arm-clang.release.lib : uart_sci_edma.obj (.text.UART_txEdmaIsrFxn)
                  00422242    00000084     freertos.xwrL64xx.m4f.ti-arm-clang.release.lib : queue.obj (.text.xQueueReceiveFromISR)
                  004222c6    00000082                                                    : tasks.obj (.text.vTaskSwitchContext)
                  00422348    00000080     drivers.xwrL64xx.m4f.ti-arm-clang.release.lib : uart_sci_edma.obj (.text.UART_rxEdmaIsrFxn)
                  004223c8    0000007e     libc.a : s_roundf.c.obj (.text.roundf)
                  00422446    0000007a     freertos.xwrL64xx.m4f.ti-arm-clang.release.lib : timers.obj (.text.prvCheckForValidListAndQueue)
                  004224c0    0000007a                                                    : queue.obj (.text.prvCopyDataToQueue)
                  0042253a    00000078                                                    : tasks.obj (.text.vTaskPriorityDisinheritAfterTimeout)
                  004225b2    00000076                                                    : DebugP_freertos.obj (.text._DebugP_logZone)
                  00422628    00000074     libc.a : fclose.c.obj (.text.__TI_closefile)
                  0042269c    00000072     drivers.xwrL64xx.m4f.ti-arm-clang.release.lib : edma.obj (.text.EDMA_close)
                  0042270e    00000002     --HOLE-- [fill = 0]
                  00422710    00000072     freertos.xwrL64xx.m4f.ti-arm-clang.release.lib : queue.obj (.text.prvUnlockQueue)
                  00422782    00000072                                                    : tasks.obj (.text.xTaskPriorityDisinherit)
                  004227f4    00000070     drivers.xwrL64xx.m4f.ti-arm-clang.release.lib : edma.obj (.text.EDMAConfigureChannelRegion)
                  00422864    00000070     freertos.xwrL64xx.m4f.ti-arm-clang.release.lib : SemaphoreP_freertos.obj (.text.SemaphoreP_constructBinary)
                  004228d4    0000006e     libclang_rt.builtins.a : comparedf2.c.obj (.text.__gedf2)
                  00422942    00000002     --HOLE-- [fill = 0]
                  00422944    0000006e                            : comparedf2.c.obj (.text.__ledf2)
                  004229b2    00000002     --HOLE-- [fill = 0]
                  004229b4    0000006e                            : truncdfsf2.S.obj (.text.__truncdfsf2)
                  00422a22    00000002     --HOLE-- [fill = 0]
                  00422a24    0000006c     libc.a : memory.c.obj (.text.split)
                  00422a90    0000006c     freertos.xwrL64xx.m4f.ti-arm-clang.release.lib : port.obj (.text.xPortStartScheduler)
                  00422afc    0000006a                                                    : AddrTranslateP.obj (.text.AddrTranslateP_getLocalAddr)
                  00422b66    0000006a                                                    : queue.obj (.text.xQueueGenericReset)
                  00422bd0    0000006a                                                    : queue.obj (.text.xQueueGenericSendFromISR)
                  00422c3a    00000068     drivers.xwrL64xx.m4f.ti-arm-clang.release.lib : uart_sci.obj (.text.UART_writeCancelNoCB)
                  00422ca2    00000002     --HOLE-- [fill = 0]
                  00422ca4    00000068     libc.a : fseek.c.obj (.text.fseeko)
                  00422d0c    00000068            : getdevice.c.obj (.text.getdevice)
                  00422d74    00000066     freertos.xwrL64xx.m4f.ti-arm-clang.release.lib : SemaphoreP_freertos.obj (.text.SemaphoreP_pend)
                  00422dda    00000066                                                    : SemaphoreP_freertos.obj (.text.SemaphoreP_post)
                  00422e40    00000064     libsysbm.a : hostrename.c.obj (.text.HOSTrename)
                  00422ea4    0000000c     freertos.xwrL64xx.m4f.ti-arm-clang.release.lib : DebugP_uartLogWriter.obj (.text.DebugP_uartSetDrvIndex)
                  00422eb0    00000064                                                    : port.obj (.text.xPortPendSVHandler)
                  00422f14    00000064                                                    : timers.obj (.text.xTimerCreateTimerTask)
                  00422f78    00000062     libclang_rt.builtins.a : aeabi_dcmp.S.obj (.text.__aeabi_dcmp)
                  00422fda    00000060     libc.a : _io_perm.c.obj (.text.__TI_wrt_ok)
                  0042303a    00000002     --HOLE-- [fill = 0]
                  0042303c    00000060     libsysbm.a : close.c.obj (.text.close)
                  0042309c    00000060     libc.a : printf.c.obj (.text.printf)
                  004230fc    0000005e     freertos.xwrL64xx.m4f.ti-arm-clang.release.lib : DebugP_log.obj (.text._DebugP_assert)
                  0042315a    0000005c                                                    : tasks.obj (.text.xTaskCheckForTimeOut)
                  004231b6    0000005a     main.o (.text.main)
                  00423210    00000058     libsysbm.a : hostlseek.c.obj (.text.HOSTlseek)
                  00423268    00000058                : hostopen.c.obj (.text.HOSTopen)
                  004232c0    00000058     freertos.xwrL64xx.m4f.ti-arm-clang.release.lib : queue.obj (.text.xQueueGiveFromISR)
                  00423318    00000054     libsysbm.a : hostread.c.obj (.text.HOSTread)
                  0042336c    00000054                : hostwrite.c.obj (.text.HOSTwrite)
                  004233c0    00000052     freertos.xwrL64xx.m4f.ti-arm-clang.release.lib : timers.obj (.text.xTimerGenericCommand)
                  00423412    00000050     drivers.xwrL64xx.m4f.ti-arm-clang.release.lib : soc.obj (.text.SOC_virtToPhy)
                  00423462    00000050     freertos.xwrL64xx.m4f.ti-arm-clang.release.lib : SemaphoreP_freertos.obj (.text.SemaphoreP_constructMutex)
                  004234b2    00000050     libc.a : fflush.c.obj (.text.__TI_doflush)
                  00423502    00000002     --HOLE-- [fill = 0]
                  00423504    0000004c     freertos.xwrL64xx.m4f.ti-arm-clang.release.lib : ClockP_freertos.obj (.text.ClockP_getTimeUsec)
                  00423550    0000004c     ti_drivers_open_close.o (.text.Drivers_edmaOpen)
                  0042359c    0000004c     ti_drivers_open_close.o (.text.Drivers_uartOpen)
                  004235e8    0000004a     libc.a : _io_perm.c.obj (.text.__TI_rd_ok)
                  00423632    00000002     --HOLE-- [fill = 0]
                  00423634    00000048     libclang_rt.builtins.a : fixdfsi.S.obj (.text.__fixdfsi)
                  0042367c    00000048     hello_world.o (.text.hello_world_main)
                  004236c4    00000048     freertos.xwrL64xx.m4f.ti-arm-clang.release.lib : boot_armv7m.obj (.text:_c_int00)
                  0042370c    00000046     drivers.xwrL64xx.m4f.ti-arm-clang.release.lib : edma.obj (.text.EDMA_getBaseAddr)
                  00423752    00000046     freertos.xwrL64xx.m4f.ti-arm-clang.release.lib : queue.obj (.text.vQueueWaitForMessageRestricted)
                  00423798    00000044     libsysbm.a : hostunlink.c.obj (.text.HOSTunlink)
                  004237dc    00000044     libclang_rt.builtins.a : fixunsdfsi.S.obj (.text.__fixunsdfsi)
                  00423820    00000040     libc.a : fopen.c.obj (.text._search_fp)
                  00423860    00000040     freertos.xwrL64xx.m4f.ti-arm-clang.release.lib : timers.obj (.text.prvInsertTimerInActiveList)
                  004238a0    0000003e     drivers.xwrL64xx.m4f.ti-arm-clang.release.lib : edma.obj (.text.EDMAMapChToEvtQ)
                  004238de    00000002     --HOLE-- [fill = 0]
                  004238e0    0000003e                                                   : edma.obj (.text.EDMASetPaRAM)
                  0042391e    0000003e     freertos.xwrL64xx.m4f.ti-arm-clang.release.lib : port.obj (.text.vPortTimerTickHandler)
                  0042395c    0000003c     libsysbm.a : hostclose.c.obj (.text.HOSTclose)
                  00423998    0000003c     where_fp.o (.text.where_zeros_inplace_bit)
                  004239d4    0000003c     freertos.xwrL64xx.m4f.ti-arm-clang.release.lib : tasks.obj (.text.xTaskCreateStatic)
                  00423a10    0000003a                                                    : DebugP_uartLogWriter.obj (.text.DebugP_uartLogWriterPutChar)
                  00423a4a    0000003a     ti_drivers_config.o (.text.System_init)
                  00423a84    0000003a     freertos.xwrL64xx.m4f.ti-arm-clang.release.lib : list.obj (.text.vListInsert)
                  00423abe    00000038     ti_drivers_config.o (.text.Drivers_uartInit)
                  00423af6    00000002     --HOLE-- [fill = 0]
                  00423af8    00000038     ti_power_clock_config.o (.text.Module_clockSetFrequency)
                  00423b30    00000038     drivers.xwrL64xx.m4f.ti-arm-clang.release.lib : soc_rcm.obj (.text.SOC_rcmEnableADPLLClock)
                  00423b68    00000038     libclang_rt.builtins.a : extendsfdf2.S.obj (.text.__extendsfdf2)
                  00423ba0    00000038     libc.a : sprintf.c.obj (.text.sprintf)
                  00423bd8    00000038            : autoinit.c.obj (.text:__TI_auto_init_nobinit_nopinit)
                  00423c10    00000036     drivers.xwrL64xx.m4f.ti-arm-clang.release.lib : pinmux.obj (.text.Pinmux_config)
                  00423c46    00000002     --HOLE-- [fill = 0]
                  00423c48    00000036     nll_loss_fp.o (.text.nll_loss)
                  00423c7e    00000002     --HOLE-- [fill = 0]
                  00423c80    00000034     libc.a : fopen.c.obj (.text.__TI_cleanup)
                  00423cb4    00000034     libsysbm.a : trgmsg.c.obj (.text.__TI_writemsg)
                  00423ce8    00000034     freertos.xwrL64xx.m4f.ti-arm-clang.release.lib : queue.obj (.text.vQueueDelete)
                  00423d1c    00000032     drivers.xwrL64xx.m4f.ti-arm-clang.release.lib : edma.obj (.text.EDMA_getHandle)
                  00423d4e    00000002     --HOLE-- [fill = 0]
                  00423d50    00000032     ti_power_clock_config.o (.text.Module_clockEnable)
                  00423d82    00000032     freertos.xwrL64xx.m4f.ti-arm-clang.release.lib : queue.obj (.text.xQueueCreateMutexStatic)
                  00423db4    00000030     libsysbm.a : trgmsg.c.obj (.text.__TI_readmsg)
                  00423de4    00000030     libclang_rt.builtins.a : comparedf2.c.obj (.text.__unorddf2)
                  00423e14    00000030     libc.a : exit.c.obj (.text.exit)
                  00423e44    00000030            : fopen.c.obj (.text.fopen)
                  00423e74    00000030     freertos.xwrL64xx.m4f.ti-arm-clang.release.lib : port.obj (.text.prvPortStartFirstTask)
                  00423ea4    00000030     tte_exp_fp.o (.text.tte_exp)
                  00423ed4    0000002e     freertos.xwrL64xx.m4f.ti-arm-clang.release.lib : ClockP_freertos.obj (.text.ClockP_timerTickIsr)
                  00423f02    0000002e     drivers.xwrL64xx.m4f.ti-arm-clang.release.lib : edma.obj (.text.EDMAEnableChInShadowRegRegion)
                  00423f30    0000002e     libclang_rt.builtins.a : floatsidf.S.obj (.text.__floatsidf)
                  00423f5e    0000002c     ti_drivers_open_close.o (.text.Drivers_close)
                  00423f8a    00000002     --HOLE-- [fill = 0]
                  00423f8c    0000002c     drivers.xwrL64xx.m4f.ti-arm-clang.release.lib : soc_rcm.obj (.text.SOC_rcmSetM4ClockSrc)
                  00423fb8    0000002c                                                   : uart_sci.obj (.text.UART_getHandle)
                  00423fe4    0000002c     libc.a : fclose.c.obj (.text.fclose)
                  00424010    0000002c            : getdevice.c.obj (.text.finddevice)
                  0042403c    0000002c     libsysbm.a : lseek.c.obj (.text.lseek)
                  00424068    0000002c                : read.c.obj (.text.read)
                  00424094    0000002c                : unlink.c.obj (.text.unlink)
                  004240c0    0000002c                : write.c.obj (.text.write)
                  004240ec    0000002a     freertos.xwrL64xx.m4f.ti-arm-clang.release.lib : power_xwrLx4xx_freertos.obj (.text.vPortSuppressTicksAndSleep)
                  00424116    0000002a                                                    : tasks.obj (.text.vTaskPlaceOnEventListRestricted)
                  00424140    0000002a                                                    : queue.obj (.text.xQueueGiveMutexRecursive)
                  0042416a    00000002     --HOLE-- [fill = 0]
                  0042416c    00000028     libc.a : memory.c.obj (.text.free_list_insert)
                  00424194    00000028     freertos.xwrL64xx.m4f.ti-arm-clang.release.lib : port.obj (.text.pxPortInitialiseStack)
                  004241bc    00000028                                                    : queue.obj (.text.vQueueAddToRegistry)
                  004241e4    00000028                                                    : queue.obj (.text.xQueueTakeMutexRecursive)
                  0042420c    00000024     ti_dpl_config.o (.text.Dpl_init)
                  00424230    00000024     drivers.xwrL64xx.m4f.ti-arm-clang.release.lib : edma.obj (.text.EDMAReadIntrStatusRegion)
                  00424254    00000024     freertos.xwrL64xx.m4f.ti-arm-clang.release.lib : list.obj (.text.uxListRemove)
                  00424278    00000008     drivers.xwrL64xx.m4f.ti-arm-clang.release.lib : edma.obj (.text.EDMA_allocDmaChannel)
                  00424280    00000024     freertos.xwrL64xx.m4f.ti-arm-clang.release.lib : port.obj (.text.vPortSVCHandler)
                  004242a4    00000024                                                    : printf.obj (.text.vprintf_)
                  004242c8    00000024                                                    : queue.obj (.text.xQueueGenericCreateStatic)
                  004242ec    00000024                                                    : tasks.obj (.text.xTaskGetSchedulerState)
                  00424310    00000022     drivers.xwrL64xx.m4f.ti-arm-clang.release.lib : soc.obj (.text.SOC_controlModuleUnlockMMR)
                  00424332    00000002     --HOLE-- [fill = 0]
                  00424334    00000022     freertos.xwrL64xx.m4f.ti-arm-clang.release.lib : port.obj (.text.prvTaskExitError)
                  00424356    00000020                                                    : DebugP_log.obj (.text.DebugP_logZoneEnable)
                  00424376    00000002     --HOLE-- [fill = 0]
                  00424378    00000020     libclang_rt.builtins.a : floatunsidf.S.obj (.text.__floatunsidf)
                  00424398    00000020     freertos.xwrL64xx.m4f.ti-arm-clang.release.lib : tasks.obj (.text.prvDeleteTCB)
                  004243b8    00000020                                                    : port.obj (.text.vPortEnterCritical)
                  004243d8    00000020                                                    : tasks.obj (.text.vTaskPlaceOnEventList)
                  004243f8    0000001e     drivers.xwrL64xx.m4f.ti-arm-clang.release.lib : edma.obj (.text.EDMAClrIntrRegion)
                  00424416    00000002     --HOLE-- [fill = 0]
                  00424418    0000001e     freertos.xwrL64xx.m4f.ti-arm-clang.release.lib : DebugP_log.obj (.text._DebugP_assertNoLog)
                  00424436    0000001e     libc.a : memccpy.c.obj (.text.memccpy)
                  00424454    0000001c            : memory.c.obj (.text.free_list_remove)
                  00424470    0000001c     mul_fp.o (.text.mul)
                  0042448c    0000001c     sub_fp.o (.text.sub)
                  004244a8    0000001c     freertos.xwrL64xx.m4f.ti-arm-clang.release.lib : port.obj (.text.vApplicationGetIdleTaskMemory)
                  004244c4    0000001c                                                    : port.obj (.text.vApplicationGetTimerTaskMemory)
                  004244e0    0000001c                                                    : list.obj (.text.vListInsertEnd)
                  004244fc    0000001a                                                    : SysTickTimerP.obj (.text.SysTickTimerP_Params_init)
                  00424516    0000001a                                                    : boot_armv7m.obj (.text.stack_init)
                  00424530    0000001a                                                    : port.obj (.text.vPortExitCritical)
                  0042454a    0000001a                                                    : heap_3.obj (.text.vPortFree)
                  00424564    0000001a                                                    : tasks.obj (.text.vTaskInternalSetTimeOutState)
                  0042457e    00000018                                                    : TaskP_freertos.obj (.text.TaskP_yield)
                  00424596    00000018     libc.a : sprintf.c.obj (.text._outs)
                  004245ae    00000018     freertos.xwrL64xx.m4f.ti-arm-clang.release.lib : tasks.obj (.text.pvTaskIncrementMutexHeldCount)
                  004245c6    00000016                                                    : HwiP_armv7m.obj (.text.HwiP_inISR)
                  004245dc    00000016     drivers.xwrL64xx.m4f.ti-arm-clang.release.lib : power_xwrLx4xx.obj (.text.Power_idleFunc)
                  004245f2    00000016                                                   : soc_rcm.obj (.text.SOC_getEfusePgVersion)
                  00424608    00000016     freertos.xwrL64xx.m4f.ti-arm-clang.release.lib : list.obj (.text.vListInitialise)
                  0042461e    00000014                                                    : ClockP_freertos.obj (.text.ClockP_usecToTicks)
                  00424632    00000014     drivers.xwrL64xx.m4f.ti-arm-clang.release.lib : edma.obj (.text.EDMA_getRegionId)
                  00424646    00000014                                                   : soc.obj (.text.SOC_controlModuleLockMMR)
                  0042465a    00000002     --HOLE-- [fill = 0]
                  0042465c    00000014     libclang_rt.builtins.a : aeabi_uldivmod.S.obj (.text.__aeabi_uldivmod)
                  00424670    00000014     genModel.o (.text.arm_q7_to_q15_with_offset)
                  00424684    00000014     freertos.xwrL64xx.m4f.ti-arm-clang.release.lib : port.obj (.text.vPortEnableVFP)
                  00424698    00000012                                                    : SysTickTimerP.obj (.text.SysTickTimerP_start)
                  004246aa    00000012     main.o (.text.freertos_main)
                  004246bc    00000012     ti_dpl_config.o (.text.putchar_)
                  004246ce    00000012     libc.a : memcpy_t2.S.obj (.text:TI_memcpy_small)
                  004246e0    00000010     freertos.xwrL64xx.m4f.ti-arm-clang.release.lib : tasks.obj (.text.vTaskSuspendAll)
                  004246f0    0000000e     ti_drivers_open_close.o (.text.Drivers_open)
                  004246fe    0000000e     drivers.xwrL64xx.m4f.ti-arm-clang.release.lib : edma.obj (.text.EDMACCPaRAMEntry_init)
                  0042470c    0000000e     ti_pinmux_config.o (.text.Pinmux_init)
                  0042471a    0000000e     ti_power_clock_config.o (.text.PowerClock_init)
                  00424728    0000000e     freertos.xwrL64xx.m4f.ti-arm-clang.release.lib : SysTickTimerP.obj (.text.SysTickTimerP_getCount)
                  00424736    0000000e                                                    : SysTickTimerP.obj (.text.SysTickTimerP_getReloadCount)
                  00424744    0000000e     genModel.o (.text.getInput)
                  00424752    0000000e     genModel.o (.text.getOutput)
                  00424760    0000000e     genModel.o (.text.get_blr)
                  0042476e    0000000e     genModel.o (.text.get_loss)
                  0042477c    0000000e     genModel.o (.text.get_lr)
                  0042478a    0000000e     genModel.o (.text.set_blr)
                  00424798    0000000e     genModel.o (.text.set_lr)
                  004247a6    0000000e     libsysbm.a : hostrename.c.obj (.text.strcpy)
                  004247b4    0000000e     libc.a : _printfi.c.obj (.text.strlen)
                  004247c2    0000000e     libsysbm.a : hostrename.c.obj (.text.strlen)
                  004247d0    0000000e     freertos.xwrL64xx.m4f.ti-arm-clang.release.lib : tasks.obj (.text.vTaskMissedYield)
                  004247de    0000000e     libc.a : memset_t2.S.obj (.text:TI_memset_small)
                  004247ec    0000000c            : e_exp.c.obj (.text.OUTLINED_FUNCTION_1)
                  004247f8    0000000c            : e_log.c.obj (.text.OUTLINED_FUNCTION_2)
                  00424804    0000000c            : e_exp.c.obj (.text.OUTLINED_FUNCTION_3)
                  00424810    0000000c            : e_log.c.obj (.text.OUTLINED_FUNCTION_3)
                  0042481c    0000000c            : e_exp.c.obj (.text.OUTLINED_FUNCTION_4)
                  00424828    0000000c            : e_log.c.obj (.text.OUTLINED_FUNCTION_4)
                  00424834    0000000c            : e_exp.c.obj (.text.OUTLINED_FUNCTION_5)
                  00424840    0000000c     drivers.xwrL64xx.m4f.ti-arm-clang.release.lib : soc.obj (.text.SOC_moduleClockEnable)
                  0042484c    0000000c     libc.a : fputc.c.obj (.text.putchar)
                  00424858    0000000c     freertos.xwrL64xx.m4f.ti-arm-clang.release.lib : tasks.obj (.text.xTaskGetCurrentTaskHandle)
                  00424864    0000000c                                                    : tasks.obj (.text.xTaskGetTickCount)
                  00424870    0000000a     libclang_rt.builtins.a : aeabi_memset.S.obj (.text.__aeabi_memset)
                  0042487a    0000000a     freertos.xwrL64xx.m4f.ti-arm-clang.release.lib : printf.obj (.text._out_char)
                  00424884    0000000a     libc.a : sprintf.c.obj (.text._outc)
                  0042488e    00000008     drivers.xwrL64xx.m4f.ti-arm-clang.release.lib : edma.obj (.text.EDMA_allocParam)
                  00424896    00000008                                                   : edma.obj (.text.EDMA_allocTcc)
                  0042489e    00000008                                                   : edma.obj (.text.EDMA_freeDmaChannel)
                  004248a6    00000008                                                   : edma.obj (.text.EDMA_freeParam)
                  004248ae    00000008                                                   : edma.obj (.text.EDMA_freeTcc)
                  004248b6    00000008     libc.a : e_exp.c.obj (.text.OUTLINED_FUNCTION_0)
                  004248be    00000008            : e_log.c.obj (.text.OUTLINED_FUNCTION_0)
                  004248c6    00000008            : e_log.c.obj (.text.OUTLINED_FUNCTION_1)
                  004248ce    00000008            : e_exp.c.obj (.text.OUTLINED_FUNCTION_2)
                  004248d6    00000002     --HOLE-- [fill = 0]
                  004248d8    00000008            : aeabi_portable.c.obj (.text.__aeabi_errno_addr)
                  004248e0    00000008     libclang_rt.builtins.a : aeabi_memset.S.obj (.text.__aeabi_memclr)
                  004248e8    00000008     libc.a : memory.c.obj (.text.malloc)
                  004248f0    00000006     drivers.xwrL64xx.m4f.ti-arm-clang.release.lib : edma.obj (.text.EDMA_isInterruptEnabled)
                  004248f6    00000006     freertos.xwrL64xx.m4f.ti-arm-clang.release.lib : SemaphoreP_freertos.obj (.text.SemaphoreP_destruct)
                  004248fc    00000006                                                    : list.obj (.text.vListInitialiseItem)
                  00424902    00000004                                                    : ClockP_freertos.obj (.text.ClockP_getTicks)
                  00424906    00000004                                                    : ClockP_freertos_m4.obj (.text.ClockP_getTimerCount)
                  0042490a    00000004     drivers.xwrL64xx.m4f.ti-arm-clang.release.lib : soc.obj (.text.SOC_moduleSetClockFrequency)
                  0042490e    00000002     --HOLE-- [fill = 0]
                  00424910    00000004     libclang_rt.builtins.a : aeabi_memcpy.S.obj (.text.__aeabi_memcpy)
                  00424914    00000004     libc.a : printf.c.obj (.text._outc)
                  00424918    00000004            : printf.c.obj (.text._outs)
                  0042491c    00000004     ti_dpl_config.o (.text.boot)
                  00424920    00000004     libc.a : fseek.c.obj (.text.fseek)
                  00424924    00000004     libsysbm.a : remove.c.obj (.text.remove)
                  00424928    00000004     libc.a : exit.c.obj (.text:abort)

.rodata    0    00424930    00007253     
                  00424930    00004800     genModel.o (.rodata.weight2)
                  00429130    00001200     genModel.o (.rodata.weight1)
                  0042a330    00000480     genModel.o (.rodata.weight0)
                  0042a7b0    00000100     genModel.o (.rodata..L__const.invoke.v2_bias_QAS)
                  0042a8b0    00000100     genModel.o (.rodata.multiplier2)
                  0042a9b0    00000100     genModel.o (.rodata.scales2)
                  0042aab0    00000100     genModel.o (.rodata.shift2)
                  0042abb0    00000080     genModel.o (.rodata.bias1)
                  0042ac30    00000080     genModel.o (.rodata.multiplier1)
                  0042acb0    00000080     genModel.o (.rodata.shift1)
                  0042ad30    0000005c     freertos.xwrL64xx.m4f.ti-arm-clang.release.lib : ClockP_freertos_m4.obj (.rodata.str1.93527999352055272301)
                  0042ad8c    00000055     hello_world.o (.rodata.str1.20585122125686657991)
                  0042ade1    00000006     drivers.xwrL64xx.m4f.ti-arm-clang.release.lib : edma.obj (.rodata.str1.88401663264709294401)
                  0042ade7    00000001     --HOLE-- [fill = 0]
                  0042ade8    00000050     freertos.xwrL64xx.m4f.ti-arm-clang.release.lib : printf.obj (.rodata._ftoa.pow10)
                  0042ae38    00000047     hello_world.o (.rodata.str1.103504813823346503771)
                  0042ae7f    00000047     hello_world.o (.rodata.str1.82757462615248015461)
                  0042aec6    00000046     hello_world.o (.rodata.str1.81250187455147938771)
                  0042af0c    00000042     hello_world.o (.rodata.str1.179320309643672740821)
                  0042af4e    00000002     --HOLE-- [fill = 0]
                  0042af50    00000040     genModel.o (.rodata.bias0)
                  0042af90    00000040     genModel.o (.rodata.multiplier0)
                  0042afd0    00000040     genModel.o (.rodata.shift0)
                  0042b010    00000040     hello_world.o (.rodata.str1.18007408092678301801)
                  0042b050    0000003f     hello_world.o (.rodata.str1.119127603560149154631)
                  0042b08f    0000003b     hello_world.o (.rodata.str1.158344049556689887351)
                  0042b0ca    0000003a     hello_world.o (.rodata.str1.181019294198627506521)
                  0042b104    0000003a     hello_world.o (.rodata.str1.74047310685665877101)
                  0042b13e    00000039     hello_world.o (.rodata.str1.25688525312846087431)
                  0042b177    00000039     hello_world.o (.rodata.str1.42296407429723474581)
                  0042b1b0    00000037     freertos.xwrL64xx.m4f.ti-arm-clang.release.lib : SemaphoreP_freertos.obj (.rodata.str1.101306302737560956511)
                  0042b1e7    00000037     hello_world.o (.rodata.str1.170832820356405761251)
                  0042b21e    00000037     hello_world.o (.rodata.str1.84711242895465672661)
                  0042b255    00000035     ti_drivers_open_close.o (.rodata.str1.180798386837276072261)
                  0042b28a    00000035     ti_drivers_open_close.o (.rodata.str1.93079820704098108021)
                  0042b2bf    00000034     hello_world.o (.rodata.str1.151856856403788643131)
                  0042b2f3    00000034     hello_world.o (.rodata.str1.166648823923059614861)
                  0042b327    00000031     genModel.o (.rodata.str1.81928478985822066431)
                  0042b358    00000030     libc.a : e_exp.c.obj (.rodata.cst16)
                  0042b388    0000002c     hello_world.o (.rodata.str1.165706794901297547461)
                  0042b3b4    0000002c     hello_world.o (.rodata.str1.5421985940212865311)
                  0042b3e0    0000002b     hello_world.o (.rodata.str1.55535639888789782051)
                  0042b40b    0000002a     freertos.xwrL64xx.m4f.ti-arm-clang.release.lib : DebugP_log.obj (.rodata.str1.83863751503234361091)
                  0042b435    00000029     hello_world.o (.rodata.str1.174545686674405159541)
                  0042b45e    00000029     genModel.o (.rodata.str1.56715765453371809531)
                  0042b487    00000001     --HOLE-- [fill = 0]
                  0042b488    00000028     genModel.o (.rodata..L__const.invoke.v4_weight_QAS)
                  0042b4b0    00000028     genModel.o (.rodata.scales3)
                  0042b4d8    00000028     freertos.xwrL64xx.m4f.ti-arm-clang.release.lib : SysTickTimerP.obj (.rodata.str1.132229217866366624301)
                  0042b500    00000026                                                    : ClockP_freertos_m4.obj (.rodata.str1.155599933748343169311)
                  0042b526    00000026     hello_world.o (.rodata.str1.83550760578342186821)
                  0042b54c    00000024     drivers.xwrL64xx.m4f.ti-arm-clang.release.lib : edma.obj (.rodata.str1.76418684701105564031)
                  0042b570    00000023     hello_world.o (.rodata.str1.172309555390422784881)
                  0042b593    00000022     freertos.xwrL64xx.m4f.ti-arm-clang.release.lib : ClockP_freertos_m4.obj (.rodata.str1.28494904843492979541)
                  0042b5b5    00000021                                                    : SemaphoreP_freertos.obj (.rodata.str1.58153449447620416071)
                  0042b5d6    00000021                                                    : SysTickTimerP.obj (.rodata.str1.88473769475384572821)
                  0042b5f7    00000001     --HOLE-- [fill = 0]
                  0042b5f8    00000020     drivers.xwrL64xx.m4f.ti-arm-clang.release.lib : soc_rcm.obj (.rodata.cst16)
                  0042b618    00000020     freertos.xwrL64xx.m4f.ti-arm-clang.release.lib : ClockP_freertos_m4.obj (.rodata.str1.175475718105184423191)
                  0042b638    0000001e                                                    : ClockP_freertos_m4.obj (.rodata.str1.95418503957988924921)
                  0042b656    0000001c                                                    : ClockP_freertos_m4.obj (.rodata.str1.137153928244774444421)
                  0042b672    0000001c     drivers.xwrL64xx.m4f.ti-arm-clang.release.lib : soc_rcm.obj (.rodata.str1.56477286324532805231)
                  0042b68e    0000001b     freertos.xwrL64xx.m4f.ti-arm-clang.release.lib : SysTickTimerP.obj (.rodata.str1.49371646234269088851)
                  0042b6a9    0000001b                                                    : SemaphoreP_freertos.obj (.rodata.str1.54880761511891225261)
                  0042b6c4    0000001a     drivers.xwrL64xx.m4f.ti-arm-clang.release.lib : edma.obj (.rodata.str1.100996213821086933721)
                  0042b6de    0000001a     freertos.xwrL64xx.m4f.ti-arm-clang.release.lib : SemaphoreP_freertos.obj (.rodata.str1.113239132686834773161)
                  0042b6f8    0000001a     drivers.xwrL64xx.m4f.ti-arm-clang.release.lib : soc_rcm.obj (.rodata.str1.13846211276285849311)
                  0042b712    0000001a     genModel.o (.rodata.str1.4800453249716621501)
                  0042b72c    0000001a     drivers.xwrL64xx.m4f.ti-arm-clang.release.lib : soc_rcm.obj (.rodata.str1.52576848066905547631)
                  0042b746    0000001a                                                   : soc_rcm.obj (.rodata.str1.73573858413138203341)
                  0042b760    00000019                                                   : soc_rcm.obj (.rodata.str1.164767278446434951321)
                  0042b779    00000019                                                   : uart_sci_edma.obj (.rodata.str1.1694563462317297321)
                  0042b792    00000019                                                   : uart_sci.obj (.rodata.str1.55013173113347637961)
                  0042b7ab    00000019     freertos.xwrL64xx.m4f.ti-arm-clang.release.lib : SysTickTimerP.obj (.rodata.str1.61321094930033951131)
                  0042b7c4    00000019     drivers.xwrL64xx.m4f.ti-arm-clang.release.lib : uart_sci.obj (.rodata.str1.87895611013758742281)
                  0042b7dd    00000003     hello_world.o (.rodata.str1.117029199937683275951)
                  0042b7e0    00000018     libc.a : e_expf.c.obj (.rodata.cst8)
                  0042b7f8    00000018     drivers.xwrL64xx.m4f.ti-arm-clang.release.lib : uart_sci.obj (.rodata.str1.120312415395384906381)
                  0042b810    00000018     hello_world.o (.rodata.str1.120474717173341062811)
                  0042b828    00000018     hello_world.o (.rodata.str1.180004153808345570311)
                  0042b840    00000018     drivers.xwrL64xx.m4f.ti-arm-clang.release.lib : uart_sci_edma.obj (.rodata.str1.96300436347963894471)
                  0042b858    00000017                                                   : edma.obj (.rodata.str1.124854076466481638881)
                  0042b86f    00000017                                                   : uart_sci.obj (.rodata.str1.165585763696907955751)
                  0042b886    00000017                                                   : soc_rcm.obj (.rodata.str1.85053832093120688671)
                  0042b89d    00000016                                                   : edma.obj (.rodata.str1.168695502010531622391)
                  0042b8b3    00000016                                                   : uart_sci.obj (.rodata.str1.85700947625728835951)
                  0042b8c9    00000015                                                   : uart_sci.obj (.rodata.str1.30326902893263927811)
                  0042b8de    00000015     hello_world.o (.rodata.str1.3046593138332634221)
                  0042b8f3    00000014     drivers.xwrL64xx.m4f.ti-arm-clang.release.lib : uart_sci.obj (.rodata.str1.121623592925719072031)
                  0042b907    00000014                                                   : uart_sci.obj (.rodata.str1.156252650444771372741)
                  0042b91b    00000014     freertos.xwrL64xx.m4f.ti-arm-clang.release.lib : SysTickTimerP.obj (.rodata.str1.92242029949279274251)
                  0042b92f    00000013     drivers.xwrL64xx.m4f.ti-arm-clang.release.lib : edma.obj (.rodata.str1.161616063420144653881)
                  0042b942    00000013                                                   : uart_sci.obj (.rodata.str1.165533286247086816691)
                  0042b955    00000013                                                   : uart_sci.obj (.rodata.str1.69545364057784193721)
                  0042b968    00000012                                                   : edma.obj (.rodata.str1.108028640702030349071)
                  0042b97a    00000012                                                   : uart_sci_edma.obj (.rodata.str1.160953260642837941861)
                  0042b98c    00000012                                                   : edma.obj (.rodata.str1.168183851025455507691)
                  0042b99e    00000012                                                   : uart_sci.obj (.rodata.str1.178001865525784930881)
                  0042b9b0    00000012                                                   : uart_sci_edma.obj (.rodata.str1.26883157310831064051)
                  0042b9c2    00000011                                                   : edma.obj (.rodata.str1.106738448986847799941)
                  0042b9d3    00000011     libc.a : _printfi.c.obj (.rodata.str1.44690500295887128011)
                  0042b9e4    00000011     drivers.xwrL64xx.m4f.ti-arm-clang.release.lib : uart_sci.obj (.rodata.str1.45363221463256978381)
                  0042b9f5    00000011     ti_drivers_open_close.o (.rodata.str1.67188952531549399371)
                  0042ba06    00000011     freertos.xwrL64xx.m4f.ti-arm-clang.release.lib : SemaphoreP_freertos.obj (.rodata.str1.7963420168829568641)
                  0042ba17    00000011     ti_drivers_open_close.o (.rodata.str1.89966530938494420691)
                  0042ba28    00000010     drivers.xwrL64xx.m4f.ti-arm-clang.release.lib : soc_rcm.obj (.rodata.cst8)
                  0042ba38    00000010                                                   : soc_rcm.obj (.rodata.str1.1771380296078173761)
                  0042ba48    0000000f                                                   : uart_sci_edma.obj (.rodata.str1.111748486407635674111)
                  0042ba57    0000000f                                                   : edma.obj (.rodata.str1.146140478628064919631)
                  0042ba66    0000000f                                                   : edma.obj (.rodata.str1.161917553004410528641)
                  0042ba75    0000000f                                                   : uart_sci.obj (.rodata.str1.58838004102269809421)
                  0042ba84    0000000f                                                   : edma.obj (.rodata.str1.7213619448781788421)
                  0042ba93    0000000e                                                   : uart_sci.obj (.rodata.str1.103833506493370671461)
                  0042baa1    0000000e     main.o (.rodata.str1.176328792963337784071)
                  0042baaf    0000000e     drivers.xwrL64xx.m4f.ti-arm-clang.release.lib : edma.obj (.rodata.str1.71946734960229262581)
                  0042babd    0000000d                                                   : edma.obj (.rodata.str1.20711589974906254701)
                  0042baca    0000000c                                                   : soc_rcm.obj (.rodata.gSocRcmSpiClkSrcValMap)
                  0042bad6    0000000c     freertos.xwrL64xx.m4f.ti-arm-clang.release.lib : ClockP_freertos_m4.obj (.rodata.str1.12099769221571131241)
                  0042bae2    0000000c                                                    : SemaphoreP_freertos.obj (.rodata.str1.58303800943864521271)
                  0042baee    0000000b     drivers.xwrL64xx.m4f.ti-arm-clang.release.lib : uart_sci.obj (.rodata.str1.132042644373295978941)
                  0042baf9    0000000b                                                   : uart_sci.obj (.rodata.str1.174583129905367634191)
                  0042bb04    0000000b                                                   : edma.obj (.rodata.str1.76990244014968518721)
                  0042bb0f    00000001     --HOLE-- [fill = 0]
                  0042bb10    0000000a                                                   : soc_rcm.obj (.rodata.gSocRcmWdtClkSrcValMap)
                  0042bb1a    0000000a                                                   : uart_sci.obj (.rodata.str1.124552654841916713531)
                  0042bb24    0000000a                                                   : edma.obj (.rodata.str1.138945604539585827651)
                  0042bb2e    0000000a                                                   : edma.obj (.rodata.str1.155011958078798190681)
                  0042bb38    0000000a                                                   : uart_sci.obj (.rodata.str1.170731718426455550511)
                  0042bb42    00000009     hello_world.o (.rodata.str1.130717748388326174311)
                  0042bb4b    00000008     freertos.xwrL64xx.m4f.ti-arm-clang.release.lib : timers.obj (.rodata.str1.48907828374953663071)
                  0042bb53    00000005                                                    : printf.obj (.rodata.str1.119016125874353717991)
                  0042bb58    00000005                                                    : timers.obj (.rodata.str1.171292879472474763341)
                  0042bb5d    00000005                                                    : printf.obj (.rodata.str1.23819535256173504321)
                  0042bb62    00000005     hello_world.o (.rodata.str1.52665754074894678161)
                  0042bb67    00000005     freertos.xwrL64xx.m4f.ti-arm-clang.release.lib : tasks.obj (.rodata.str1.82129946285546181581)
                  0042bb6c    00000004                                                    : printf.obj (.rodata.str1.127360175834607756121)
                  0042bb70    00000004                                                    : printf.obj (.rodata.str1.129146086478572783701)
                  0042bb74    00000004     hello_world.o (.rodata.str1.69193635960722488131)
                  0042bb78    00000004     genModel.o (.rodata.str1.77523523799365153651)
                  0042bb7c    00000004     freertos.xwrL64xx.m4f.ti-arm-clang.release.lib : tasks.obj (.rodata.uxTopUsedPriority)
                  0042bb80    00000003     hello_world.o (.rodata.str1.137090005688127341331)

.data      0    0042bb88    00001001     
                  0042bb88    00000a00     genModel.o (.data.weight3)
                  0042c588    00000100     genModel.o (.data.bias2)
                  0042c688    000000f0     libc.a : defs.c.obj (.data._ftable)
                  0042c778    000000c8     drivers.xwrL64xx.m4f.ti-arm-clang.release.lib : power_xwrLx4xx.obj (.data.Power_module)
                  0042c840    00000078     libsysbm.a : host_device.c.obj (.data._device)
                  0042c8b8    00000064     drivers.xwrL64xx.m4f.ti-arm-clang.release.lib : uart_sci.obj (.data.gUartDrvObj)
                  0042c91c    00000050     libsysbm.a : host_device.c.obj (.data._stream)
                  0042c96c    00000050     ti_drivers_config.o (.data.gEdmaAttrs)
                  0042c9bc    00000038     ti_drivers_open_close.o (.data.gUartParams)
                  0042c9f4    00000030     ti_dpl_config.o (.data.gMpuRegionConfig)
                  0042ca24    00000028     genModel.o (.data.bias3)
                  0042ca4c    00000028     hello_world.o (.data.labels)
                  0042ca74    00000018     ti_pinmux_config.o (.data.gPinMuxMainDomainCfg)
                  0042ca8c    00000018     ti_power_clock_config.o (.data.gSocModulesClockFrequency)
                  0042caa4    00000014     ti_dpl_config.o (.data.gClockConfig)
                  0042cab8    0000000c     freertos.xwrL64xx.m4f.ti-arm-clang.release.lib : AddrTranslateP.obj (.data.gAddrTranslateConfig)
                  0042cac4    0000000c     ti_dpl_config.o (.data.gMpuConfig)
                  0042cad0    0000000c     ti_power_clock_config.o (.data.gSocModules)
                  0042cadc    00000008     libc.a : exit.c.obj (.data..L_MergedGlobals)
                  0042cae4    00000008     ti_drivers_config.o (.data.gEdmaConfig)
                  0042caec    00000008     ti_drivers_config.o (.data.gUartAttrs)
                  0042caf4    00000008     ti_drivers_config.o (.data.gUartConfig)
                  0042cafc    00000004     freertos.xwrL64xx.m4f.ti-arm-clang.release.lib : tasks.obj (.data.FreeRTOS_errno)
                  0042cb00    00000004     libc.a : defs.c.obj (.data.__TI_ft_end)
                  0042cb04    00000004            : aeabi_portable.c.obj (.data.__aeabi_errno)
                  0042cb08    00000004            : _lock.c.obj (.data._lock)
                  0042cb0c    00000004            : _lock.c.obj (.data._unlock)
                  0042cb10    00000004     genModel.o (.data.blr)
                  0042cb14    00000004     freertos.xwrL64xx.m4f.ti-arm-clang.release.lib : DebugP_log.obj (.data.gDebugLogZone)
                  0042cb18    00000004                                                    : DebugP_uartLogWriter.obj (.data.gDebugP_uartDrvIndex)
                  0042cb1c    00000004     ti_drivers_config.o (.data.gEdmaConfigNum)
                  0042cb20    00000004     ti_drivers_open_close.o (.data.gEdmaParams)
                  0042cb24    00000004     ti_drivers_config.o (.data.gUartConfigNum)
                  0042cb28    00000004     freertos.xwrL64xx.m4f.ti-arm-clang.release.lib : power_xwrLx4xx_freertos.obj (.data.idleTicks)
                  0042cb2c    00000004     genModel.o (.data.loss_val)
                  0042cb30    00000004     genModel.o (.data.lr)
                  0042cb34    00000004     freertos.xwrL64xx.m4f.ti-arm-clang.release.lib : timers.obj (.data.prvSampleTimeNow.xLastTime)
                  0042cb38    00000004                                                    : tasks.obj (.data.pxCurrentTCB)
                  0042cb3c    00000004                                                    : port.obj (.data.uxCriticalNesting)
                  0042cb40    00000004                                                    : tasks.obj (.data.uxCurrentNumberOfTasks)
                  0042cb44    00000004                                                    : tasks.obj (.data.uxDeletedTasksWaitingCleanUp)
                  0042cb48    00000004                                                    : tasks.obj (.data.uxSchedulerSuspended)
                  0042cb4c    00000004                                                    : tasks.obj (.data.uxTaskNumber)
                  0042cb50    00000004                                                    : tasks.obj (.data.uxTopReadyPriority)
                  0042cb54    00000004                                                    : tasks.obj (.data.xIdleTaskHandle)
                  0042cb58    00000004                                                    : tasks.obj (.data.xNextTaskUnblockTime)
                  0042cb5c    00000004                                                    : tasks.obj (.data.xNumOfOverflows)
                  0042cb60    00000004                                                    : tasks.obj (.data.xPendedTicks)
                  0042cb64    00000004                                                    : tasks.obj (.data.xSchedulerRunning)
                  0042cb68    00000004                                                    : tasks.obj (.data.xTickCount)
                  0042cb6c    00000004                                                    : timers.obj (.data.xTimerQueue)
                  0042cb70    00000004                                                    : timers.obj (.data.xTimerTaskHandle)
                  0042cb74    00000004                                                    : tasks.obj (.data.xYieldPending)
                  0042cb78    00000001     genModel.o (.data.backup_initialized)
                  0042cb79    00000003     --HOLE-- [fill = 0]
                  0042cb7c    00000001     freertos.xwrL64xx.m4f.ti-arm-clang.release.lib : DebugP_freertos.obj (.data.gDebugLogIsInitDone)
                  0042cb7d    00000003     --HOLE-- [fill = 0]
                  0042cb80    00000001     libc.a : memory.c.obj (.data.memory_is_initialized)
                  0042cb81    00000003     --HOLE-- [fill = 0]
                  0042cb84    00000001     libsysbm.a : open.c.obj (.data.open.stream_init)
                  0042cb85    00000003     --HOLE-- [fill = 0]
                  0042cb88    00000001     freertos.xwrL64xx.m4f.ti-arm-clang.release.lib : port.obj (.data.ulPortSchedularRunning)

MODULE SUMMARY

       Module                              code    ro data   rw data
       ------                              ----    -------   -------
    .\
       hello_world.o                       1932    1331      25640  
       main.o                              108     14        16512  
    +--+-----------------------------------+-------+---------+---------+
       Total:                              2040    1345      42152  
                                                                    
    .\TinyEngine\codegen\Source\
       genModel.o                          2976    25992     57709  
    +--+-----------------------------------+-------+---------+---------+
       Total:                              2976    25992     57709  
                                                                    
    .\TinyEngine\src\kernels\fp_backward_op\
       group_pointwise_conv_fp.o           1264    0         0      
       sum_4D_exclude_fp.o                 556     0         0      
       sum_3D_fp.o                         312     0         0      
       log_softmax_fp.o                    288     0         0      
       where_fp.o                          60      0         0      
       nll_loss_fp.o                       54      0         0      
       tte_exp_fp.o                        48      0         0      
       mul_fp.o                            28      0         0      
       sub_fp.o                            28      0         0      
    +--+-----------------------------------+-------+---------+---------+
       Total:                              2638    0         0      
                                                                    
    .\TinyEngine\src\kernels\fp_requantize_op\
       mat_mul_kernels_fpreq.o             728     0         0      
       convolve_1x1_s8_fpreq_mask.o        656     0         0      
    +--+-----------------------------------+-------+---------+---------+
       Total:                              1384    0         0      
                                                                    
    .\TinyEngine\src\kernels\int_forward_op\
       arm_convolve_s8_4col.o              778     0         0      
       maxpooling.o                        210     0         0      
    +--+-----------------------------------+-------+---------+---------+
       Total:                              988     0         0      
                                                                    
    .\syscfg\
       ti_drivers_config.o                 114     0         740    
       ti_drivers_open_close.o             210     140       68     
       ti_power_clock_config.o             120     0         36     
       ti_dpl_config.o                     58      0         80     
       ti_pinmux_config.o                  14      0         24     
       ti_board_open_close.o               6       0         0      
       ti_board_config.o                   2       0         0      
    +--+-----------------------------------+-------+---------+---------+
       Total:                              524     140       948    
                                                                    
    C:/ti/MMWAVE_L_SDK_05_05_04_02/source/drivers/lib/drivers.xwrL64xx.m4f.ti-arm-clang.release.lib
       edma.obj                            3126    288       0      
       uart_sci.obj                        2584    324       100    
       soc_rcm.obj                         1628    240       0      
       uart_sci_edma.obj                   878     100       0      
       power_xwrLx4xx.obj                  22      0         200    
       soc.obj                             168     0         0      
       pinmux.obj                          54      0         0      
    +--+-----------------------------------+-------+---------+---------+
       Total:                              8460    952       300    
                                                                    
    C:/ti/MMWAVE_L_SDK_05_05_04_02/source/kernel/freertos/lib/freertos.xwrL64xx.m4f.ti-arm-clang.release.lib
       port.obj                            564     0         5373   
       printf.obj                          4520    98        0      
       tasks.obj                           2906    9         484    
       queue.obj                           1960    0         256    
       HwiP_armv7m.obj                     966     0         640    
       timers.obj                          958     13        388    
       SemaphoreP_freertos.obj             402     170       72     
       ClockP_freertos_m4.obj              310     266       0      
       HwiP_armv7m_handlers_freertos.obj   186     0         320    
       MpuP_armv7m.obj                     458     0         0      
       SysTickTimerP.obj                   260     145       0      
       DebugP_freertos.obj                 118     0         97     
       ClockP_freertos.obj                 146     0         56     
       DebugP_log.obj                      156     42        4      
       list.obj                            150     0         0      
       AddrTranslateP.obj                  106     0         12     
       boot_armv7m.obj                     98      0         0      
       DebugP_uartLogWriter.obj            70      0         4      
       power_xwrLx4xx_freertos.obj         42      0         4      
       heap_3.obj                          26      0         0      
       TaskP_freertos.obj                  24      0         0      
    +--+-----------------------------------+-------+---------+---------+
       Total:                              14426   743       7710   
                                                                    
    C:\ti\ti_cgt_arm_llvm_3.2.2.LTS\lib\armv7em-ti-none-eabihf/c/libc.a
       e_log.c.obj                         1036    0         0      
       e_exp.c.obj                         956     48        0      
       strcmp_t2.S.obj                     732     0         0      
       memory.c.obj                        712     0         5      
       _printfi.c.obj                      630     17        0      
       e_expf.c.obj                        484     24        0      
       fopen.c.obj                         452     0         0      
       defs.c.obj                          0       0         404    
       fread.c.obj                         244     0         0      
       fputs.c.obj                         240     0         0      
       setvbuf.c.obj                       216     0         0      
       _io_perm.c.obj                      170     0         0      
       fclose.c.obj                        160     0         0      
       s_floorf.c.obj                      156     0         0      
       _bufread.c.obj                      152     0         0      
       fputc.c.obj                         148     0         0      
       getdevice.c.obj                     148     0         0      
       s_roundf.c.obj                      126     0         0      
       fseek.c.obj                         108     0         0      
       printf.c.obj                        104     0         0      
       sprintf.c.obj                       90      0         0      
       fflush.c.obj                        80      0         0      
       exit.c.obj                          52      0         8      
       autoinit.c.obj                      56      0         0      
       memccpy.c.obj                       30      0         0      
       memcpy_t2.S.obj                     18      0         0      
       memset_t2.S.obj                     14      0         0      
       aeabi_portable.c.obj                8       0         4      
       _lock.c.obj                         2       0         8      
    +--+-----------------------------------+-------+---------+---------+
       Total:                              7324    89        429    
                                                                    
    C:\ti\ti_cgt_arm_llvm_3.2.2.LTS\lib\armv7em-ti-none-eabihf/c/libsysbm.a
       trgmsg.c.obj                        100     0         288    
       host_device.c.obj                   0       0         200    
       open.c.obj                          172     0         1      
       hostrename.c.obj                    128     0         0      
       close.c.obj                         96      0         0      
       hostopen.c.obj                      88      0         8      
       hostlseek.c.obj                     88      0         0      
       hostread.c.obj                      84      0         0      
       hostwrite.c.obj                     84      0         0      
       hostunlink.c.obj                    68      0         0      
       hostclose.c.obj                     60      0         0      
       lseek.c.obj                         44      0         0      
       read.c.obj                          44      0         0      
       unlink.c.obj                        44      0         0      
       write.c.obj                         44      0         0      
       remove.c.obj                        4       0         0      
    +--+-----------------------------------+-------+---------+---------+
       Total:                              1148    0         497    
                                                                    
    C:\ti\ti_cgt_arm_llvm_3.2.2.LTS\lib\clang/15.0.7/lib/armv7em-ti-none-eabihf/libclang_rt.builtins.a
       adddf3.S.obj                        438     0         0      
       divdf3.S.obj                        310     0         0      
       comparedf2.c.obj                    268     0         0      
       muldf3.S.obj                        252     0         0      
       udivmoddi4.S.obj                    176     0         0      
       truncdfsf2.S.obj                    110     0         0      
       aeabi_dcmp.S.obj                    98      0         0      
       fixdfsi.S.obj                       72      0         0      
       fixunsdfsi.S.obj                    68      0         0      
       extendsfdf2.S.obj                   56      0         0      
       floatsidf.S.obj                     46      0         0      
       floatunsidf.S.obj                   32      0         0      
       aeabi_uldivmod.S.obj                20      0         0      
       aeabi_memset.S.obj                  18      0         0      
       aeabi_memcpy.S.obj                  4       0         0      
       aeabi_div0.c.obj                    2       0         0      
    +--+-----------------------------------+-------+---------+---------+
       Total:                              1970    0         0      
                                                                    
       Heap:                               0       0         8192   
       Stack:                              0       0         8192   
    +--+-----------------------------------+-------+---------+---------+
       Grand Total:                        43878   29261     126129 


GLOBAL SYMBOLS: SORTED ALPHABETICALLY BY Name 

address   name                                                                      
-------   ----                                                                      
00422afd  AddrTranslateP_getLocalAddr                                               
0041ce83  Board_driversClose                                                        
0041c505  Board_driversOpen                                                         
0041e657  Board_init                                                                
00424928  C$$EXIT                                                                   
00423cdf  C$$IO$$                                                                   
00424903  ClockP_getTicks                                                           
00423505  ClockP_getTimeUsec                                                        
00424907  ClockP_getTimerCount                                                      
0041fc9b  ClockP_init                                                               
0041e823  ClockP_timerClearOverflowInt                                              
00423ed5  ClockP_timerTickIsr                                                       
0042461f  ClockP_usecToTicks                                                        
00424357  DebugP_logZoneEnable                                                      
00423a11  DebugP_uartLogWriterPutChar                                               
00422ea5  DebugP_uartSetDrvIndex                                                    
0042420d  Dpl_init                                                                  
00423f5f  Drivers_close                                                             
00423551  Drivers_edmaOpen                                                          
004246f1  Drivers_open                                                              
00423abf  Drivers_uartInit                                                          
0042359d  Drivers_uartOpen                                                          
004246ff  EDMACCPaRAMEntry_init                                                     
004243f9  EDMAClrIntrRegion                                                         
004227f5  EDMAConfigureChannelRegion                                                
[...]
00422945  __nedf2                                                                   
004229b5  __aeabi_d2f                                                               
004229b5  __truncdfsf2                                                              
00422a91  xPortStartScheduler                                                       
00422afd  AddrTranslateP_getLocalAddr                                               
00422b67  xQueueGenericReset                                                        
00422bd1  xQueueGenericSendFromISR                                                  
00422ca5  fseeko                                                                    
00422d0d  getdevice                                                                 
00422d75  SemaphoreP_pend                                                           
00422ddb  SemaphoreP_post                                                           
00422e41  HOSTrename                                                                
00422ea5  DebugP_uartSetDrvIndex                                                    
00422eb1  xPortPendSVHandler                                                        
00422f15  xTimerCreateTimerTask                                                     
00422f79  __aeabi_dcmpeq                                                            
00422f8d  __aeabi_dcmplt                                                            
00422fa1  __aeabi_dcmple                                                            
00422fb5  __aeabi_dcmpge                                                            
00422fc9  __aeabi_dcmpgt                                                            
00422fdb  __TI_wrt_ok                                                               
0042303d  close                                                                     
0042309d  printf                                                                    
004230fd  _DebugP_assert                                                            
0042315b  xTaskCheckForTimeOut                                                      
004231b7  main                                                                      
00423211  HOSTlseek                                                                 
00423269  HOSTopen                                                                  
004232c1  xQueueGiveFromISR                                                         
00423319  HOSTread                                                                  
0042336d  HOSTwrite                                                                 
004233c1  xTimerGenericCommand                                                      
00423413  SOC_virtToPhy                                                             
00423463  SemaphoreP_constructMutex                                                 
004234b3  __TI_doflush                                                              
00423505  ClockP_getTimeUsec                                                        
00423551  Drivers_edmaOpen                                                          
0042359d  Drivers_uartOpen                                                          
004235e9  __TI_rd_ok                                                                
00423635  __aeabi_d2iz                                                              
00423635  __fixdfsi                                                                 
0042367d  hello_world_main                                                          
004236c5  _c_int00                                                                  
0042370d  EDMA_getBaseAddr                                                          
00423753  vQueueWaitForMessageRestricted                                            
00423799  HOSTunlink                                                                
004237dd  __aeabi_d2uiz                                                             
004237dd  __fixunsdfsi                                                              
004238a1  EDMAMapChToEvtQ                                                           
004238e1  EDMASetPaRAM                                                              
0042391f  vPortTimerTickHandler                                                     
0042395d  HOSTclose                                                                 
00423999  where_zeros_inplace_bit                                                   
004239d5  xTaskCreateStatic                                                         
00423a11  DebugP_uartLogWriterPutChar                                               
00423a4b  System_init                                                               
00423a85  vListInsert                                                               
00423abf  Drivers_uartInit                                                          
00423af9  Module_clockSetFrequency                                                  
00423b31  SOC_rcmEnableADPLLClock                                                   
00423b69  __aeabi_f2d                                                               
00423b69  __extendsfdf2                                                             
00423ba1  sprintf                                                                   
00423bd9  __TI_auto_init_nobinit_nopinit                                            
00423c11  Pinmux_config                                                             
00423c49  nll_loss                                                                  
00423c81  __TI_cleanup                                                              
00423cb5  __TI_writemsg                                                             
00423cdf  C$$IO$$                                                                   
00423ce9  vQueueDelete                                                              
00423d1d  EDMA_getHandle                                                            
00423d51  Module_clockEnable                                                        
00423d83  xQueueCreateMutexStatic                                                   
00423db5  __TI_readmsg                                                              
00423de5  __aeabi_dcmpun                                                            
00423de5  __unorddf2                                                                
00423e15  exit                                                                      
00423e45  fopen                                                                     
00423ea5  tte_exp                                                                   
00423ed5  ClockP_timerTickIsr                                                       
00423f03  EDMAEnableChInShadowRegRegion                                             
00423f31  __aeabi_i2d                                                               
00423f31  __floatsidf                                                               
00423f5f  Drivers_close                                                             
00423f8d  SOC_rcmSetM4ClockSrc                                                      
00423fb9  UART_getHandle                                                            
00423fe5  fclose                                                                    
00424011  finddevice                                                                
0042403d  lseek                                                                     
00424069  read                                                                      
00424095  unlink                                                                    
004240c1  write                                                                     
004240ed  vPortSuppressTicksAndSleep                                                
00424117  vTaskPlaceOnEventListRestricted                                           
00424141  xQueueGiveMutexRecursive                                                  
00424195  pxPortInitialiseStack                                                     
004241bd  vQueueAddToRegistry                                                       
004241e5  xQueueTakeMutexRecursive                                                  
0042420d  Dpl_init                                                                  
00424231  EDMAReadIntrStatusRegion                                                  
00424255  uxListRemove                                                              
00424279  EDMA_allocDmaChannel                                                      
00424281  vPortSVCHandler                                                           
004242a5  vprintf_                                                                  
004242c9  xQueueGenericCreateStatic                                                 
004242ed  xTaskGetSchedulerState                                                    
00424311  SOC_controlModuleUnlockMMR                                                
00424357  DebugP_logZoneEnable                                                      
00424379  __aeabi_ui2d                                                              
00424379  __floatunsidf                                                             
004243b9  vPortEnterCritical                                                        
004243d9  vTaskPlaceOnEventList                                                     
004243f9  EDMAClrIntrRegion                                                         
00424419  _DebugP_assertNoLog                                                       
00424437  memccpy                                                                   
00424471  mul                                                                       
0042448d  sub                                                                       
004244a9  vApplicationGetIdleTaskMemory                                             
004244c5  vApplicationGetTimerTaskMemory                                            
004244e1  vListInsertEnd                                                            
004244fd  SysTickTimerP_Params_init                                                 
00424517  stack_init                                                                
00424531  vPortExitCritical                                                         
0042454b  vPortFree                                                                 
00424565  vTaskInternalSetTimeOutState                                              
0042457f  TaskP_yield                                                               
004245af  pvTaskIncrementMutexHeldCount                                             
004245c7  HwiP_inISR                                                                
004245dd  Power_idleFunc                                                            
004245f3  SOC_getEfusePgVersion                                                     
00424609  vListInitialise                                                           
0042461f  ClockP_usecToTicks                                                        
00424633  EDMA_getRegionId                                                          
00424647  SOC_controlModuleLockMMR                                                  
0042465d  __aeabi_uldivmod                                                          
00424671  arm_q7_to_q15_with_offset                                                 
00424699  SysTickTimerP_start                                                       
004246ab  freertos_main                                                             
004246bd  putchar_                                                                  
004246cf  TI_memcpy_small                                                           
004246e1  vTaskSuspendAll                                                           
004246f1  Drivers_open                                                              
004246ff  EDMACCPaRAMEntry_init                                                     
0042470d  Pinmux_init                                                               
0042471b  PowerClock_init                                                           
00424729  SysTickTimerP_getCount                                                    
00424737  SysTickTimerP_getReloadCount                                              
00424745  getInput                                                                  
00424753  getOutput                                                                 
00424761  get_blr                                                                   
0042476f  get_loss                                                                  
0042477d  get_lr                                                                    
0042478b  set_blr                                                                   
00424799  set_lr                                                                    
004247d1  vTaskMissedYield                                                          
004247df  TI_memset_small                                                           
00424841  SOC_moduleClockEnable                                                     
0042484d  putchar                                                                   
00424859  xTaskGetCurrentTaskHandle                                                 
00424865  xTaskGetTickCount                                                         
00424871  __aeabi_memset                                                            
00424871  __aeabi_memset4                                                           
00424871  __aeabi_memset8                                                           
0042488f  EDMA_allocParam                                                           
00424897  EDMA_allocTcc                                                             
0042489f  EDMA_freeDmaChannel                                                       
004248a7  EDMA_freeParam                                                            
004248af  EDMA_freeTcc                                                              
004248d9  __aeabi_errno_addr                                                        
004248e1  __aeabi_memclr                                                            
004248e1  __aeabi_memclr4                                                           
004248e1  __aeabi_memclr8                                                           
004248e9  malloc                                                                    
004248f1  EDMA_isInterruptEnabled                                                   
004248f7  SemaphoreP_destruct                                                       
004248fd  vListInitialiseItem                                                       
00424903  ClockP_getTicks                                                           
00424907  ClockP_getTimerCount                                                      
0042490b  SOC_moduleSetClockFrequency                                               
00424911  __aeabi_memcpy                                                            
00424911  __aeabi_memcpy4                                                           
00424911  __aeabi_memcpy8                                                           
0042491d  __mpu_init                                                                
00424921  fseek                                                                     
00424925  remove                                                                    
00424928  C$$EXIT                                                                   
00424929  abort                                                                     
0042bb7c  uxTopUsedPriority                                                         
0042bb88  weight3                                                                   
0042c588  bias2                                                                     
0042c688  _ftable                                                                   
0042c778  Power_module                                                              
0042c840  _device                                                                   
0042c91c  _stream                                                                   
0042c9bc  gUartParams                                                               
0042c9f4  gMpuRegionConfig                                                          
0042ca24  bias3                                                                     
0042ca4c  labels                                                                    
0042ca8c  gSocModulesClockFrequency                                                 
0042caa4  gClockConfig                                                              
0042cab8  gAddrTranslateConfig                                                      
0042cac4  gMpuConfig                                                                
0042cad0  gSocModules                                                               
0042cadc  __TI_cleanup_ptr                                                          
0042cae0  __TI_dtors_ptr                                                            
0042cae4  gEdmaConfig                                                               
0042caf4  gUartConfig                                                               
0042cafc  FreeRTOS_errno                                                            
0042cb00  __TI_ft_end                                                               
0042cb04  __aeabi_errno                                                             
0042cb08  _lock                                                                     
0042cb0c  _unlock                                                                   
0042cb14  gDebugLogZone                                                             
0042cb18  gDebugP_uartDrvIndex                                                      
0042cb1c  gEdmaConfigNum                                                            
0042cb20  gEdmaParams                                                               
0042cb24  gUartConfigNum                                                            
0042cb2c  loss_val                                                                  
0042cb38  pxCurrentTCB                                                              
00458000  __stack                                                                   
0045a000  __STACK_END                                                               
0045a000  _sys_memory                                                               
ffffffff  __TI_pprof_out_hndl                                                       
ffffffff  __TI_prof_data_size                                                       
ffffffff  __TI_prof_data_start                                                      
ffffffff  __binit__                                                                 
ffffffff  binit                                                                     
UNDEFED   __TI_CINIT_Base                                                           
UNDEFED   __TI_CINIT_Limit                                                          
UNDEFED   __TI_Handler_Table_Base                                                   
UNDEFED   __TI_Handler_Table_Limit                                                  
UNDEFED   _system_post_cinit                                                        

[388 symbols]
