<?xml version="1.0" encoding="ISO-8859-1" ?>
<link_info>
   <banner>TI ARM Clang Linker PC v3.2.2.LTS</banner>
   <copyright>Copyright (c) 1996-2018 Texas Instruments Incorporated</copyright>
   <link_time>0x6a5d8833</link_time>
   <link_errors>0x0</link_errors>
   <output_file>C:\Users\tuan.trinhthe\workspace_ccstheia\zTTE-HGR\Release\zTTE-HGR.out</output_file>
   <entry_point>
      <name>_c_int00</name>
      <address>0x4236c5</address>
   </entry_point>
   <input_file_list>
      <input_file id="fl-1">
         <path>C:\Users\tuan.trinhthe\workspace_ccstheia\zTTE-HGR\Release\.\syscfg\</path>
         <kind>object</kind>
         <file>ti_dpl_config.o</file>
         <name>ti_dpl_config.o</name>
      </input_file>
      <input_file id="fl-2">
         <path>C:\Users\tuan.trinhthe\workspace_ccstheia\zTTE-HGR\Release\.\syscfg\</path>
         <kind>object</kind>
         <file>ti_drivers_config.o</file>
         <name>ti_drivers_config.o</name>
      </input_file>
      <input_file id="fl-3">
         <path>C:\Users\tuan.trinhthe\workspace_ccstheia\zTTE-HGR\Release\.\syscfg\</path>
         <kind>object</kind>
         <file>ti_drivers_open_close.o</file>
         <name>ti_drivers_open_close.o</name>
      </input_file>
      <input_file id="fl-4">
         <path>C:\Users\tuan.trinhthe\workspace_ccstheia\zTTE-HGR\Release\.\syscfg\</path>
         <kind>object</kind>
         <file>ti_pinmux_config.o</file>
         <name>ti_pinmux_config.o</name>
      </input_file>
      <input_file id="fl-5">
         <path>C:\Users\tuan.trinhthe\workspace_ccstheia\zTTE-HGR\Release\.\syscfg\</path>
         <kind>object</kind>
         <file>ti_power_clock_config.o</file>
         <name>ti_power_clock_config.o</name>
      </input_file>
      <input_file id="fl-6">
         <path>C:\Users\tuan.trinhthe\workspace_ccstheia\zTTE-HGR\Release\.\syscfg\</path>
         <kind>object</kind>
         <file>ti_board_config.o</file>
         <name>ti_board_config.o</name>
      </input_file>
      <input_file id="fl-7">
         <path>C:\Users\tuan.trinhthe\workspace_ccstheia\zTTE-HGR\Release\.\syscfg\</path>
         <kind>object</kind>
         <file>ti_board_open_close.o</file>
         <name>ti_board_open_close.o</name>
      </input_file>
      <input_file id="fl-8">
         <path>C:\Users\tuan.trinhthe\workspace_ccstheia\zTTE-HGR\Release\.\</path>
         <kind>object</kind>
         <file>hello_world.o</file>
         <name>hello_world.o</name>
      </input_file>
      <input_file id="fl-9">
         <path>C:\Users\tuan.trinhthe\workspace_ccstheia\zTTE-HGR\Release\.\</path>
         <kind>object</kind>
         <file>main.o</file>
         <name>main.o</name>
      </input_file>
      <input_file id="fl-a">
         <path>C:\Users\tuan.trinhthe\workspace_ccstheia\zTTE-HGR\Release\.\TinyEngine\codegen\Source\</path>
         <kind>object</kind>
         <file>genModel.o</file>
         <name>genModel.o</name>
      </input_file>
      <input_file id="fl-b">
         <path>C:\Users\tuan.trinhthe\workspace_ccstheia\zTTE-HGR\Release\.\TinyEngine\src\kernels\fp_backward_op\</path>
         <kind>object</kind>
         <file>add_fp.o</file>
         <name>add_fp.o</name>
      </input_file>
      <input_file id="fl-c">
         <path>C:\Users\tuan.trinhthe\workspace_ccstheia\zTTE-HGR\Release\.\TinyEngine\src\kernels\fp_backward_op\</path>
         <kind>object</kind>
         <file>div_fp.o</file>
         <name>div_fp.o</name>
      </input_file>
      <input_file id="fl-d">
         <path>C:\Users\tuan.trinhthe\workspace_ccstheia\zTTE-HGR\Release\.\TinyEngine\src\kernels\fp_backward_op\</path>
         <kind>object</kind>
         <file>group_conv_fp_kernel4_stride1_pad0.o</file>
         <name>group_conv_fp_kernel4_stride1_pad0.o</name>
      </input_file>
      <input_file id="fl-e">
         <path>C:\Users\tuan.trinhthe\workspace_ccstheia\zTTE-HGR\Release\.\TinyEngine\src\kernels\fp_backward_op\</path>
         <kind>object</kind>
         <file>group_conv_fp_kernel8_stride1_pad0.o</file>
         <name>group_conv_fp_kernel8_stride1_pad0.o</name>
      </input_file>
      <input_file id="fl-f">
         <path>C:\Users\tuan.trinhthe\workspace_ccstheia\zTTE-HGR\Release\.\TinyEngine\src\kernels\fp_backward_op\</path>
         <kind>object</kind>
         <file>group_pointwise_conv_fp.o</file>
         <name>group_pointwise_conv_fp.o</name>
      </input_file>
      <input_file id="fl-10">
         <path>C:\Users\tuan.trinhthe\workspace_ccstheia\zTTE-HGR\Release\.\TinyEngine\src\kernels\fp_backward_op\</path>
         <kind>object</kind>
         <file>less_fp.o</file>
         <name>less_fp.o</name>
      </input_file>
      <input_file id="fl-11">
         <path>C:\Users\tuan.trinhthe\workspace_ccstheia\zTTE-HGR\Release\.\TinyEngine\src\kernels\fp_backward_op\</path>
         <kind>object</kind>
         <file>log_softmax_fp.o</file>
         <name>log_softmax_fp.o</name>
      </input_file>
      <input_file id="fl-12">
         <path>C:\Users\tuan.trinhthe\workspace_ccstheia\zTTE-HGR\Release\.\TinyEngine\src\kernels\fp_backward_op\</path>
         <kind>object</kind>
         <file>mul_fp.o</file>
         <name>mul_fp.o</name>
      </input_file>
      <input_file id="fl-13">
         <path>C:\Users\tuan.trinhthe\workspace_ccstheia\zTTE-HGR\Release\.\TinyEngine\src\kernels\fp_backward_op\</path>
         <kind>object</kind>
         <file>negative_fp.o</file>
         <name>negative_fp.o</name>
      </input_file>
      <input_file id="fl-14">
         <path>C:\Users\tuan.trinhthe\workspace_ccstheia\zTTE-HGR\Release\.\TinyEngine\src\kernels\fp_backward_op\</path>
         <kind>object</kind>
         <file>nll_loss_fp.o</file>
         <name>nll_loss_fp.o</name>
      </input_file>
      <input_file id="fl-15">
         <path>C:\Users\tuan.trinhthe\workspace_ccstheia\zTTE-HGR\Release\.\TinyEngine\src\kernels\fp_backward_op\</path>
         <kind>object</kind>
         <file>pointwise_conv_fp.o</file>
         <name>pointwise_conv_fp.o</name>
      </input_file>
      <input_file id="fl-16">
         <path>C:\Users\tuan.trinhthe\workspace_ccstheia\zTTE-HGR\Release\.\TinyEngine\src\kernels\fp_backward_op\</path>
         <kind>object</kind>
         <file>strided_slice_3Dto3D_fp.o</file>
         <name>strided_slice_3Dto3D_fp.o</name>
      </input_file>
      <input_file id="fl-17">
         <path>C:\Users\tuan.trinhthe\workspace_ccstheia\zTTE-HGR\Release\.\TinyEngine\src\kernels\fp_backward_op\</path>
         <kind>object</kind>
         <file>strided_slice_4Dto4D_fp.o</file>
         <name>strided_slice_4Dto4D_fp.o</name>
      </input_file>
      <input_file id="fl-18">
         <path>C:\Users\tuan.trinhthe\workspace_ccstheia\zTTE-HGR\Release\.\TinyEngine\src\kernels\fp_backward_op\</path>
         <kind>object</kind>
         <file>sub_fp.o</file>
         <name>sub_fp.o</name>
      </input_file>
      <input_file id="fl-19">
         <path>C:\Users\tuan.trinhthe\workspace_ccstheia\zTTE-HGR\Release\.\TinyEngine\src\kernels\fp_backward_op\</path>
         <kind>object</kind>
         <file>sum_2D_fp.o</file>
         <name>sum_2D_fp.o</name>
      </input_file>
      <input_file id="fl-1a">
         <path>C:\Users\tuan.trinhthe\workspace_ccstheia\zTTE-HGR\Release\.\TinyEngine\src\kernels\fp_backward_op\</path>
         <kind>object</kind>
         <file>sum_3D_fp.o</file>
         <name>sum_3D_fp.o</name>
      </input_file>
      <input_file id="fl-1b">
         <path>C:\Users\tuan.trinhthe\workspace_ccstheia\zTTE-HGR\Release\.\TinyEngine\src\kernels\fp_backward_op\</path>
         <kind>object</kind>
         <file>sum_4D_exclude_fp.o</file>
         <name>sum_4D_exclude_fp.o</name>
      </input_file>
      <input_file id="fl-1c">
         <path>C:\Users\tuan.trinhthe\workspace_ccstheia\zTTE-HGR\Release\.\TinyEngine\src\kernels\fp_backward_op\</path>
         <kind>object</kind>
         <file>transpose_depthwise_conv_fp_kernel3_stride1_inpad1_outpad0.o</file>
         <name>transpose_depthwise_conv_fp_kernel3_stride1_inpad1_outpad0.o</name>
      </input_file>
      <input_file id="fl-1d">
         <path>C:\Users\tuan.trinhthe\workspace_ccstheia\zTTE-HGR\Release\.\TinyEngine\src\kernels\fp_backward_op\</path>
         <kind>object</kind>
         <file>transpose_depthwise_conv_fp_kernel3_stride2_inpad1_outpad1.o</file>
         <name>transpose_depthwise_conv_fp_kernel3_stride2_inpad1_outpad1.o</name>
      </input_file>
      <input_file id="fl-1e">
         <path>C:\Users\tuan.trinhthe\workspace_ccstheia\zTTE-HGR\Release\.\TinyEngine\src\kernels\fp_backward_op\</path>
         <kind>object</kind>
         <file>transpose_depthwise_conv_fp_kernel5_stride1_inpad2_outpad0.o</file>
         <name>transpose_depthwise_conv_fp_kernel5_stride1_inpad2_outpad0.o</name>
      </input_file>
      <input_file id="fl-1f">
         <path>C:\Users\tuan.trinhthe\workspace_ccstheia\zTTE-HGR\Release\.\TinyEngine\src\kernels\fp_backward_op\</path>
         <kind>object</kind>
         <file>transpose_depthwise_conv_fp_kernel5_stride2_inpad2_outpad1.o</file>
         <name>transpose_depthwise_conv_fp_kernel5_stride2_inpad2_outpad1.o</name>
      </input_file>
      <input_file id="fl-20">
         <path>C:\Users\tuan.trinhthe\workspace_ccstheia\zTTE-HGR\Release\.\TinyEngine\src\kernels\fp_backward_op\</path>
         <kind>object</kind>
         <file>transpose_depthwise_conv_fp_kernel7_stride1_inpad3_outpad0.o</file>
         <name>transpose_depthwise_conv_fp_kernel7_stride1_inpad3_outpad0.o</name>
      </input_file>
      <input_file id="fl-21">
         <path>C:\Users\tuan.trinhthe\workspace_ccstheia\zTTE-HGR\Release\.\TinyEngine\src\kernels\fp_backward_op\</path>
         <kind>object</kind>
         <file>transpose_depthwise_conv_fp_kernel7_stride2_inpad3_outpad1.o</file>
         <name>transpose_depthwise_conv_fp_kernel7_stride2_inpad3_outpad1.o</name>
      </input_file>
      <input_file id="fl-22">
         <path>C:\Users\tuan.trinhthe\workspace_ccstheia\zTTE-HGR\Release\.\TinyEngine\src\kernels\fp_backward_op\</path>
         <kind>object</kind>
         <file>tte_exp_fp.o</file>
         <name>tte_exp_fp.o</name>
      </input_file>
      <input_file id="fl-23">
         <path>C:\Users\tuan.trinhthe\workspace_ccstheia\zTTE-HGR\Release\.\TinyEngine\src\kernels\fp_backward_op\</path>
         <kind>object</kind>
         <file>where_fp.o</file>
         <name>where_fp.o</name>
      </input_file>
      <input_file id="fl-24">
         <path>C:\Users\tuan.trinhthe\workspace_ccstheia\zTTE-HGR\Release\.\TinyEngine\src\kernels\fp_requantize_op\</path>
         <kind>object</kind>
         <file>add_fpreq.o</file>
         <name>add_fpreq.o</name>
      </input_file>
      <input_file id="fl-25">
         <path>C:\Users\tuan.trinhthe\workspace_ccstheia\zTTE-HGR\Release\.\TinyEngine\src\kernels\fp_requantize_op\</path>
         <kind>object</kind>
         <file>convolve_1x1_s8_ch16_fpreq.o</file>
         <name>convolve_1x1_s8_ch16_fpreq.o</name>
      </input_file>
      <input_file id="fl-26">
         <path>C:\Users\tuan.trinhthe\workspace_ccstheia\zTTE-HGR\Release\.\TinyEngine\src\kernels\fp_requantize_op\</path>
         <kind>object</kind>
         <file>convolve_1x1_s8_ch24_fpreq.o</file>
         <name>convolve_1x1_s8_ch24_fpreq.o</name>
      </input_file>
      <input_file id="fl-27">
         <path>C:\Users\tuan.trinhthe\workspace_ccstheia\zTTE-HGR\Release\.\TinyEngine\src\kernels\fp_requantize_op\</path>
         <kind>object</kind>
         <file>convolve_1x1_s8_ch48_fpreq.o</file>
         <name>convolve_1x1_s8_ch48_fpreq.o</name>
      </input_file>
      <input_file id="fl-28">
         <path>C:\Users\tuan.trinhthe\workspace_ccstheia\zTTE-HGR\Release\.\TinyEngine\src\kernels\fp_requantize_op\</path>
         <kind>object</kind>
         <file>convolve_1x1_s8_ch8_fpreq.o</file>
         <name>convolve_1x1_s8_ch8_fpreq.o</name>
      </input_file>
      <input_file id="fl-29">
         <path>C:\Users\tuan.trinhthe\workspace_ccstheia\zTTE-HGR\Release\.\TinyEngine\src\kernels\fp_requantize_op\</path>
         <kind>object</kind>
         <file>convolve_1x1_s8_fpreq.o</file>
         <name>convolve_1x1_s8_fpreq.o</name>
      </input_file>
      <input_file id="fl-2a">
         <path>C:\Users\tuan.trinhthe\workspace_ccstheia\zTTE-HGR\Release\.\TinyEngine\src\kernels\fp_requantize_op\</path>
         <kind>object</kind>
         <file>convolve_1x1_s8_fpreq_mask.o</file>
         <name>convolve_1x1_s8_fpreq_mask.o</name>
      </input_file>
      <input_file id="fl-2b">
         <path>C:\Users\tuan.trinhthe\workspace_ccstheia\zTTE-HGR\Release\.\TinyEngine\src\kernels\fp_requantize_op\</path>
         <kind>object</kind>
         <file>convolve_1x1_s8_fpreq_mask_partialCH.o</file>
         <name>convolve_1x1_s8_fpreq_mask_partialCH.o</name>
      </input_file>
      <input_file id="fl-2c">
         <path>C:\Users\tuan.trinhthe\workspace_ccstheia\zTTE-HGR\Release\.\TinyEngine\src\kernels\fp_requantize_op\</path>
         <kind>object</kind>
         <file>convolve_s8_kernel3_inputch3_stride2_pad1_fpreq.o</file>
         <name>convolve_s8_kernel3_inputch3_stride2_pad1_fpreq.o</name>
      </input_file>
      <input_file id="fl-2d">
         <path>C:\Users\tuan.trinhthe\workspace_ccstheia\zTTE-HGR\Release\.\TinyEngine\src\kernels\fp_requantize_op\</path>
         <kind>object</kind>
         <file>mat_mul_kernels_fpreq.o</file>
         <name>mat_mul_kernels_fpreq.o</name>
      </input_file>
      <input_file id="fl-2e">
         <path>C:\Users\tuan.trinhthe\workspace_ccstheia\zTTE-HGR\Release\.\TinyEngine\src\kernels\int_forward_op\</path>
         <kind>object</kind>
         <file>add.o</file>
         <name>add.o</name>
      </input_file>
      <input_file id="fl-2f">
         <path>C:\Users\tuan.trinhthe\workspace_ccstheia\zTTE-HGR\Release\.\TinyEngine\src\kernels\int_forward_op\</path>
         <kind>object</kind>
         <file>arm_convolve_s8_4col.o</file>
         <name>arm_convolve_s8_4col.o</name>
      </input_file>
      <input_file id="fl-30">
         <path>C:\Users\tuan.trinhthe\workspace_ccstheia\zTTE-HGR\Release\.\TinyEngine\src\kernels\int_forward_op\</path>
         <kind>object</kind>
         <file>arm_nn_mat_mult_kernel3_input3_s8_s16.o</file>
         <name>arm_nn_mat_mult_kernel3_input3_s8_s16.o</name>
      </input_file>
      <input_file id="fl-31">
         <path>C:\Users\tuan.trinhthe\workspace_ccstheia\zTTE-HGR\Release\.\TinyEngine\src\kernels\int_forward_op\</path>
         <kind>object</kind>
         <file>arm_nn_mat_mult_kernel_s8_s16_reordered_8mul.o</file>
         <name>arm_nn_mat_mult_kernel_s8_s16_reordered_8mul.o</name>
      </input_file>
      <input_file id="fl-32">
         <path>C:\Users\tuan.trinhthe\workspace_ccstheia\zTTE-HGR\Release\.\TinyEngine\src\kernels\int_forward_op\</path>
         <kind>object</kind>
         <file>arm_nn_mat_mult_kernel_s8_s16_reordered_oddch.o</file>
         <name>arm_nn_mat_mult_kernel_s8_s16_reordered_oddch.o</name>
      </input_file>
      <input_file id="fl-33">
         <path>C:\Users\tuan.trinhthe\workspace_ccstheia\zTTE-HGR\Release\.\TinyEngine\src\kernels\int_forward_op\</path>
         <kind>object</kind>
         <file>avgpooling.o</file>
         <name>avgpooling.o</name>
      </input_file>
      <input_file id="fl-34">
         <path>C:\Users\tuan.trinhthe\workspace_ccstheia\zTTE-HGR\Release\.\TinyEngine\src\kernels\int_forward_op\</path>
         <kind>object</kind>
         <file>concat_ch.o</file>
         <name>concat_ch.o</name>
      </input_file>
      <input_file id="fl-35">
         <path>C:\Users\tuan.trinhthe\workspace_ccstheia\zTTE-HGR\Release\.\TinyEngine\src\kernels\int_forward_op\</path>
         <kind>object</kind>
         <file>convolve_1x1_s8.o</file>
         <name>convolve_1x1_s8.o</name>
      </input_file>
      <input_file id="fl-36">
         <path>C:\Users\tuan.trinhthe\workspace_ccstheia\zTTE-HGR\Release\.\TinyEngine\src\kernels\int_forward_op\</path>
         <kind>object</kind>
         <file>convolve_1x1_s8_SRAM.o</file>
         <name>convolve_1x1_s8_SRAM.o</name>
      </input_file>
      <input_file id="fl-37">
         <path>C:\Users\tuan.trinhthe\workspace_ccstheia\zTTE-HGR\Release\.\TinyEngine\src\kernels\int_forward_op\</path>
         <kind>object</kind>
         <file>convolve_1x1_s8_ch16.o</file>
         <name>convolve_1x1_s8_ch16.o</name>
      </input_file>
      <input_file id="fl-38">
         <path>C:\Users\tuan.trinhthe\workspace_ccstheia\zTTE-HGR\Release\.\TinyEngine\src\kernels\int_forward_op\</path>
         <kind>object</kind>
         <file>convolve_1x1_s8_ch24.o</file>
         <name>convolve_1x1_s8_ch24.o</name>
      </input_file>
      <input_file id="fl-39">
         <path>C:\Users\tuan.trinhthe\workspace_ccstheia\zTTE-HGR\Release\.\TinyEngine\src\kernels\int_forward_op\</path>
         <kind>object</kind>
         <file>convolve_1x1_s8_ch48.o</file>
         <name>convolve_1x1_s8_ch48.o</name>
      </input_file>
      <input_file id="fl-3a">
         <path>C:\Users\tuan.trinhthe\workspace_ccstheia\zTTE-HGR\Release\.\TinyEngine\src\kernels\int_forward_op\</path>
         <kind>object</kind>
         <file>convolve_1x1_s8_ch8.o</file>
         <name>convolve_1x1_s8_ch8.o</name>
      </input_file>
      <input_file id="fl-3b">
         <path>C:\Users\tuan.trinhthe\workspace_ccstheia\zTTE-HGR\Release\.\TinyEngine\src\kernels\int_forward_op\</path>
         <kind>object</kind>
         <file>convolve_1x1_s8_kbuf.o</file>
         <name>convolve_1x1_s8_kbuf.o</name>
      </input_file>
      <input_file id="fl-3c">
         <path>C:\Users\tuan.trinhthe\workspace_ccstheia\zTTE-HGR\Release\.\TinyEngine\src\kernels\int_forward_op\</path>
         <kind>object</kind>
         <file>convolve_1x1_s8_oddch.o</file>
         <name>convolve_1x1_s8_oddch.o</name>
      </input_file>
      <input_file id="fl-3d">
         <path>C:\Users\tuan.trinhthe\workspace_ccstheia\zTTE-HGR\Release\.\TinyEngine\src\kernels\int_forward_op\</path>
         <kind>object</kind>
         <file>convolve_1x1_s8_skip_pad.o</file>
         <name>convolve_1x1_s8_skip_pad.o</name>
      </input_file>
      <input_file id="fl-3e">
         <path>C:\Users\tuan.trinhthe\workspace_ccstheia\zTTE-HGR\Release\.\TinyEngine\src\kernels\int_forward_op\</path>
         <kind>object</kind>
         <file>convolve_s8_kernel2x3_inputch3_stride2_pad1.o</file>
         <name>convolve_s8_kernel2x3_inputch3_stride2_pad1.o</name>
      </input_file>
      <input_file id="fl-3f">
         <path>C:\Users\tuan.trinhthe\workspace_ccstheia\zTTE-HGR\Release\.\TinyEngine\src\kernels\int_forward_op\</path>
         <kind>object</kind>
         <file>convolve_s8_kernel3_inputch3_stride2_pad1.o</file>
         <name>convolve_s8_kernel3_inputch3_stride2_pad1.o</name>
      </input_file>
      <input_file id="fl-40">
         <path>C:\Users\tuan.trinhthe\workspace_ccstheia\zTTE-HGR\Release\.\TinyEngine\src\kernels\int_forward_op\</path>
         <kind>object</kind>
         <file>convolve_s8_kernel3_stride1_pad1.o</file>
         <name>convolve_s8_kernel3_stride1_pad1.o</name>
      </input_file>
      <input_file id="fl-41">
         <path>C:\Users\tuan.trinhthe\workspace_ccstheia\zTTE-HGR\Release\.\TinyEngine\src\kernels\int_forward_op\</path>
         <kind>object</kind>
         <file>convolve_s8_kernel3x2_inputch3_stride2_pad1.o</file>
         <name>convolve_s8_kernel3x2_inputch3_stride2_pad1.o</name>
      </input_file>
      <input_file id="fl-42">
         <path>C:\Users\tuan.trinhthe\workspace_ccstheia\zTTE-HGR\Release\.\TinyEngine\src\kernels\int_forward_op\</path>
         <kind>object</kind>
         <file>convolve_u8_kernel3_inputch3_stride1_pad1.o</file>
         <name>convolve_u8_kernel3_inputch3_stride1_pad1.o</name>
      </input_file>
      <input_file id="fl-43">
         <path>C:\Users\tuan.trinhthe\workspace_ccstheia\zTTE-HGR\Release\.\TinyEngine\src\kernels\int_forward_op\</path>
         <kind>object</kind>
         <file>convolve_u8_kernel3_inputch3_stride2_pad1.o</file>
         <name>convolve_u8_kernel3_inputch3_stride2_pad1.o</name>
      </input_file>
      <input_file id="fl-44">
         <path>C:\Users\tuan.trinhthe\workspace_ccstheia\zTTE-HGR\Release\.\TinyEngine\src\kernels\int_forward_op\</path>
         <kind>object</kind>
         <file>element_mult.o</file>
         <name>element_mult.o</name>
      </input_file>
      <input_file id="fl-45">
         <path>C:\Users\tuan.trinhthe\workspace_ccstheia\zTTE-HGR\Release\.\TinyEngine\src\kernels\int_forward_op\</path>
         <kind>object</kind>
         <file>fully_connected.o</file>
         <name>fully_connected.o</name>
      </input_file>
      <input_file id="fl-46">
         <path>C:\Users\tuan.trinhthe\workspace_ccstheia\zTTE-HGR\Release\.\TinyEngine\src\kernels\int_forward_op\</path>
         <kind>object</kind>
         <file>mat_mul_fp.o</file>
         <name>mat_mul_fp.o</name>
      </input_file>
      <input_file id="fl-47">
         <path>C:\Users\tuan.trinhthe\workspace_ccstheia\zTTE-HGR\Release\.\TinyEngine\src\kernels\int_forward_op\</path>
         <kind>object</kind>
         <file>mat_mult_kernels.o</file>
         <name>mat_mult_kernels.o</name>
      </input_file>
      <input_file id="fl-48">
         <path>C:\Users\tuan.trinhthe\workspace_ccstheia\zTTE-HGR\Release\.\TinyEngine\src\kernels\int_forward_op\</path>
         <kind>object</kind>
         <file>maxpooling.o</file>
         <name>maxpooling.o</name>
      </input_file>
      <input_file id="fl-49">
         <path>C:\Users\tuan.trinhthe\workspace_ccstheia\zTTE-HGR\Release\.\TinyEngine\src\kernels\int_forward_op\</path>
         <kind>object</kind>
         <file>patchpadding_convolve_s8_kernel3_inputch3_stride2.o</file>
         <name>patchpadding_convolve_s8_kernel3_inputch3_stride2.o</name>
      </input_file>
      <input_file id="fl-4a">
         <path>C:\Users\tuan.trinhthe\workspace_ccstheia\zTTE-HGR\Release\.\TinyEngine\src\kernels\int_forward_op\</path>
         <kind>object</kind>
         <file>patchpadding_depthwise_kernel3x3_stride1_inplace_CHW.o</file>
         <name>patchpadding_depthwise_kernel3x3_stride1_inplace_CHW.o</name>
      </input_file>
      <input_file id="fl-4b">
         <path>C:\Users\tuan.trinhthe\workspace_ccstheia\zTTE-HGR\Release\.\TinyEngine\src\kernels\int_forward_op\</path>
         <kind>object</kind>
         <file>patchpadding_depthwise_kernel3x3_stride2_inplace_CHW.o</file>
         <name>patchpadding_depthwise_kernel3x3_stride2_inplace_CHW.o</name>
      </input_file>
      <input_file id="fl-4c">
         <path>C:\Users\tuan.trinhthe\workspace_ccstheia\zTTE-HGR\Release\.\TinyEngine\src\kernels\int_forward_op\</path>
         <kind>object</kind>
         <file>patchpadding_kbuf_convolve_s8_kernel3_inputch3_stride2.o</file>
         <name>patchpadding_kbuf_convolve_s8_kernel3_inputch3_stride2.o</name>
      </input_file>
      <input_file id="fl-4d">
         <path>C:\Users\tuan.trinhthe\workspace_ccstheia\zTTE-HGR\Release\.\TinyEngine\src\kernels\int_forward_op\</path>
         <kind>object</kind>
         <file>stable_softmax.o</file>
         <name>stable_softmax.o</name>
      </input_file>
      <input_file id="fl-4e">
         <path>C:\Users\tuan.trinhthe\workspace_ccstheia\zTTE-HGR\Release\.\TinyEngine\src\kernels\int_forward_op\</path>
         <kind>object</kind>
         <file>upsample_byte.o</file>
         <name>upsample_byte.o</name>
      </input_file>
      <input_file id="fl-4f">
         <path>C:\Users\tuan.trinhthe\workspace_ccstheia\zTTE-HGR\Release\.\TinyEngine\src\</path>
         <kind>object</kind>
         <file>yoloOutput.o</file>
         <name>yoloOutput.o</name>
      </input_file>
      <input_file id="fl-5d">
         <path>C:\Users\tuan.trinhthe\workspace_ccstheia\zTTE-HGR\Release\</path>
         <kind>object</kind>
         <file>&lt;internal&gt;</file>
         <name>&lt;internal&gt;</name>
      </input_file>
      <input_file id="fl-5e">
         <path>C:\ti\MMWAVE_L_SDK_05_05_04_02\source\kernel\freertos\lib\</path>
         <kind>archive</kind>
         <file>freertos.xwrL64xx.m4f.ti-arm-clang.release.lib</file>
         <name>boot_armv7m.obj</name>
      </input_file>
      <input_file id="fl-5f">
         <path>C:\ti\MMWAVE_L_SDK_05_05_04_02\source\kernel\freertos\lib\</path>
         <kind>archive</kind>
         <file>freertos.xwrL64xx.m4f.ti-arm-clang.release.lib</file>
         <name>DebugP_uartLogWriter.obj</name>
      </input_file>
      <input_file id="fl-60">
         <path>C:\ti\MMWAVE_L_SDK_05_05_04_02\source\kernel\freertos\lib\</path>
         <kind>archive</kind>
         <file>freertos.xwrL64xx.m4f.ti-arm-clang.release.lib</file>
         <name>DebugP_log.obj</name>
      </input_file>
      <input_file id="fl-61">
         <path>C:\ti\MMWAVE_L_SDK_05_05_04_02\source\kernel\freertos\lib\</path>
         <kind>archive</kind>
         <file>freertos.xwrL64xx.m4f.ti-arm-clang.release.lib</file>
         <name>MpuP_armv7m.obj</name>
      </input_file>
      <input_file id="fl-62">
         <path>C:\ti\MMWAVE_L_SDK_05_05_04_02\source\kernel\freertos\lib\</path>
         <kind>archive</kind>
         <file>freertos.xwrL64xx.m4f.ti-arm-clang.release.lib</file>
         <name>HwiP_armv7m.obj</name>
      </input_file>
      <input_file id="fl-63">
         <path>C:\ti\MMWAVE_L_SDK_05_05_04_02\source\kernel\freertos\lib\</path>
         <kind>archive</kind>
         <file>freertos.xwrL64xx.m4f.ti-arm-clang.release.lib</file>
         <name>ClockP_freertos.obj</name>
      </input_file>
      <input_file id="fl-64">
         <path>C:\ti\MMWAVE_L_SDK_05_05_04_02\source\kernel\freertos\lib\</path>
         <kind>archive</kind>
         <file>freertos.xwrL64xx.m4f.ti-arm-clang.release.lib</file>
         <name>ClockP_freertos_m4.obj</name>
      </input_file>
      <input_file id="fl-65">
         <path>C:\ti\MMWAVE_L_SDK_05_05_04_02\source\kernel\freertos\lib\</path>
         <kind>archive</kind>
         <file>freertos.xwrL64xx.m4f.ti-arm-clang.release.lib</file>
         <name>HwiP_armv7m_handlers_freertos.obj</name>
      </input_file>
      <input_file id="fl-66">
         <path>C:\ti\MMWAVE_L_SDK_05_05_04_02\source\kernel\freertos\lib\</path>
         <kind>archive</kind>
         <file>freertos.xwrL64xx.m4f.ti-arm-clang.release.lib</file>
         <name>DebugP_freertos.obj</name>
      </input_file>
      <input_file id="fl-67">
         <path>C:\ti\MMWAVE_L_SDK_05_05_04_02\source\kernel\freertos\lib\</path>
         <kind>archive</kind>
         <file>freertos.xwrL64xx.m4f.ti-arm-clang.release.lib</file>
         <name>tasks.obj</name>
      </input_file>
      <input_file id="fl-68">
         <path>C:\ti\MMWAVE_L_SDK_05_05_04_02\source\kernel\freertos\lib\</path>
         <kind>archive</kind>
         <file>freertos.xwrL64xx.m4f.ti-arm-clang.release.lib</file>
         <name>timers.obj</name>
      </input_file>
      <input_file id="fl-69">
         <path>C:\ti\MMWAVE_L_SDK_05_05_04_02\source\kernel\freertos\lib\</path>
         <kind>archive</kind>
         <file>freertos.xwrL64xx.m4f.ti-arm-clang.release.lib</file>
         <name>queue.obj</name>
      </input_file>
      <input_file id="fl-6a">
         <path>C:\ti\MMWAVE_L_SDK_05_05_04_02\source\kernel\freertos\lib\</path>
         <kind>archive</kind>
         <file>freertos.xwrL64xx.m4f.ti-arm-clang.release.lib</file>
         <name>list.obj</name>
      </input_file>
      <input_file id="fl-6b">
         <path>C:\ti\MMWAVE_L_SDK_05_05_04_02\source\kernel\freertos\lib\</path>
         <kind>archive</kind>
         <file>freertos.xwrL64xx.m4f.ti-arm-clang.release.lib</file>
         <name>heap_3.obj</name>
      </input_file>
      <input_file id="fl-6c">
         <path>C:\ti\MMWAVE_L_SDK_05_05_04_02\source\kernel\freertos\lib\</path>
         <kind>archive</kind>
         <file>freertos.xwrL64xx.m4f.ti-arm-clang.release.lib</file>
         <name>port.obj</name>
      </input_file>
      <input_file id="fl-6d">
         <path>C:\ti\MMWAVE_L_SDK_05_05_04_02\source\kernel\freertos\lib\</path>
         <kind>archive</kind>
         <file>freertos.xwrL64xx.m4f.ti-arm-clang.release.lib</file>
         <name>printf.obj</name>
      </input_file>
      <input_file id="fl-6e">
         <path>C:\ti\MMWAVE_L_SDK_05_05_04_02\source\kernel\freertos\lib\</path>
         <kind>archive</kind>
         <file>freertos.xwrL64xx.m4f.ti-arm-clang.release.lib</file>
         <name>SysTickTimerP.obj</name>
      </input_file>
      <input_file id="fl-6f">
         <path>C:\ti\MMWAVE_L_SDK_05_05_04_02\source\kernel\freertos\lib\</path>
         <kind>archive</kind>
         <file>freertos.xwrL64xx.m4f.ti-arm-clang.release.lib</file>
         <name>SemaphoreP_freertos.obj</name>
      </input_file>
      <input_file id="fl-70">
         <path>C:\ti\MMWAVE_L_SDK_05_05_04_02\source\kernel\freertos\lib\</path>
         <kind>archive</kind>
         <file>freertos.xwrL64xx.m4f.ti-arm-clang.release.lib</file>
         <name>power_xwrLx4xx_freertos.obj</name>
      </input_file>
      <input_file id="fl-71">
         <path>C:\ti\MMWAVE_L_SDK_05_05_04_02\source\kernel\freertos\lib\</path>
         <kind>archive</kind>
         <file>freertos.xwrL64xx.m4f.ti-arm-clang.release.lib</file>
         <name>TimerP_rti.obj</name>
      </input_file>
      <input_file id="fl-72">
         <path>C:\ti\MMWAVE_L_SDK_05_05_04_02\source\drivers\lib\</path>
         <kind>archive</kind>
         <file>drivers.xwrL64xx.m4f.ti-arm-clang.release.lib</file>
         <name>edma.obj</name>
      </input_file>
      <input_file id="fl-73">
         <path>C:\ti\MMWAVE_L_SDK_05_05_04_02\source\drivers\lib\</path>
         <kind>archive</kind>
         <file>drivers.xwrL64xx.m4f.ti-arm-clang.release.lib</file>
         <name>pinmux.obj</name>
      </input_file>
      <input_file id="fl-74">
         <path>C:\ti\MMWAVE_L_SDK_05_05_04_02\source\drivers\lib\</path>
         <kind>archive</kind>
         <file>drivers.xwrL64xx.m4f.ti-arm-clang.release.lib</file>
         <name>power_xwrLx4xx.obj</name>
      </input_file>
      <input_file id="fl-75">
         <path>C:\ti\MMWAVE_L_SDK_05_05_04_02\source\drivers\lib\</path>
         <kind>archive</kind>
         <file>drivers.xwrL64xx.m4f.ti-arm-clang.release.lib</file>
         <name>prcm.obj</name>
      </input_file>
      <input_file id="fl-76">
         <path>C:\ti\MMWAVE_L_SDK_05_05_04_02\source\drivers\lib\</path>
         <kind>archive</kind>
         <file>drivers.xwrL64xx.m4f.ti-arm-clang.release.lib</file>
         <name>soc.obj</name>
      </input_file>
      <input_file id="fl-77">
         <path>C:\ti\MMWAVE_L_SDK_05_05_04_02\source\drivers\lib\</path>
         <kind>archive</kind>
         <file>drivers.xwrL64xx.m4f.ti-arm-clang.release.lib</file>
         <name>soc_rcm.obj</name>
      </input_file>
      <input_file id="fl-78">
         <path>C:\ti\MMWAVE_L_SDK_05_05_04_02\source\drivers\lib\</path>
         <kind>archive</kind>
         <file>drivers.xwrL64xx.m4f.ti-arm-clang.release.lib</file>
         <name>uart_sci.obj</name>
      </input_file>
      <input_file id="fl-79">
         <path>C:\ti\MMWAVE_L_SDK_05_05_04_02\source\drivers\lib\</path>
         <kind>archive</kind>
         <file>drivers.xwrL64xx.m4f.ti-arm-clang.release.lib</file>
         <name>uart_sci_edma.obj</name>
      </input_file>
      <input_file id="fl-7a">
         <path>C:\ti\MMWAVE_L_SDK_05_05_04_02\source\drivers\lib\</path>
         <kind>archive</kind>
         <file>drivers.xwrL64xx.m4f.ti-arm-clang.release.lib</file>
         <name>power_xwrLx4xx_asm.obj</name>
      </input_file>
      <input_file id="fl-7b">
         <path>C:\ti\MMWAVE_L_SDK_05_05_04_02\source\drivers\lib\</path>
         <kind>archive</kind>
         <file>drivers.xwrL64xx.m4f.ti-arm-clang.release.lib</file>
         <name>List.obj</name>
      </input_file>
      <input_file id="fl-7c">
         <path>C:\ti\MMWAVE_L_SDK_05_05_04_02\source\board\lib\</path>
         <kind>archive</kind>
         <file>board.xwrL64xx.m4f.ti-arm-clang.release.lib</file>
         <name>cpu.obj</name>
      </input_file>
      <input_file id="fl-8b">
         <path>C:\ti\ti_cgt_arm_llvm_3.2.2.LTS\lib\armv7em-ti-none-eabihf\c\</path>
         <kind>archive</kind>
         <file>libc.a</file>
         <name>printf.c.obj</name>
      </input_file>
      <input_file id="fl-8c">
         <path>C:\ti\ti_cgt_arm_llvm_3.2.2.LTS\lib\armv7em-ti-none-eabihf\c\</path>
         <kind>archive</kind>
         <file>libc.a</file>
         <name>_printfi.c.obj</name>
      </input_file>
      <input_file id="fl-8d">
         <path>C:\ti\ti_cgt_arm_llvm_3.2.2.LTS\lib\armv7em-ti-none-eabihf\c\</path>
         <kind>archive</kind>
         <file>libc.a</file>
         <name>sprintf.c.obj</name>
      </input_file>
      <input_file id="fl-8e">
         <path>C:\ti\ti_cgt_arm_llvm_3.2.2.LTS\lib\armv7em-ti-none-eabihf\c\</path>
         <kind>archive</kind>
         <file>libc.a</file>
         <name>fclose.c.obj</name>
      </input_file>
      <input_file id="fl-8f">
         <path>C:\ti\ti_cgt_arm_llvm_3.2.2.LTS\lib\armv7em-ti-none-eabihf\c\</path>
         <kind>archive</kind>
         <file>libc.a</file>
         <name>fflush.c.obj</name>
      </input_file>
      <input_file id="fl-90">
         <path>C:\ti\ti_cgt_arm_llvm_3.2.2.LTS\lib\armv7em-ti-none-eabihf\c\</path>
         <kind>archive</kind>
         <file>libc.a</file>
         <name>fopen.c.obj</name>
      </input_file>
      <input_file id="fl-91">
         <path>C:\ti\ti_cgt_arm_llvm_3.2.2.LTS\lib\armv7em-ti-none-eabihf\c\</path>
         <kind>archive</kind>
         <file>libc.a</file>
         <name>fputc.c.obj</name>
      </input_file>
      <input_file id="fl-92">
         <path>C:\ti\ti_cgt_arm_llvm_3.2.2.LTS\lib\armv7em-ti-none-eabihf\c\</path>
         <kind>archive</kind>
         <file>libc.a</file>
         <name>fputs.c.obj</name>
      </input_file>
      <input_file id="fl-93">
         <path>C:\ti\ti_cgt_arm_llvm_3.2.2.LTS\lib\armv7em-ti-none-eabihf\c\</path>
         <kind>archive</kind>
         <file>libc.a</file>
         <name>fread.c.obj</name>
      </input_file>
      <input_file id="fl-94">
         <path>C:\ti\ti_cgt_arm_llvm_3.2.2.LTS\lib\armv7em-ti-none-eabihf\c\</path>
         <kind>archive</kind>
         <file>libc.a</file>
         <name>fseek.c.obj</name>
      </input_file>
      <input_file id="fl-95">
         <path>C:\ti\ti_cgt_arm_llvm_3.2.2.LTS\lib\armv7em-ti-none-eabihf\c\</path>
         <kind>archive</kind>
         <file>libc.a</file>
         <name>_bufread.c.obj</name>
      </input_file>
      <input_file id="fl-96">
         <path>C:\ti\ti_cgt_arm_llvm_3.2.2.LTS\lib\armv7em-ti-none-eabihf\c\</path>
         <kind>archive</kind>
         <file>libc.a</file>
         <name>_io_perm.c.obj</name>
      </input_file>
      <input_file id="fl-97">
         <path>C:\ti\ti_cgt_arm_llvm_3.2.2.LTS\lib\armv7em-ti-none-eabihf\c\</path>
         <kind>archive</kind>
         <file>libc.a</file>
         <name>setvbuf.c.obj</name>
      </input_file>
      <input_file id="fl-98">
         <path>C:\ti\ti_cgt_arm_llvm_3.2.2.LTS\lib\armv7em-ti-none-eabihf\c\</path>
         <kind>archive</kind>
         <file>libc.a</file>
         <name>e_expf.c.obj</name>
      </input_file>
      <input_file id="fl-99">
         <path>C:\ti\ti_cgt_arm_llvm_3.2.2.LTS\lib\armv7em-ti-none-eabihf\c\</path>
         <kind>archive</kind>
         <file>libc.a</file>
         <name>s_roundf.c.obj</name>
      </input_file>
      <input_file id="fl-9a">
         <path>C:\ti\ti_cgt_arm_llvm_3.2.2.LTS\lib\armv7em-ti-none-eabihf\c\</path>
         <kind>archive</kind>
         <file>libc.a</file>
         <name>e_exp.c.obj</name>
      </input_file>
      <input_file id="fl-9b">
         <path>C:\ti\ti_cgt_arm_llvm_3.2.2.LTS\lib\armv7em-ti-none-eabihf\c\</path>
         <kind>archive</kind>
         <file>libc.a</file>
         <name>e_log.c.obj</name>
      </input_file>
      <input_file id="fl-9c">
         <path>C:\ti\ti_cgt_arm_llvm_3.2.2.LTS\lib\armv7em-ti-none-eabihf\c\</path>
         <kind>archive</kind>
         <file>libc.a</file>
         <name>s_frexp.c.obj</name>
      </input_file>
      <input_file id="fl-9d">
         <path>C:\ti\ti_cgt_arm_llvm_3.2.2.LTS\lib\armv7em-ti-none-eabihf\c\</path>
         <kind>archive</kind>
         <file>libc.a</file>
         <name>s_scalbn.c.obj</name>
      </input_file>
      <input_file id="fl-9e">
         <path>C:\ti\ti_cgt_arm_llvm_3.2.2.LTS\lib\armv7em-ti-none-eabihf\c\</path>
         <kind>archive</kind>
         <file>libc.a</file>
         <name>aeabi_portable.c.obj</name>
      </input_file>
      <input_file id="fl-9f">
         <path>C:\ti\ti_cgt_arm_llvm_3.2.2.LTS\lib\armv7em-ti-none-eabihf\c\</path>
         <kind>archive</kind>
         <file>libc.a</file>
         <name>exit.c.obj</name>
      </input_file>
      <input_file id="fl-a0">
         <path>C:\ti\ti_cgt_arm_llvm_3.2.2.LTS\lib\armv7em-ti-none-eabihf\c\</path>
         <kind>archive</kind>
         <file>libc.a</file>
         <name>_lock.c.obj</name>
      </input_file>
      <input_file id="fl-a1">
         <path>C:\ti\ti_cgt_arm_llvm_3.2.2.LTS\lib\armv7em-ti-none-eabihf\c\</path>
         <kind>archive</kind>
         <file>libc.a</file>
         <name>_ltoa.c.obj</name>
      </input_file>
      <input_file id="fl-a2">
         <path>C:\ti\ti_cgt_arm_llvm_3.2.2.LTS\lib\armv7em-ti-none-eabihf\c\</path>
         <kind>archive</kind>
         <file>libc.a</file>
         <name>assert.c.obj</name>
      </input_file>
      <input_file id="fl-a3">
         <path>C:\ti\ti_cgt_arm_llvm_3.2.2.LTS\lib\armv7em-ti-none-eabihf\c\</path>
         <kind>archive</kind>
         <file>libc.a</file>
         <name>atoi.c.obj</name>
      </input_file>
      <input_file id="fl-a4">
         <path>C:\ti\ti_cgt_arm_llvm_3.2.2.LTS\lib\armv7em-ti-none-eabihf\c\</path>
         <kind>archive</kind>
         <file>libc.a</file>
         <name>defs.c.obj</name>
      </input_file>
      <input_file id="fl-a5">
         <path>C:\ti\ti_cgt_arm_llvm_3.2.2.LTS\lib\armv7em-ti-none-eabihf\c\</path>
         <kind>archive</kind>
         <file>libc.a</file>
         <name>memccpy.c.obj</name>
      </input_file>
      <input_file id="fl-a6">
         <path>C:\ti\ti_cgt_arm_llvm_3.2.2.LTS\lib\armv7em-ti-none-eabihf\c\</path>
         <kind>archive</kind>
         <file>libc.a</file>
         <name>memory.c.obj</name>
      </input_file>
      <input_file id="fl-a7">
         <path>C:\ti\ti_cgt_arm_llvm_3.2.2.LTS\lib\armv7em-ti-none-eabihf\c\</path>
         <kind>archive</kind>
         <file>libc.a</file>
         <name>autoinit.c.obj</name>
      </input_file>
      <input_file id="fl-a8">
         <path>C:\ti\ti_cgt_arm_llvm_3.2.2.LTS\lib\armv7em-ti-none-eabihf\c\</path>
         <kind>archive</kind>
         <file>libc.a</file>
         <name>cpy_tbl.c.obj</name>
      </input_file>
      <input_file id="fl-a9">
         <path>C:\ti\ti_cgt_arm_llvm_3.2.2.LTS\lib\armv7em-ti-none-eabihf\c\</path>
         <kind>archive</kind>
         <file>libc.a</file>
         <name>wcslen.c.obj</name>
      </input_file>
      <input_file id="fl-aa">
         <path>C:\ti\ti_cgt_arm_llvm_3.2.2.LTS\lib\armv7em-ti-none-eabihf\c\</path>
         <kind>archive</kind>
         <file>libc.a</file>
         <name>s_floorf.c.obj</name>
      </input_file>
      <input_file id="fl-ab">
         <path>C:\ti\ti_cgt_arm_llvm_3.2.2.LTS\lib\armv7em-ti-none-eabihf\c\</path>
         <kind>archive</kind>
         <file>libc.a</file>
         <name>aeabi_ctype.S.obj</name>
      </input_file>
      <input_file id="fl-111">
         <path>C:\ti\ti_cgt_arm_llvm_3.2.2.LTS\lib\armv7em-ti-none-eabihf\c\</path>
         <kind>archive</kind>
         <file>libsysbm.a</file>
         <name>write.c.obj</name>
      </input_file>
      <input_file id="fl-112">
         <path>C:\ti\ti_cgt_arm_llvm_3.2.2.LTS\lib\armv7em-ti-none-eabihf\c\</path>
         <kind>archive</kind>
         <file>libsysbm.a</file>
         <name>host_device.c.obj</name>
      </input_file>
      <input_file id="fl-113">
         <path>C:\ti\ti_cgt_arm_llvm_3.2.2.LTS\lib\armv7em-ti-none-eabihf\c\</path>
         <kind>archive</kind>
         <file>libsysbm.a</file>
         <name>remove.c.obj</name>
      </input_file>
      <input_file id="fl-114">
         <path>C:\ti\ti_cgt_arm_llvm_3.2.2.LTS\lib\armv7em-ti-none-eabihf\c\</path>
         <kind>archive</kind>
         <file>libsysbm.a</file>
         <name>read.c.obj</name>
      </input_file>
      <input_file id="fl-115">
         <path>C:\ti\ti_cgt_arm_llvm_3.2.2.LTS\lib\armv7em-ti-none-eabihf\c\</path>
         <kind>archive</kind>
         <file>libsysbm.a</file>
         <name>open.c.obj</name>
      </input_file>
      <input_file id="fl-116">
         <path>C:\ti\ti_cgt_arm_llvm_3.2.2.LTS\lib\armv7em-ti-none-eabihf\c\</path>
         <kind>archive</kind>
         <file>libsysbm.a</file>
         <name>lseek.c.obj</name>
      </input_file>
      <input_file id="fl-117">
         <path>C:\ti\ti_cgt_arm_llvm_3.2.2.LTS\lib\armv7em-ti-none-eabihf\c\</path>
         <kind>archive</kind>
         <file>libsysbm.a</file>
         <name>close.c.obj</name>
      </input_file>
      <input_file id="fl-118">
         <path>C:\ti\ti_cgt_arm_llvm_3.2.2.LTS\lib\armv7em-ti-none-eabihf\c\</path>
         <kind>archive</kind>
         <file>libsysbm.a</file>
         <name>unlink.c.obj</name>
      </input_file>
      <input_file id="fl-119">
         <path>C:\ti\ti_cgt_arm_llvm_3.2.2.LTS\lib\armv7em-ti-none-eabihf\c\</path>
         <kind>archive</kind>
         <file>libsysbm.a</file>
         <name>hostclose.c.obj</name>
      </input_file>
      <input_file id="fl-11a">
         <path>C:\ti\ti_cgt_arm_llvm_3.2.2.LTS\lib\armv7em-ti-none-eabihf\c\</path>
         <kind>archive</kind>
         <file>libsysbm.a</file>
         <name>hostlseek.c.obj</name>
      </input_file>
      <input_file id="fl-11b">
         <path>C:\ti\ti_cgt_arm_llvm_3.2.2.LTS\lib\armv7em-ti-none-eabihf\c\</path>
         <kind>archive</kind>
         <file>libsysbm.a</file>
         <name>hostopen.c.obj</name>
      </input_file>
      <input_file id="fl-11c">
         <path>C:\ti\ti_cgt_arm_llvm_3.2.2.LTS\lib\armv7em-ti-none-eabihf\c\</path>
         <kind>archive</kind>
         <file>libsysbm.a</file>
         <name>hostread.c.obj</name>
      </input_file>
      <input_file id="fl-11d">
         <path>C:\ti\ti_cgt_arm_llvm_3.2.2.LTS\lib\armv7em-ti-none-eabihf\c\</path>
         <kind>archive</kind>
         <file>libsysbm.a</file>
         <name>hostrename.c.obj</name>
      </input_file>
      <input_file id="fl-11e">
         <path>C:\ti\ti_cgt_arm_llvm_3.2.2.LTS\lib\armv7em-ti-none-eabihf\c\</path>
         <kind>archive</kind>
         <file>libsysbm.a</file>
         <name>hostunlink.c.obj</name>
      </input_file>
      <input_file id="fl-11f">
         <path>C:\ti\ti_cgt_arm_llvm_3.2.2.LTS\lib\armv7em-ti-none-eabihf\c\</path>
         <kind>archive</kind>
         <file>libsysbm.a</file>
         <name>hostwrite.c.obj</name>
      </input_file>
      <input_file id="fl-120">
         <path>C:\ti\ti_cgt_arm_llvm_3.2.2.LTS\lib\armv7em-ti-none-eabihf\c\</path>
         <kind>archive</kind>
         <file>libsysbm.a</file>
         <name>trgmsg.c.obj</name>
      </input_file>
      <input_file id="fl-121">
         <path>C:\ti\ti_cgt_arm_llvm_3.2.2.LTS\lib\clang\15.0.7\lib\armv7em-ti-none-eabihf\</path>
         <kind>archive</kind>
         <file>libclang_rt.builtins.a</file>
         <name>adddf3.S.obj</name>
      </input_file>
      <input_file id="fl-122">
         <path>C:\ti\ti_cgt_arm_llvm_3.2.2.LTS\lib\clang\15.0.7\lib\armv7em-ti-none-eabihf\</path>
         <kind>archive</kind>
         <file>libclang_rt.builtins.a</file>
         <name>muldf3.S.obj</name>
      </input_file>
      <input_file id="fl-123">
         <path>C:\ti\ti_cgt_arm_llvm_3.2.2.LTS\lib\clang\15.0.7\lib\armv7em-ti-none-eabihf\</path>
         <kind>archive</kind>
         <file>libclang_rt.builtins.a</file>
         <name>divdf3.S.obj</name>
      </input_file>
      <input_file id="fl-124">
         <path>C:\ti\ti_cgt_arm_llvm_3.2.2.LTS\lib\clang\15.0.7\lib\armv7em-ti-none-eabihf\</path>
         <kind>archive</kind>
         <file>libclang_rt.builtins.a</file>
         <name>extendsfdf2.S.obj</name>
      </input_file>
      <input_file id="fl-125">
         <path>C:\ti\ti_cgt_arm_llvm_3.2.2.LTS\lib\clang\15.0.7\lib\armv7em-ti-none-eabihf\</path>
         <kind>archive</kind>
         <file>libclang_rt.builtins.a</file>
         <name>fixdfsi.S.obj</name>
      </input_file>
      <input_file id="fl-126">
         <path>C:\ti\ti_cgt_arm_llvm_3.2.2.LTS\lib\clang\15.0.7\lib\armv7em-ti-none-eabihf\</path>
         <kind>archive</kind>
         <file>libclang_rt.builtins.a</file>
         <name>fixunsdfsi.S.obj</name>
      </input_file>
      <input_file id="fl-127">
         <path>C:\ti\ti_cgt_arm_llvm_3.2.2.LTS\lib\clang\15.0.7\lib\armv7em-ti-none-eabihf\</path>
         <kind>archive</kind>
         <file>libclang_rt.builtins.a</file>
         <name>floatsidf.S.obj</name>
      </input_file>
      <input_file id="fl-128">
         <path>C:\ti\ti_cgt_arm_llvm_3.2.2.LTS\lib\clang\15.0.7\lib\armv7em-ti-none-eabihf\</path>
         <kind>archive</kind>
         <file>libclang_rt.builtins.a</file>
         <name>floatunsidf.S.obj</name>
      </input_file>
      <input_file id="fl-129">
         <path>C:\ti\ti_cgt_arm_llvm_3.2.2.LTS\lib\clang\15.0.7\lib\armv7em-ti-none-eabihf\</path>
         <kind>archive</kind>
         <file>libclang_rt.builtins.a</file>
         <name>truncdfsf2.S.obj</name>
      </input_file>
      <input_file id="fl-12a">
         <path>C:\ti\ti_cgt_arm_llvm_3.2.2.LTS\lib\clang\15.0.7\lib\armv7em-ti-none-eabihf\</path>
         <kind>archive</kind>
         <file>libclang_rt.builtins.a</file>
         <name>comparedf2.c.obj</name>
      </input_file>
      <input_file id="fl-12b">
         <path>C:\ti\ti_cgt_arm_llvm_3.2.2.LTS\lib\clang\15.0.7\lib\armv7em-ti-none-eabihf\</path>
         <kind>archive</kind>
         <file>libclang_rt.builtins.a</file>
         <name>aeabi_dcmp.S.obj</name>
      </input_file>
      <input_file id="fl-12c">
         <path>C:\ti\ti_cgt_arm_llvm_3.2.2.LTS\lib\clang\15.0.7\lib\armv7em-ti-none-eabihf\</path>
         <kind>archive</kind>
         <file>libclang_rt.builtins.a</file>
         <name>aeabi_memcpy.S.obj</name>
      </input_file>
      <input_file id="fl-12d">
         <path>C:\ti\ti_cgt_arm_llvm_3.2.2.LTS\lib\clang\15.0.7\lib\armv7em-ti-none-eabihf\</path>
         <kind>archive</kind>
         <file>libclang_rt.builtins.a</file>
         <name>aeabi_memset.S.obj</name>
      </input_file>
      <input_file id="fl-12e">
         <path>C:\ti\ti_cgt_arm_llvm_3.2.2.LTS\lib\clang\15.0.7\lib\armv7em-ti-none-eabihf\</path>
         <kind>archive</kind>
         <file>libclang_rt.builtins.a</file>
         <name>aeabi_uldivmod.S.obj</name>
      </input_file>
      <input_file id="fl-12f">
         <path>C:\ti\ti_cgt_arm_llvm_3.2.2.LTS\lib\clang\15.0.7\lib\armv7em-ti-none-eabihf\</path>
         <kind>archive</kind>
         <file>libclang_rt.builtins.a</file>
         <name>udivmoddi4.S.obj</name>
      </input_file>
      <input_file id="fl-130">
         <path>C:\ti\ti_cgt_arm_llvm_3.2.2.LTS\lib\clang\15.0.7\lib\armv7em-ti-none-eabihf\</path>
         <kind>archive</kind>
         <file>libclang_rt.builtins.a</file>
         <name>aeabi_div0.c.obj</name>
      </input_file>
      <input_file id="fl-131">
         <path>C:\ti\ti_cgt_arm_llvm_3.2.2.LTS\lib\armv7em-ti-none-eabihf\c\</path>
         <kind>archive</kind>
         <file>libc.a</file>
         <name>getdevice.c.obj</name>
      </input_file>
      <input_file id="fl-132">
         <path>C:\ti\ti_cgt_arm_llvm_3.2.2.LTS\lib\armv7em-ti-none-eabihf\c\</path>
         <kind>archive</kind>
         <file>libc.a</file>
         <name>strcmp_t2.S.obj</name>
      </input_file>
      <input_file id="fl-133">
         <path>C:\ti\ti_cgt_arm_llvm_3.2.2.LTS\lib\armv7em-ti-none-eabihf\c\</path>
         <kind>archive</kind>
         <file>libc.a</file>
         <name>memcpy_t2.S.obj</name>
      </input_file>
      <input_file id="fl-134">
         <path>C:\ti\ti_cgt_arm_llvm_3.2.2.LTS\lib\armv7em-ti-none-eabihf\c\</path>
         <kind>archive</kind>
         <file>libc.a</file>
         <name>memset_t2.S.obj</name>
      </input_file>
      <input_file id="fl-135">
         <path>C:\ti\MMWAVE_L_SDK_05_05_04_02\source\kernel\freertos\lib\</path>
         <kind>archive</kind>
         <file>freertos.xwrL64xx.m4f.ti-arm-clang.release.lib</file>
         <name>AddrTranslateP.obj</name>
      </input_file>
      <input_file id="fl-136">
         <path>C:\ti\MMWAVE_L_SDK_05_05_04_02\source\kernel\freertos\lib\</path>
         <kind>archive</kind>
         <file>freertos.xwrL64xx.m4f.ti-arm-clang.release.lib</file>
         <name>TaskP_freertos.obj</name>
      </input_file>
   </input_file_list>
   <object_component_list>
      <object_component id="oc-f">
         <name>.vectors</name>
         <load_address>0x400000</load_address>
         <readwrite>true</readwrite>
         <run_address>0x400000</run_address>
         <size>0x140</size>
         <alignment>0x20</alignment>
         <input_file_ref idref="fl-65"/>
      </object_component>
      <object_component id="oc-256">
         <name>.bss.gUartObjects</name>
         <uninitialized>true</uninitialized>
         <readwrite>true</readwrite>
         <run_address>0x419180</run_address>
         <size>0x21c</size>
         <alignment>0x4</alignment>
         <input_file_ref idref="fl-2"/>
      </object_component>
      <object_component id="oc-1b8">
         <name>.bss.gEdmaObjects</name>
         <uninitialized>true</uninitialized>
         <readwrite>true</readwrite>
         <run_address>0x419b70</run_address>
         <size>0x58</size>
         <alignment>0x4</alignment>
         <input_file_ref idref="fl-2"/>
      </object_component>
      <object_component id="oc-28e">
         <name>.bss.read_input_from_file.temp_chw</name>
         <uninitialized>true</uninitialized>
         <readwrite>true</readwrite>
         <run_address>0x40cd00</run_address>
         <size>0x6400</size>
         <alignment>0x4</alignment>
         <input_file_ref idref="fl-8"/>
      </object_component>
      <object_component id="oc-279">
         <name>.bss.weight3_backup</name>
         <uninitialized>true</uninitialized>
         <readwrite>true</readwrite>
         <run_address>0x418100</run_address>
         <size>0xa00</size>
         <alignment>0x4</alignment>
         <input_file_ref idref="fl-a"/>
      </object_component>
      <object_component id="oc-27a">
         <name>.bss.bias3_backup</name>
         <uninitialized>true</uninitialized>
         <readwrite>true</readwrite>
         <run_address>0x419c90</run_address>
         <size>0x28</size>
         <alignment>0x4</alignment>
         <input_file_ref idref="fl-a"/>
      </object_component>
      <object_component id="oc-27d">
         <name>.bss.bias2_backup</name>
         <uninitialized>true</uninitialized>
         <readwrite>true</readwrite>
         <run_address>0x4195fc</run_address>
         <size>0x100</size>
         <alignment>0x4</alignment>
         <input_file_ref idref="fl-a"/>
      </object_component>
      <object_component id="oc-29a">
         <name>.bss.buffer</name>
         <uninitialized>true</uninitialized>
         <readwrite>true</readwrite>
         <run_address>0x400200</run_address>
         <size>0xcb00</size>
         <alignment>0x4</alignment>
         <input_file_ref idref="fl-a"/>
      </object_component>
      <object_component id="oc-1c8">
         <name>.bss.gDebugLogLockObj</name>
         <uninitialized>true</uninitialized>
         <readwrite>true</readwrite>
         <run_address>0x419b10</run_address>
         <size>0x60</size>
         <alignment>0x4</alignment>
         <input_file_ref idref="fl-66"/>
      </object_component>
      <object_component id="oc-3e">
         <name>.bss.pxReadyTasksLists</name>
         <uninitialized>true</uninitialized>
         <readwrite>true</readwrite>
         <run_address>0x41939c</run_address>
         <size>0x140</size>
         <alignment>0x4</alignment>
         <input_file_ref idref="fl-67"/>
      </object_component>
      <object_component id="oc-147">
         <name>.bss.xTasksWaitingTermination</name>
         <uninitialized>true</uninitialized>
         <readwrite>true</readwrite>
         <run_address>0x419d30</run_address>
         <size>0x14</size>
         <alignment>0x4</alignment>
         <input_file_ref idref="fl-67"/>
      </object_component>
      <object_component id="oc-151">
         <name>.bss.xSuspendedTaskList</name>
         <uninitialized>true</uninitialized>
         <readwrite>true</readwrite>
         <run_address>0x419d1c</run_address>
         <size>0x14</size>
         <alignment>0x4</alignment>
         <input_file_ref idref="fl-67"/>
      </object_component>
      <object_component id="oc-150">
         <name>.bss.xPendingReadyList</name>
         <uninitialized>true</uninitialized>
         <readwrite>true</readwrite>
         <run_address>0x419d08</run_address>
         <size>0x14</size>
         <alignment>0x4</alignment>
         <input_file_ref idref="fl-67"/>
      </object_component>
      <object_component id="oc-146">
         <name>.bss.pxDelayedTaskList</name>
         <uninitialized>true</uninitialized>
         <readwrite>true</readwrite>
         <run_address>0x419d50</run_address>
         <size>0x4</size>
         <alignment>0x4</alignment>
         <input_file_ref idref="fl-67"/>
      </object_component>
      <object_component id="oc-152">
         <name>.bss.pxOverflowDelayedTaskList</name>
         <uninitialized>true</uninitialized>
         <readwrite>true</readwrite>
         <run_address>0x419d54</run_address>
         <size>0x4</size>
         <alignment>0x4</alignment>
         <input_file_ref idref="fl-67"/>
      </object_component>
      <object_component id="oc-14e">
         <name>.bss.xDelayedTaskList1</name>
         <uninitialized>true</uninitialized>
         <readwrite>true</readwrite>
         <run_address>0x419ce0</run_address>
         <size>0x14</size>
         <alignment>0x4</alignment>
         <input_file_ref idref="fl-67"/>
      </object_component>
      <object_component id="oc-14f">
         <name>.bss.xDelayedTaskList2</name>
         <uninitialized>true</uninitialized>
         <readwrite>true</readwrite>
         <run_address>0x419cf4</run_address>
         <size>0x14</size>
         <alignment>0x4</alignment>
         <input_file_ref idref="fl-67"/>
      </object_component>
      <object_component id="oc-22b">
         <name>.bss.pxCurrentTimerList</name>
         <uninitialized>true</uninitialized>
         <readwrite>true</readwrite>
         <run_address>0x419d4c</run_address>
         <size>0x4</size>
         <alignment>0x4</alignment>
         <input_file_ref idref="fl-68"/>
      </object_component>
      <object_component id="oc-22c">
         <name>.bss.pxOverflowTimerList</name>
         <uninitialized>true</uninitialized>
         <readwrite>true</readwrite>
         <run_address>0x419d58</run_address>
         <size>0x4</size>
         <alignment>0x4</alignment>
         <input_file_ref idref="fl-68"/>
      </object_component>
      <object_component id="oc-229">
         <name>.bss.xActiveTimerList1</name>
         <uninitialized>true</uninitialized>
         <readwrite>true</readwrite>
         <run_address>0x419cb8</run_address>
         <size>0x14</size>
         <alignment>0x4</alignment>
         <input_file_ref idref="fl-68"/>
      </object_component>
      <object_component id="oc-22a">
         <name>.bss.xActiveTimerList2</name>
         <uninitialized>true</uninitialized>
         <readwrite>true</readwrite>
         <run_address>0x419ccc</run_address>
         <size>0x14</size>
         <alignment>0x4</alignment>
         <input_file_ref idref="fl-68"/>
      </object_component>
      <object_component id="oc-22e">
         <name>.bss.prvCheckForValidListAndQueue.xStaticTimerQueue</name>
         <uninitialized>true</uninitialized>
         <readwrite>true</readwrite>
         <run_address>0x419bc8</run_address>
         <size>0x48</size>
         <alignment>0x4</alignment>
         <input_file_ref idref="fl-68"/>
      </object_component>
      <object_component id="oc-22d">
         <name>.bss.prvCheckForValidListAndQueue.ucStaticTimerQueueStorage</name>
         <uninitialized>true</uninitialized>
         <readwrite>true</readwrite>
         <run_address>0x4196fc</run_address>
         <size>0x100</size>
         <alignment>0x1</alignment>
         <input_file_ref idref="fl-68"/>
      </object_component>
      <object_component id="oc-153">
         <name>.bss.xIdleTaskTCB</name>
         <uninitialized>true</uninitialized>
         <readwrite>true</readwrite>
         <run_address>0x41999c</run_address>
         <size>0x7c</size>
         <alignment>0x4</alignment>
         <input_file_ref idref="fl-6c"/>
      </object_component>
      <object_component id="oc-154">
         <name>.bss.uxIdleTaskStack</name>
         <uninitialized>true</uninitialized>
         <readwrite>true</readwrite>
         <run_address>0x417100</run_address>
         <size>0x1000</size>
         <alignment>0x4</alignment>
         <input_file_ref idref="fl-6c"/>
      </object_component>
      <object_component id="oc-237">
         <name>.bss.xTimerTaskTCB</name>
         <uninitialized>true</uninitialized>
         <readwrite>true</readwrite>
         <run_address>0x419a18</run_address>
         <size>0x7c</size>
         <alignment>0x4</alignment>
         <input_file_ref idref="fl-6c"/>
      </object_component>
      <object_component id="oc-238">
         <name>.bss.uxTimerTaskStack</name>
         <uninitialized>true</uninitialized>
         <readwrite>true</readwrite>
         <run_address>0x418b00</run_address>
         <size>0x400</size>
         <alignment>0x4</alignment>
         <input_file_ref idref="fl-6c"/>
      </object_component>
      <object_component id="oc-3dc">
         <name>.bss.__TI_tmpnams</name>
         <uninitialized>true</uninitialized>
         <readwrite>true</readwrite>
         <run_address>0x4198fc</run_address>
         <size>0xa0</size>
         <alignment>0x1</alignment>
         <input_file_ref idref="fl-a4"/>
      </object_component>
      <object_component id="oc-492">
         <name>.bss.sys_free</name>
         <uninitialized>true</uninitialized>
         <readwrite>true</readwrite>
         <run_address>0x419d5c</run_address>
         <size>0x4</size>
         <alignment>0x4</alignment>
         <input_file_ref idref="fl-a6"/>
      </object_component>
      <object_component id="oc-51b">
         <name>.bss.parmbuf</name>
         <uninitialized>true</uninitialized>
         <readwrite>true</readwrite>
         <run_address>0x419d44</run_address>
         <size>0x8</size>
         <alignment>0x1</alignment>
         <input_file_ref idref="fl-11b"/>
      </object_component>
      <object_component id="oc-534">
         <name>.bss:_CIOBUF_</name>
         <uninitialized>true</uninitialized>
         <readwrite>true</readwrite>
         <run_address>0x4194dc</run_address>
         <size>0x120</size>
         <alignment>0x4</alignment>
         <input_file_ref idref="fl-120"/>
      </object_component>
      <object_component id="oc-213">
         <name>.common:gEdmaHandle</name>
         <uninitialized>true</uninitialized>
         <readwrite>true</readwrite>
         <run_address>0x419d6c</run_address>
         <size>0x4</size>
         <alignment>0x4</alignment>
      </object_component>
      <object_component id="oc-211">
         <name>.common:gUartHandle</name>
         <uninitialized>true</uninitialized>
         <readwrite>true</readwrite>
         <run_address>0x419d74</run_address>
         <size>0x4</size>
         <alignment>0x4</alignment>
      </object_component>
      <object_component id="oc-85">
         <name>.common:gMainTaskStack</name>
         <uninitialized>true</uninitialized>
         <readwrite>true</readwrite>
         <run_address>0x413100</run_address>
         <size>0x4000</size>
         <alignment>0x20</alignment>
      </object_component>
      <object_component id="oc-86">
         <name>.common:gMainTaskObj</name>
         <uninitialized>true</uninitialized>
         <readwrite>true</readwrite>
         <run_address>0x419a94</run_address>
         <size>0x7c</size>
         <alignment>0x4</alignment>
      </object_component>
      <object_component id="oc-8a">
         <name>.common:gMainTask</name>
         <uninitialized>true</uninitialized>
         <readwrite>true</readwrite>
         <run_address>0x419d70</run_address>
         <size>0x4</size>
         <alignment>0x4</alignment>
      </object_component>
      <object_component id="oc-2b5">
         <name>.common:fptr</name>
         <uninitialized>true</uninitialized>
         <readwrite>true</readwrite>
         <run_address>0x419d60</run_address>
         <size>0x4</size>
         <alignment>0x4</alignment>
      </object_component>
      <object_component id="oc-2b6">
         <name>.common:int8ptr</name>
         <uninitialized>true</uninitialized>
         <readwrite>true</readwrite>
         <run_address>0x419d78</run_address>
         <size>0x4</size>
         <alignment>0x4</alignment>
      </object_component>
      <object_component id="oc-2d7">
         <name>.common:fptr3</name>
         <uninitialized>true</uninitialized>
         <readwrite>true</readwrite>
         <run_address>0x419d68</run_address>
         <size>0x4</size>
         <alignment>0x4</alignment>
      </object_component>
      <object_component id="oc-2d8">
         <name>.common:fptr2</name>
         <uninitialized>true</uninitialized>
         <readwrite>true</readwrite>
         <run_address>0x419d64</run_address>
         <size>0x4</size>
         <alignment>0x4</alignment>
      </object_component>
      <object_component id="oc-5f">
         <name>.common:gHwiCtrl</name>
         <uninitialized>true</uninitialized>
         <readwrite>true</readwrite>
         <run_address>0x418f00</run_address>
         <size>0x280</size>
         <alignment>0x4</alignment>
      </object_component>
      <object_component id="oc-17c">
         <name>.common:gClockCtrl</name>
         <uninitialized>true</uninitialized>
         <readwrite>true</readwrite>
         <run_address>0x419c58</run_address>
         <size>0x38</size>
         <alignment>0x8</alignment>
      </object_component>
      <object_component id="oc-315">
         <name>.common:xQueueRegistry</name>
         <uninitialized>true</uninitialized>
         <readwrite>true</readwrite>
         <run_address>0x4197fc</run_address>
         <size>0x100</size>
         <alignment>0x4</alignment>
      </object_component>
      <object_component id="oc-17">
         <name>.common:gRovDummyQueue</name>
         <uninitialized>true</uninitialized>
         <readwrite>true</readwrite>
         <run_address>0x419c10</run_address>
         <size>0x48</size>
         <alignment>0x4</alignment>
      </object_component>
      <object_component id="oc-271">
         <name>.text._vsnprintf</name>
         <load_address>0x419d80</load_address>
         <readonly>true</readonly>
         <executable>true</executable>
         <run_address>0x419d80</run_address>
         <size>0x570</size>
         <alignment>0x4</alignment>
         <input_file_ref idref="fl-6d"/>
      </object_component>
      <object_component id="oc-200">
         <name>.text.invoke</name>
         <load_address>0x41a2f0</load_address>
         <readonly>true</readonly>
         <executable>true</executable>
         <run_address>0x41a2f0</run_address>
         <size>0x510</size>
         <alignment>0x4</alignment>
         <input_file_ref idref="fl-a"/>
      </object_component>
      <object_component id="oc-2f0">
         <name>.text.group_pointwise_conv_fp_in1x1_out1x1_1row10col_uniweight_int8input_inplace</name>
         <load_address>0x41a800</load_address>
         <readonly>true</readonly>
         <executable>true</executable>
         <run_address>0x41a800</run_address>
         <size>0x4f0</size>
         <alignment>0x4</alignment>
         <input_file_ref idref="fl-f"/>
      </object_component>
      <object_component id="oc-351">
         <name>.text._etoa</name>
         <load_address>0x41acf0</load_address>
         <readonly>true</readonly>
         <executable>true</executable>
         <run_address>0x41acf0</run_address>
         <size>0x4a8</size>
         <alignment>0x8</alignment>
         <input_file_ref idref="fl-6d"/>
      </object_component>
      <object_component id="oc-350">
         <name>.text._ftoa</name>
         <load_address>0x41b198</load_address>
         <readonly>true</readonly>
         <executable>true</executable>
         <run_address>0x41b198</run_address>
         <size>0x440</size>
         <alignment>0x8</alignment>
         <input_file_ref idref="fl-6d"/>
      </object_component>
      <object_component id="oc-137">
         <name>.text.run_noise_experiment</name>
         <load_address>0x41b5d8</load_address>
         <readonly>true</readonly>
         <executable>true</executable>
         <run_address>0x41b5d8</run_address>
         <size>0x428</size>
         <alignment>0x4</alignment>
         <input_file_ref idref="fl-8"/>
      </object_component>
      <object_component id="oc-3a5">
         <name>.text.log</name>
         <load_address>0x41ba00</load_address>
         <readonly>true</readonly>
         <executable>true</executable>
         <run_address>0x41ba00</run_address>
         <size>0x3d8</size>
         <alignment>0x8</alignment>
         <input_file_ref idref="fl-9b"/>
      </object_component>
      <object_component id="oc-a0">
         <name>.text.hwi</name>
         <load_address>0x41bdd8</load_address>
         <readonly>true</readonly>
         <executable>true</executable>
         <run_address>0x41bdd8</run_address>
         <size>0x3b0</size>
         <alignment>0x4</alignment>
         <input_file_ref idref="fl-62"/>
      </object_component>
      <object_component id="oc-39b">
         <name>.text.exp</name>
         <load_address>0x41c188</load_address>
         <readonly>true</readonly>
         <executable>true</executable>
         <run_address>0x41c188</run_address>
         <size>0x37c</size>
         <alignment>0x8</alignment>
         <input_file_ref idref="fl-9a"/>
      </object_component>
      <object_component id="oc-129">
         <name>.text.Board_driversOpen</name>
         <load_address>0x41c504</load_address>
         <readonly>true</readonly>
         <executable>true</executable>
         <run_address>0x41c504</run_address>
         <size>0x4</size>
         <alignment>0x2</alignment>
         <input_file_ref idref="fl-7"/>
      </object_component>
      <object_component id="oc-26a">
         <name>.text.UART_open</name>
         <load_address>0x41c508</load_address>
         <readonly>true</readonly>
         <executable>true</executable>
         <run_address>0x41c508</run_address>
         <size>0x360</size>
         <alignment>0x8</alignment>
         <input_file_ref idref="fl-78"/>
      </object_component>
      <object_component id="oc-114">
         <name>.text.SOC_rcmGetPeripheralClock</name>
         <load_address>0x41c868</load_address>
         <readonly>true</readonly>
         <executable>true</executable>
         <run_address>0x41c868</run_address>
         <size>0x310</size>
         <alignment>0x4</alignment>
         <input_file_ref idref="fl-77"/>
      </object_component>
      <object_component id="oc-c5">
         <name>.text.EDMA_init</name>
         <load_address>0x41cb78</load_address>
         <readonly>true</readonly>
         <executable>true</executable>
         <run_address>0x41cb78</run_address>
         <size>0x30a</size>
         <alignment>0x4</alignment>
         <input_file_ref idref="fl-72"/>
      </object_component>
      <object_component id="oc-138">
         <name>.text.Board_driversClose</name>
         <load_address>0x41ce82</load_address>
         <readonly>true</readonly>
         <executable>true</executable>
         <run_address>0x41ce82</run_address>
         <size>0x2</size>
         <alignment>0x2</alignment>
         <input_file_ref idref="fl-7"/>
      </object_component>
      <object_component id="oc-29f">
         <name>.text.arm_convolve_s8_4col</name>
         <load_address>0x41ce84</load_address>
         <readonly>true</readonly>
         <executable>true</executable>
         <run_address>0x41ce84</run_address>
         <size>0x30a</size>
         <alignment>0x4</alignment>
         <input_file_ref idref="fl-2f"/>
      </object_component>
      <object_component id="oc-190">
         <name>.text.SOC_clocksEnable</name>
         <load_address>0x41d18e</load_address>
         <readonly>true</readonly>
         <executable>true</executable>
         <run_address>0x41d18e</run_address>
         <size>0x12</size>
         <alignment>0x2</alignment>
         <input_file_ref idref="fl-76"/>
      </object_component>
      <object_component id="oc-4ea">
         <name>.text:strcmp</name>
         <load_address>0x41d1a0</load_address>
         <readonly>true</readonly>
         <executable>true</executable>
         <run_address>0x41d1a0</run_address>
         <size>0x2dc</size>
         <alignment>0x20</alignment>
         <input_file_ref idref="fl-132"/>
      </object_component>
      <object_component id="oc-393">
         <name>.text.mat_mult_kernel_s8_s16_reordered_fpreq_bitmask</name>
         <load_address>0x41d47c</load_address>
         <readonly>true</readonly>
         <executable>true</executable>
         <run_address>0x41d47c</run_address>
         <size>0x2d8</size>
         <alignment>0x4</alignment>
         <input_file_ref idref="fl-2d"/>
      </object_component>
      <object_component id="oc-2af">
         <name>.text.convolve_1x1_s8_fpreq_bitmask</name>
         <load_address>0x41d754</load_address>
         <readonly>true</readonly>
         <executable>true</executable>
         <run_address>0x41d754</run_address>
         <size>0x290</size>
         <alignment>0x4</alignment>
         <input_file_ref idref="fl-2a"/>
      </object_component>
      <object_component id="oc-355">
         <name>.text:__TI_printfi_minimal</name>
         <load_address>0x41d9e4</load_address>
         <readonly>true</readonly>
         <executable>true</executable>
         <run_address>0x41d9e4</run_address>
         <size>0x268</size>
         <alignment>0x4</alignment>
         <input_file_ref idref="fl-8c"/>
      </object_component>
      <object_component id="oc-49f">
         <name>.text.UART_write</name>
         <load_address>0x41dc4c</load_address>
         <readonly>true</readonly>
         <executable>true</executable>
         <run_address>0x41dc4c</run_address>
         <size>0x22c</size>
         <alignment>0x2</alignment>
         <input_file_ref idref="fl-78"/>
      </object_component>
      <object_component id="oc-2f7">
         <name>.text.sum_4D_exclude</name>
         <load_address>0x41de78</load_address>
         <readonly>true</readonly>
         <executable>true</executable>
         <run_address>0x41de78</run_address>
         <size>0x22c</size>
         <alignment>0x4</alignment>
         <input_file_ref idref="fl-1b"/>
      </object_component>
      <object_component id="oc-1f2">
         <name>.text.invoke_inf</name>
         <load_address>0x41e0a4</load_address>
         <readonly>true</readonly>
         <executable>true</executable>
         <run_address>0x41e0a4</run_address>
         <size>0x204</size>
         <alignment>0x4</alignment>
         <input_file_ref idref="fl-a"/>
      </object_component>
      <object_component id="oc-2bb">
         <name>.text.expf</name>
         <load_address>0x41e2a8</load_address>
         <readonly>true</readonly>
         <executable>true</executable>
         <run_address>0x41e2a8</run_address>
         <size>0x1e4</size>
         <alignment>0x4</alignment>
         <input_file_ref idref="fl-98"/>
      </object_component>
      <object_component id="oc-389">
         <name>.text.arm_nn_mat_mult_kernel_s8_s16_4col</name>
         <load_address>0x41e48c</load_address>
         <readonly>true</readonly>
         <executable>true</executable>
         <run_address>0x41e48c</run_address>
         <size>0x1ca</size>
         <alignment>0x4</alignment>
         <input_file_ref idref="fl-a"/>
      </object_component>
      <object_component id="oc-80">
         <name>.text.Board_init</name>
         <load_address>0x41e656</load_address>
         <readonly>true</readonly>
         <executable>true</executable>
         <run_address>0x41e656</run_address>
         <size>0x2</size>
         <alignment>0x2</alignment>
         <input_file_ref idref="fl-6"/>
      </object_component>
      <object_component id="oc-64">
         <name>.text.mpu</name>
         <load_address>0x41e658</load_address>
         <readonly>true</readonly>
         <executable>true</executable>
         <run_address>0x41e658</run_address>
         <size>0x1ca</size>
         <alignment>0x4</alignment>
         <input_file_ref idref="fl-61"/>
      </object_component>
      <object_component id="oc-24f">
         <name>.text.ClockP_timerClearOverflowInt</name>
         <load_address>0x41e822</load_address>
         <readonly>true</readonly>
         <executable>true</executable>
         <run_address>0x41e822</run_address>
         <size>0x2</size>
         <alignment>0x2</alignment>
         <input_file_ref idref="fl-64"/>
      </object_component>
      <object_component id="oc-33a">
         <name>.text.adddf3_subdf3</name>
         <load_address>0x41e824</load_address>
         <readonly>true</readonly>
         <executable>true</executable>
         <run_address>0x41e824</run_address>
         <size>0x1b6</size>
         <alignment>0x4</alignment>
         <input_file_ref idref="fl-121"/>
      </object_component>
      <object_component id="oc-325">
         <name>.text.__aeabi_ldiv0</name>
         <load_address>0x41e9da</load_address>
         <readonly>true</readonly>
         <executable>true</executable>
         <run_address>0x41e9da</run_address>
         <size>0x2</size>
         <alignment>0x2</alignment>
         <input_file_ref idref="fl-130"/>
      </object_component>
      <object_component id="oc-15f">
         <name>.text.prvTimerTask</name>
         <load_address>0x41e9dc</load_address>
         <readonly>true</readonly>
         <executable>true</executable>
         <run_address>0x41e9dc</run_address>
         <size>0x1ae</size>
         <alignment>0x4</alignment>
         <input_file_ref idref="fl-68"/>
      </object_component>
      <object_component id="oc-344">
         <name>.text.UART_edmaChannelConfig</name>
         <load_address>0x41eb8a</load_address>
         <readonly>true</readonly>
         <executable>true</executable>
         <run_address>0x41eb8a</run_address>
         <size>0x190</size>
         <alignment>0x2</alignment>
         <input_file_ref idref="fl-79"/>
      </object_component>
      <object_component id="oc-343">
         <name>.text.UART_controllerIsr</name>
         <load_address>0x41ed1a</load_address>
         <readonly>true</readonly>
         <executable>true</executable>
         <run_address>0x41ed1a</run_address>
         <size>0x17a</size>
         <alignment>0x2</alignment>
         <input_file_ref idref="fl-78"/>
      </object_component>
      <object_component id="oc-254">
         <name>.text.SOC_rcmEnablePeripheralClock</name>
         <load_address>0x41ee94</load_address>
         <readonly>true</readonly>
         <executable>true</executable>
         <run_address>0x41ee94</run_address>
         <size>0x170</size>
         <alignment>0x4</alignment>
         <input_file_ref idref="fl-77"/>
      </object_component>
      <object_component id="oc-255">
         <name>.text.SOC_rcmSetPeripheralClock</name>
         <load_address>0x41f004</load_address>
         <readonly>true</readonly>
         <executable>true</executable>
         <run_address>0x41f004</run_address>
         <size>0x162</size>
         <alignment>0x4</alignment>
         <input_file_ref idref="fl-77"/>
      </object_component>
      <object_component id="oc-168">
         <name>.text._nop</name>
         <load_address>0x41f166</load_address>
         <readonly>true</readonly>
         <executable>true</executable>
         <run_address>0x41f166</run_address>
         <size>0x2</size>
         <alignment>0x2</alignment>
         <input_file_ref idref="fl-a0"/>
      </object_component>
      <object_component id="oc-26f">
         <name>.text.xQueueSemaphoreTake</name>
         <load_address>0x41f168</load_address>
         <readonly>true</readonly>
         <executable>true</executable>
         <run_address>0x41f168</run_address>
         <size>0x156</size>
         <alignment>0x4</alignment>
         <input_file_ref idref="fl-69"/>
      </object_component>
      <object_component id="oc-212">
         <name>.text.UART_close</name>
         <load_address>0x41f2be</load_address>
         <readonly>true</readonly>
         <executable>true</executable>
         <run_address>0x41f2be</run_address>
         <size>0x148</size>
         <alignment>0x2</alignment>
         <input_file_ref idref="fl-78"/>
      </object_component>
      <object_component id="oc-34f">
         <name>.text._out_null</name>
[...]
         <object_component_ref idref="oc-355"/>
      </symbol>
      <symbol id="sm-639">
         <name>sprintf</name>
         <value>0x423ba1</value>
         <object_component_ref idref="oc-1d9"/>
      </symbol>
      <symbol id="sm-647">
         <name>fclose</name>
         <value>0x423fe5</value>
         <object_component_ref idref="oc-209"/>
      </symbol>
      <symbol id="sm-648">
         <name>__TI_closefile</name>
         <value>0x422629</value>
         <object_component_ref idref="oc-2ff"/>
      </symbol>
      <symbol id="sm-652">
         <name>__TI_doflush</name>
         <value>0x4234b3</value>
         <object_component_ref idref="oc-365"/>
      </symbol>
      <symbol id="sm-668">
         <name>fopen</name>
         <value>0x423e45</value>
         <object_component_ref idref="oc-1e1"/>
      </symbol>
      <symbol id="sm-669">
         <name>__TI_cleanup</name>
         <value>0x423c81</value>
         <object_component_ref idref="oc-364"/>
      </symbol>
      <symbol id="sm-677">
         <name>fputc</name>
         <value>0x422135</value>
         <object_component_ref idref="oc-3bb"/>
      </symbol>
      <symbol id="sm-678">
         <name>putchar</name>
         <value>0x42484d</value>
         <object_component_ref idref="oc-2ca"/>
      </symbol>
      <symbol id="sm-683">
         <name>fputs</name>
         <value>0x420c95</value>
         <object_component_ref idref="oc-47f"/>
      </symbol>
      <symbol id="sm-68e">
         <name>fread</name>
         <value>0x420aad</value>
         <object_component_ref idref="oc-28f"/>
      </symbol>
      <symbol id="sm-69b">
         <name>fseek</name>
         <value>0x424921</value>
         <object_component_ref idref="oc-1eb"/>
      </symbol>
      <symbol id="sm-69c">
         <name>fseeko</name>
         <value>0x422ca5</value>
         <object_component_ref idref="oc-289"/>
      </symbol>
      <symbol id="sm-6a6">
         <name>__TI_buff_read</name>
         <value>0x421dbd</value>
         <object_component_ref idref="oc-379"/>
      </symbol>
      <symbol id="sm-6b2">
         <name>__TI_rd_ok</name>
         <value>0x4235e9</value>
         <object_component_ref idref="oc-36f"/>
      </symbol>
      <symbol id="sm-6b3">
         <name>__TI_wrt_ok</name>
         <value>0x422fdb</value>
         <object_component_ref idref="oc-485"/>
      </symbol>
      <symbol id="sm-6bd">
         <name>setvbuf</name>
         <value>0x421205</value>
         <object_component_ref idref="oc-459"/>
      </symbol>
      <symbol id="sm-6cb">
         <name>expf</name>
         <value>0x41e2a9</value>
         <object_component_ref idref="oc-2bb"/>
      </symbol>
      <symbol id="sm-6d4">
         <name>roundf</name>
         <value>0x4223c9</value>
         <object_component_ref idref="oc-293"/>
      </symbol>
      <symbol id="sm-6f5">
         <name>exp</name>
         <value>0x41c189</value>
         <object_component_ref idref="oc-39b"/>
      </symbol>
      <symbol id="sm-6f6">
         <name>expl</name>
         <value>0x41c189</value>
         <object_component_ref idref="oc-39b"/>
      </symbol>
      <symbol id="sm-710">
         <name>log</name>
         <value>0x41ba01</value>
         <object_component_ref idref="oc-3a5"/>
      </symbol>
      <symbol id="sm-711">
         <name>logl</name>
         <value>0x41ba01</value>
         <object_component_ref idref="oc-3a5"/>
      </symbol>
      <symbol id="sm-71e">
         <name>__aeabi_errno_addr</name>
         <value>0x4248d9</value>
         <object_component_ref idref="oc-3ae"/>
      </symbol>
      <symbol id="sm-71f">
         <name>__aeabi_errno</name>
         <value>0x42cb04</value>
         <object_component_ref idref="oc-47b"/>
      </symbol>
      <symbol id="sm-72d">
         <name>abort</name>
         <value>0x424929</value>
         <object_component_ref idref="oc-94"/>
      </symbol>
      <symbol id="sm-72e">
         <name>C$$EXIT</name>
         <value>0x424928</value>
         <object_component_ref idref="oc-94"/>
      </symbol>
      <symbol id="sm-72f">
         <name>__TI_cleanup_ptr</name>
         <value>0x42cadc</value>
         <object_component_ref idref="oc-ee"/>
      </symbol>
      <symbol id="sm-730">
         <name>__TI_dtors_ptr</name>
         <value>0x42cae0</value>
         <object_component_ref idref="oc-ee"/>
      </symbol>
      <symbol id="sm-731">
         <name>exit</name>
         <value>0x423e15</value>
         <object_component_ref idref="oc-99"/>
      </symbol>
      <symbol id="sm-73a">
         <name>_nop</name>
         <value>0x41f167</value>
         <object_component_ref idref="oc-168"/>
      </symbol>
      <symbol id="sm-73b">
         <name>_lock</name>
         <value>0x42cb08</value>
         <object_component_ref idref="oc-ec"/>
      </symbol>
      <symbol id="sm-73c">
         <name>_unlock</name>
         <value>0x42cb0c</value>
         <object_component_ref idref="oc-ef"/>
      </symbol>
      <symbol id="sm-744">
         <name>_ftable</name>
         <value>0x42c688</value>
         <object_component_ref idref="oc-35f"/>
      </symbol>
      <symbol id="sm-745">
         <name>__TI_ft_end</name>
         <value>0x42cb00</value>
         <object_component_ref idref="oc-35d"/>
      </symbol>
      <symbol id="sm-746">
         <name>__TI_tmpnams</name>
         <value>0x4198fc</value>
         <object_component_ref idref="oc-3dc"/>
      </symbol>
      <symbol id="sm-74f">
         <name>memccpy</name>
         <value>0x424437</value>
         <object_component_ref idref="oc-42d"/>
      </symbol>
      <symbol id="sm-76f">
         <name>malloc</name>
         <value>0x4248e9</value>
         <object_component_ref idref="oc-4cf"/>
      </symbol>
      <symbol id="sm-770">
         <name>aligned_alloc</name>
         <value>0x420139</value>
         <object_component_ref idref="oc-50c"/>
      </symbol>
      <symbol id="sm-771">
         <name>free</name>
         <value>0x420d85</value>
         <object_component_ref idref="oc-30a"/>
      </symbol>
      <symbol id="sm-772">
         <name>_sys_memory</name>
         <value>0x45a000</value>
         <object_component_ref idref="oc-2b"/>
      </symbol>
      <symbol id="sm-773">
         <name>memalign</name>
         <value>0x420139</value>
         <object_component_ref idref="oc-50c"/>
      </symbol>
      <symbol id="sm-77e">
         <name>__TI_auto_init_nobinit_nopinit</name>
         <value>0x423bd9</value>
         <object_component_ref idref="oc-6d"/>
      </symbol>
      <symbol id="sm-78a">
         <name>floorf</name>
         <value>0x421d21</value>
         <object_component_ref idref="oc-381"/>
      </symbol>
      <symbol id="sm-794">
         <name>write</name>
         <value>0x4240c1</value>
         <object_component_ref idref="oc-450"/>
      </symbol>
      <symbol id="sm-799">
         <name>_device</name>
         <value>0x42c840</value>
         <object_component_ref idref="oc-4c6"/>
      </symbol>
      <symbol id="sm-79a">
         <name>_stream</name>
         <value>0x42c91c</value>
         <object_component_ref idref="oc-44b"/>
      </symbol>
      <symbol id="sm-7a2">
         <name>remove</name>
         <value>0x424925</value>
         <object_component_ref idref="oc-3d8"/>
      </symbol>
      <symbol id="sm-7ac">
         <name>read</name>
         <value>0x424069</value>
         <object_component_ref idref="oc-375"/>
      </symbol>
      <symbol id="sm-7b8">
         <name>open</name>
         <value>0x421755</value>
         <object_component_ref idref="oc-360"/>
      </symbol>
      <symbol id="sm-7c2">
         <name>lseek</name>
         <value>0x42403d</value>
         <object_component_ref idref="oc-36b"/>
      </symbol>
      <symbol id="sm-7cc">
         <name>close</name>
         <value>0x42303d</value>
         <object_component_ref idref="oc-3d4"/>
      </symbol>
      <symbol id="sm-7d6">
         <name>unlink</name>
         <value>0x424095</value>
         <object_component_ref idref="oc-489"/>
      </symbol>
      <symbol id="sm-7e0">
         <name>HOSTclose</name>
         <value>0x42395d</value>
         <object_component_ref idref="oc-4f2"/>
      </symbol>
      <symbol id="sm-7ea">
         <name>HOSTlseek</name>
         <value>0x423211</value>
         <object_component_ref idref="oc-4fe"/>
      </symbol>
      <symbol id="sm-7f4">
         <name>HOSTopen</name>
         <value>0x423269</value>
         <object_component_ref idref="oc-4ee"/>
      </symbol>
      <symbol id="sm-7f5">
         <name>parmbuf</name>
         <value>0x419d44</value>
         <object_component_ref idref="oc-51b"/>
      </symbol>
      <symbol id="sm-7ff">
         <name>HOSTread</name>
         <value>0x423319</value>
         <object_component_ref idref="oc-4f6"/>
      </symbol>
      <symbol id="sm-810">
         <name>HOSTrename</name>
         <value>0x422e41</value>
         <object_component_ref idref="oc-506"/>
      </symbol>
      <symbol id="sm-81a">
         <name>HOSTunlink</name>
         <value>0x423799</value>
         <object_component_ref idref="oc-502"/>
      </symbol>
      <symbol id="sm-824">
         <name>HOSTwrite</name>
         <value>0x42336d</value>
         <object_component_ref idref="oc-4fa"/>
      </symbol>
      <symbol id="sm-832">
         <name>C$$IO$$</name>
         <value>0x423cdf</value>
         <object_component_ref idref="oc-514"/>
      </symbol>
      <symbol id="sm-833">
         <name>__TI_writemsg</name>
         <value>0x423cb5</value>
         <object_component_ref idref="oc-514"/>
      </symbol>
      <symbol id="sm-834">
         <name>__CIOBUF_</name>
         <value>0x4194dc</value>
         <object_component_ref idref="oc-534"/>
      </symbol>
      <symbol id="sm-835">
         <name>__TI_readmsg</name>
         <value>0x423db5</value>
         <object_component_ref idref="oc-51a"/>
      </symbol>
      <symbol id="sm-836">
         <name>_CIOBUF_</name>
         <value>0x4194dc</value>
         <object_component_ref idref="oc-534"/>
      </symbol>
      <symbol id="sm-83c">
         <name>__aeabi_dadd</name>
         <value>0x41e82f</value>
         <object_component_ref idref="oc-33a"/>
      </symbol>
      <symbol id="sm-83d">
         <name>__adddf3</name>
         <value>0x41e82f</value>
         <object_component_ref idref="oc-33a"/>
      </symbol>
      <symbol id="sm-83e">
         <name>__aeabi_dsub</name>
         <value>0x41e825</value>
         <object_component_ref idref="oc-33a"/>
      </symbol>
      <symbol id="sm-83f">
         <name>__subdf3</name>
         <value>0x41e825</value>
         <object_component_ref idref="oc-33a"/>
      </symbol>
      <symbol id="sm-845">
         <name>__aeabi_dmul</name>
         <value>0x4207bd</value>
         <object_component_ref idref="oc-41d"/>
      </symbol>
      <symbol id="sm-846">
         <name>__muldf3</name>
         <value>0x4207bd</value>
         <object_component_ref idref="oc-41d"/>
      </symbol>
      <symbol id="sm-84c">
         <name>__aeabi_ddiv</name>
         <value>0x41f7c1</value>
         <object_component_ref idref="oc-426"/>
      </symbol>
      <symbol id="sm-84d">
         <name>__divdf3</name>
         <value>0x41f7c1</value>
         <object_component_ref idref="oc-426"/>
      </symbol>
      <symbol id="sm-853">
         <name>__aeabi_f2d</name>
         <value>0x423b69</value>
         <object_component_ref idref="oc-336"/>
      </symbol>
      <symbol id="sm-854">
         <name>__extendsfdf2</name>
         <value>0x423b69</value>
         <object_component_ref idref="oc-336"/>
      </symbol>
      <symbol id="sm-85a">
         <name>__aeabi_d2iz</name>
         <value>0x423635</value>
         <object_component_ref idref="oc-414"/>
      </symbol>
      <symbol id="sm-85b">
         <name>__fixdfsi</name>
         <value>0x423635</value>
         <object_component_ref idref="oc-414"/>
      </symbol>
      <symbol id="sm-861">
         <name>__aeabi_d2uiz</name>
         <value>0x4237dd</value>
         <object_component_ref idref="oc-33e"/>
      </symbol>
      <symbol id="sm-862">
         <name>__fixunsdfsi</name>
         <value>0x4237dd</value>
         <object_component_ref idref="oc-33e"/>
      </symbol>
      <symbol id="sm-868">
         <name>__aeabi_i2d</name>
         <value>0x423f31</value>
         <object_component_ref idref="oc-418"/>
      </symbol>
      <symbol id="sm-869">
         <name>__floatsidf</name>
         <value>0x423f31</value>
         <object_component_ref idref="oc-418"/>
      </symbol>
      <symbol id="sm-86f">
         <name>__aeabi_ui2d</name>
         <value>0x424379</value>
         <object_component_ref idref="oc-421"/>
      </symbol>
      <symbol id="sm-870">
         <name>__floatunsidf</name>
         <value>0x424379</value>
         <object_component_ref idref="oc-421"/>
      </symbol>
      <symbol id="sm-876">
         <name>__aeabi_d2f</name>
         <value>0x4229b5</value>
         <object_component_ref idref="oc-3a1"/>
      </symbol>
      <symbol id="sm-877">
         <name>__truncdfsf2</name>
         <value>0x4229b5</value>
         <object_component_ref idref="oc-3a1"/>
      </symbol>
      <symbol id="sm-885">
         <name>__ledf2</name>
         <value>0x422945</value>
         <object_component_ref idref="oc-4a2"/>
      </symbol>
      <symbol id="sm-886">
         <name>__gedf2</name>
         <value>0x4228d5</value>
         <object_component_ref idref="oc-4a3"/>
      </symbol>
      <symbol id="sm-887">
         <name>__unorddf2</name>
         <value>0x423de5</value>
         <object_component_ref idref="oc-405"/>
      </symbol>
      <symbol id="sm-888">
         <name>__cmpdf2</name>
         <value>0x422945</value>
         <object_component_ref idref="oc-4a2"/>
      </symbol>
      <symbol id="sm-889">
         <name>__eqdf2</name>
         <value>0x422945</value>
         <object_component_ref idref="oc-4a2"/>
      </symbol>
      <symbol id="sm-88a">
         <name>__ltdf2</name>
         <value>0x422945</value>
         <object_component_ref idref="oc-4a2"/>
      </symbol>
      <symbol id="sm-88b">
         <name>__nedf2</name>
         <value>0x422945</value>
         <object_component_ref idref="oc-4a2"/>
      </symbol>
      <symbol id="sm-88c">
         <name>__gtdf2</name>
         <value>0x4228d5</value>
         <object_component_ref idref="oc-4a3"/>
      </symbol>
      <symbol id="sm-88d">
         <name>__aeabi_dcmpun</name>
         <value>0x423de5</value>
         <object_component_ref idref="oc-405"/>
      </symbol>
      <symbol id="sm-893">
         <name>__aeabi_dcmpeq</name>
         <value>0x422f79</value>
         <object_component_ref idref="oc-40b"/>
      </symbol>
      <symbol id="sm-894">
         <name>__aeabi_dcmplt</name>
         <value>0x422f8d</value>
         <object_component_ref idref="oc-40b"/>
      </symbol>
      <symbol id="sm-895">
         <name>__aeabi_dcmple</name>
         <value>0x422fa1</value>
         <object_component_ref idref="oc-40b"/>
      </symbol>
      <symbol id="sm-896">
         <name>__aeabi_dcmpge</name>
         <value>0x422fb5</value>
         <object_component_ref idref="oc-40b"/>
      </symbol>
      <symbol id="sm-897">
         <name>__aeabi_dcmpgt</name>
         <value>0x422fc9</value>
         <object_component_ref idref="oc-40b"/>
      </symbol>
      <symbol id="sm-89d">
         <name>__aeabi_memcpy</name>
         <value>0x424911</value>
         <object_component_ref idref="oc-f1"/>
      </symbol>
      <symbol id="sm-89e">
         <name>__aeabi_memcpy4</name>
         <value>0x424911</value>
         <object_component_ref idref="oc-f1"/>
      </symbol>
      <symbol id="sm-89f">
         <name>__aeabi_memcpy8</name>
         <value>0x424911</value>
         <object_component_ref idref="oc-f1"/>
      </symbol>
      <symbol id="sm-8a8">
         <name>__aeabi_memset</name>
         <value>0x424871</value>
         <object_component_ref idref="oc-413"/>
      </symbol>
      <symbol id="sm-8a9">
         <name>__aeabi_memset4</name>
         <value>0x424871</value>
         <object_component_ref idref="oc-413"/>
      </symbol>
      <symbol id="sm-8aa">
         <name>__aeabi_memset8</name>
         <value>0x424871</value>
         <object_component_ref idref="oc-413"/>
      </symbol>
      <symbol id="sm-8ab">
         <name>__aeabi_memclr</name>
         <value>0x4248e1</value>
         <object_component_ref idref="oc-4c"/>
      </symbol>
      <symbol id="sm-8ac">
         <name>__aeabi_memclr4</name>
         <value>0x4248e1</value>
         <object_component_ref idref="oc-4c"/>
      </symbol>
      <symbol id="sm-8ad">
         <name>__aeabi_memclr8</name>
         <value>0x4248e1</value>
         <object_component_ref idref="oc-4c"/>
      </symbol>
      <symbol id="sm-8b3">
         <name>__aeabi_uldivmod</name>
         <value>0x42465d</value>
         <object_component_ref idref="oc-1ba"/>
      </symbol>
      <symbol id="sm-8b9">
         <name>__udivmoddi4</name>
         <value>0x4216a5</value>
         <object_component_ref idref="oc-260"/>
      </symbol>
      <symbol id="sm-8c3">
         <name>__aeabi_ldiv0</name>
         <value>0x41e9db</value>
         <object_component_ref idref="oc-325"/>
      </symbol>
      <symbol id="sm-8d1">
         <name>finddevice</name>
         <value>0x424011</value>
         <object_component_ref idref="oc-4c5"/>
      </symbol>
      <symbol id="sm-8d2">
         <name>getdevice</name>
         <value>0x422d0d</value>
         <object_component_ref idref="oc-444"/>
      </symbol>
      <symbol id="sm-8d9">
         <name>strcmp</name>
         <value>0x41d1a9</value>
         <object_component_ref idref="oc-4ea"/>
      </symbol>
      <symbol id="sm-8e1">
         <name>TI_memcpy_small</name>
         <value>0x4246cf</value>
         <object_component_ref idref="oc-23f"/>
      </symbol>
      <symbol id="sm-8e9">
         <name>TI_memset_small</name>
         <value>0x4247df</value>
         <object_component_ref idref="oc-a8"/>
      </symbol>
      <symbol id="sm-8f3">
         <name>gAddrTranslateConfig</name>
         <value>0x42cab8</value>
         <object_component_ref idref="oc-257"/>
      </symbol>
      <symbol id="sm-8f4">
         <name>AddrTranslateP_getLocalAddr</name>
         <value>0x422afd</value>
         <object_component_ref idref="oc-1ac"/>
      </symbol>
      <symbol id="sm-8fe">
         <name>TaskP_yield</name>
         <value>0x42457f</value>
         <object_component_ref idref="oc-3df"/>
      </symbol>
      <symbol id="sm-8ff">
         <name>_system_post_cinit</name>
         <value>0x0</value>
      </symbol>
      <symbol id="sm-900">
         <name>__TI_Handler_Table_Limit</name>
         <value>0x0</value>
      </symbol>
      <symbol id="sm-901">
         <name>__TI_Handler_Table_Base</name>
         <value>0x0</value>
      </symbol>
      <symbol id="sm-902">
         <name>__TI_CINIT_Base</name>
         <value>0x0</value>
      </symbol>
      <symbol id="sm-903">
         <name>__TI_CINIT_Limit</name>
         <value>0x0</value>
      </symbol>
   </symbol_table>
   <title>Link successful</title>
</link_info>
