******************************************************************************
            TI ARM Clang Linker PC v3.2.2                      
******************************************************************************
>> Linked Sun Jul 12 15:36:49 2026

OUTPUT FILE NAME:   <zTTE-HGR.out>
ENTRY POINT SYMBOL: "_c_int00"  address: 004290a7


MEMORY CONFIGURATION

         name            origin    length      used     unused   attr    fill
----------------------  --------  ---------  --------  --------  ----  --------
  M4F_VECS              00400000   00000200  00000140  000000c0  RWIX
  M4F_RAM12             00400200   00057e00  00032e09  00024ff7  RWIX
  M4F_RBL               00458000   00008000  00004000  00004000  RWIX
  M4F_RAM3              00460000   00020000  00000000  00020000  RWIX
  HWASS_SHM_MEM         60000000   00080000  00000000  00080000  RWIX


SEGMENT ALLOCATION MAP

run origin  load origin   length   init length attrs members
----------  ----------- ---------- ----------- ----- -------
00400000    00400000    00000140   00000140    rw-
  00400000    00400000    00000140   00000140    rw- .vectors
00400200    00400200    00019b80   00000000    rw-
  00400200    00400200    00019b80   00000000    rw- .bss
00419d80    00419d80    00018270   00018270    r-x
  00419d80    00419d80    00010c18   00010c18    r-x .text
  0042a998    0042a998    00007658   00007658    r-- .rodata
00431ff0    00431ff0    00001019   00001019    rw-
  00431ff0    00431ff0    00001019   00001019    rw- .data
00458000    00458000    00004000   00000000    rw-
  00458000    00458000    00002000   00000000    rw- .stack
  0045a000    0045a000    00002000   00000000    rw- .sysmem


SECTION ALLOCATION MAP

 output                                  attributes/
section   page    origin      length       input sections
--------  ----  ----------  ----------   ----------------
.vectors   0    00400000    00000140     
                  00400000    00000140     freertos.xwrL64xx.m4f.ti-arm-clang.debug.lib : HwiP_armv7m_handlers_freertos.obj (.vectors)

.bss       0    00400200    00019b80     UNINITIALIZED
                  00400200    0000cb00     genModel.o (.bss.buffer)
                  0040cd00    00006400     hello_world.o (.bss.read_input_from_file.temp_chw)
                  00413100    00004000     (.common:gMainTaskStack)
                  00417100    00001000     freertos.xwrL64xx.m4f.ti-arm-clang.debug.lib : port.obj (.bss.uxIdleTaskStack)
                  00418100    00000a00     genModel.o (.bss.weight3_backup)
                  00418b00    00000400     freertos.xwrL64xx.m4f.ti-arm-clang.debug.lib : port.obj (.bss.uxTimerTaskStack)
                  00418f00    00000280     (.common:gHwiCtrl)
                  00419180    0000021c     ti_drivers_config.o (.bss.gUartObjects)
                  0041939c    00000140     freertos.xwrL64xx.m4f.ti-arm-clang.debug.lib : tasks.obj (.bss.pxReadyTasksLists)
                  004194dc    00000120     libsysbm.a : trgmsg.c.obj (.bss:_CIOBUF_)
                  004195fc    00000100     genModel.o (.bss.bias2_backup)
                  004196fc    00000100     freertos.xwrL64xx.m4f.ti-arm-clang.debug.lib : timers.obj (.bss.prvCheckForValidListAndQueue.ucStaticTimerQueueStorage)
                  004197fc    00000100     (.common:xQueueRegistry)
                  004198fc    000000a0     libc.a : defs.c.obj (.bss.__TI_tmpnams)
                  0041999c    0000007c     freertos.xwrL64xx.m4f.ti-arm-clang.debug.lib : port.obj (.bss.xIdleTaskTCB)
                  00419a18    0000007c                                                  : port.obj (.bss.xTimerTaskTCB)
                  00419a94    0000007c     (.common:gMainTaskObj)
                  00419b10    00000060                                                  : DebugP_freertos.obj (.bss.gDebugLogLockObj)
                  00419b70    00000058     ti_drivers_config.o (.bss.gEdmaObjects)
                  00419bc8    00000048     freertos.xwrL64xx.m4f.ti-arm-clang.debug.lib : timers.obj (.bss.prvCheckForValidListAndQueue.xStaticTimerQueue)
                  00419c10    00000048     (.common:gRovDummyQueue)
                  00419c58    00000038     (.common:gClockCtrl)
                  00419c90    00000028     genModel.o (.bss.bias3_backup)
                  00419cb8    00000014     freertos.xwrL64xx.m4f.ti-arm-clang.debug.lib : timers.obj (.bss.xActiveTimerList1)
                  00419ccc    00000014                                                  : timers.obj (.bss.xActiveTimerList2)
                  00419ce0    00000014                                                  : tasks.obj (.bss.xDelayedTaskList1)
                  00419cf4    00000014                                                  : tasks.obj (.bss.xDelayedTaskList2)
                  00419d08    00000014                                                  : tasks.obj (.bss.xPendingReadyList)
                  00419d1c    00000014                                                  : tasks.obj (.bss.xSuspendedTaskList)
                  00419d30    00000014                                                  : tasks.obj (.bss.xTasksWaitingTermination)
                  00419d44    00000008     libsysbm.a : hostopen.c.obj (.bss.parmbuf)
                  00419d4c    00000004     freertos.xwrL64xx.m4f.ti-arm-clang.debug.lib : timers.obj (.bss.pxCurrentTimerList)
                  00419d50    00000004                                                  : tasks.obj (.bss.pxDelayedTaskList)
                  00419d54    00000004                                                  : tasks.obj (.bss.pxOverflowDelayedTaskList)
                  00419d58    00000004                                                  : timers.obj (.bss.pxOverflowTimerList)
                  00419d5c    00000004     libc.a : memory.c.obj (.bss.sys_free)
                  00419d60    00000004     (.common:fptr)
                  00419d64    00000004     (.common:fptr2)
                  00419d68    00000004     (.common:fptr3)
                  00419d6c    00000004     (.common:gEdmaHandle)
                  00419d70    00000004     (.common:gMainTask)
                  00419d74    00000004     (.common:gUartHandle)
                  00419d78    00000004     (.common:int8ptr)
                  00419d7c    00000004     --HOLE--

.stack     0    00458000    00002000     UNINITIALIZED
                  00458000    00000004     freertos.xwrL64xx.m4f.ti-arm-clang.debug.lib : boot_armv7m.obj (.stack)
                  00458004    00001ffc     --HOLE--

.sysmem    0    0045a000    00002000     UNINITIALIZED
                  0045a000    00000010     libc.a : memory.c.obj (.sysmem)
                  0045a010    00001ff0     --HOLE--

__llvm_prf_cnts 
*          0    00400200    00000000     UNINITIALIZED

__llvm_prf_bits 
*          0    00400200    00000000     UNINITIALIZED

.text      0    00419d80    00010c18     
                  00419d80    00000a30     freertos.xwrL64xx.m4f.ti-arm-clang.debug.lib : printf.obj (.text._vsnprintf)
                  0041a7b0    0000098a     group_pointwise_conv_fp.o (.text.group_pointwise_conv_fp_in1x1_out1x1_1row10col_uniweight_int8input_inplace)
                  0041b13a    00000002     ti_board_open_close.o (.text.Board_driversClose)
                  0041b13c    0000090c     genModel.o (.text.invoke)
                  0041ba48    0000066e     convolve_1x1_s8_fpreq_mask.o (.text.convolve_1x1_s8_fpreq_bitmask)
                  0041c0b6    00000648     arm_convolve_s8_4col.o (.text.arm_convolve_s8_4col)
                  0041c6fe    00000002     ti_board_config.o (.text.Board_init)
                  0041c700    00000640     freertos.xwrL64xx.m4f.ti-arm-clang.debug.lib : printf.obj (.text._etoa)
                  0041cd40    00000620     mat_mul_kernels_fpreq.o (.text.mat_mult_kernel_s8_s16_reordered_fpreq_bitmask)
                  0041d360    00000580     freertos.xwrL64xx.m4f.ti-arm-clang.debug.lib : printf.obj (.text._ftoa)
                  0041d8e0    000004f4     drivers.xwrL64xx.m4f.ti-arm-clang.debug.lib : soc_rcm.obj (.text.SOC_rcmEnablePeripheralClock)
                  0041ddd4    000004ca     freertos.xwrL64xx.m4f.ti-arm-clang.debug.lib : HwiP_armv7m.obj (.text.hwi)
                  0041e29e    00000002     libclang_rt.builtins.a : aeabi_div0.c.obj (.text.__aeabi_ldiv0)
                  0041e2a0    000003fc     hello_world.o (.text.run_noise_experiment)
                  0041e69c    00000004     libclang_rt.builtins.a : aeabi_memcpy.S.obj (.text.__aeabi_memcpy)
                  0041e6a0    000003d8     libc.a : e_log.c.obj (.text.log)
                  0041ea78    0000037c            : e_exp.c.obj (.text.exp)
                  0041edf4    00000350     genModel.o (.text.invoke_inf)
                  0041f144    0000032c     drivers.xwrL64xx.m4f.ti-arm-clang.debug.lib : edma.obj (.text.EDMAInitialize)
                  0041f470    0000032a     sum_4D_exclude_fp.o (.text.sum_4D_exclude)
                  0041f79a    00000002     libc.a : _lock.c.obj (.text._nop)
                  0041f79c    000002f8     drivers.xwrL64xx.m4f.ti-arm-clang.debug.lib : soc_rcm.obj (.text.SOC_rcmGetClkSrcAndDivValue)
                  0041fa94    0000000c     ti_board_open_close.o (.text.Board_driversOpen)
                  0041faa0    000002dc     libc.a : strcmp_t2.S.obj (.text:strcmp)
                  0041fd7c    000002ce     drivers.xwrL64xx.m4f.ti-arm-clang.debug.lib : uart_sci_edma.obj (.text.UART_edmaChannelConfig)
                  0042004a    0000029c                                                 : uart_sci.obj (.text.UART_open)
                  004202e6    00000278     genModel.o (.text.arm_nn_mat_mult_kernel_s8_s16_4col)
                  0042055e    00000002     freertos.xwrL64xx.m4f.ti-arm-clang.debug.lib : port.obj (.text.vPortConfigTimerForRunTimeStats)
                  00420560    00000268     libc.a : _printfi.c.obj (.text:__TI_printfi_minimal)
                  004207c8    0000025a     drivers.xwrL64xx.m4f.ti-arm-clang.debug.lib : edma.obj (.text.allocResource)
                  00420a22    0000023e     freertos.xwrL64xx.m4f.ti-arm-clang.debug.lib : MpuP_armv7m.obj (.text.mpu)
                  00420c60    0000023c     drivers.xwrL64xx.m4f.ti-arm-clang.debug.lib : uart_sci.obj (.text.UART_controllerIsr)
                  00420e9c    0000023c     freertos.xwrL64xx.m4f.ti-arm-clang.debug.lib : printf.obj (.text._ntoa_format)
                  004210d8    00000208     sum_3D_fp.o (.text.sum_3D)
                  004212e0    000001e4     libc.a : e_expf.c.obj (.text.expf)
                  004214c4    00000004            : printf.c.obj (.text._outc)
                  004214c8    000001d8     drivers.xwrL64xx.m4f.ti-arm-clang.debug.lib : uart_sci.obj (.text.UART_configInstance)
                  004216a0    000001cc     hello_world.o (.text.show_tqdm_progress)
                  0042186c    000001c0     log_softmax_fp.o (.text.LogSoftmax)
                  00421a2c    000001b6     libclang_rt.builtins.a : adddf3.S.obj (.text.adddf3_subdf3)
                  00421be2    00000002     --HOLE-- [fill = 0]
                  00421be4    000001b0     hello_world.o (.text.read_input_from_file)
                  00421d94    000001aa     drivers.xwrL64xx.m4f.ti-arm-clang.debug.lib : uart_sci_edma.obj (.text.UART_writeDma)
                  00421f3e    00000002     --HOLE-- [fill = 0]
                  00421f40    000001a8                                                 : edma.obj (.text.EDMA_freeResource)
                  004220e8    000001a8                                                 : uart_sci.obj (.text.UART_close)
                  00422290    000001a4     hello_world.o (.text.run_energy_profile)
                  00422434    0000019e     freertos.xwrL64xx.m4f.ti-arm-clang.debug.lib : queue.obj (.text.xQueueSemaphoreTake)
                  004225d2    0000019a     hello_world.o (.text.hello_world_main)
                  0042276c    00000198     maxpooling.o (.text.max_pooling)
                  00422904    00000196     drivers.xwrL64xx.m4f.ti-arm-clang.debug.lib : edma.obj (.text.EDMA_transferCompletionMasterIsrFxn)
                  00422a9a    00000186                                                 : edma.obj (.text.EDMA_open)
                  00422c20    00000186     genModel.o (.text.arm_nn_mat_mult_kernel_s8_s16)
                  00422da6    00000002     --HOLE-- [fill = 0]
                  00422da8    0000017c     hello_world.o (.text.print_softmax_probabilities)
                  00422f24    00000176     freertos.xwrL64xx.m4f.ti-arm-clang.debug.lib : ClockP_freertos_m4.obj (.text.ClockP_init)
                  0042309a    00000174     drivers.xwrL64xx.m4f.ti-arm-clang.debug.lib : uart_sci.obj (.text.UART_write)
                  0042320e    0000016a     freertos.xwrL64xx.m4f.ti-arm-clang.debug.lib : queue.obj (.text.xQueueGenericSend)
                  00423378    00000168                                                  : tasks.obj (.text.xTaskIncrementTick)
                  004234e0    00000154                                                  : tasks.obj (.text.xTaskResumeAll)
                  00423634    00000152                                                  : queue.obj (.text.xQueueReceive)
                  00423786    00000002     --HOLE-- [fill = 0]
                  00423788    0000013a                                                  : timers.obj (.text.prvProcessReceivedCommands)
                  004238c2    00000138                                                  : printf.obj (.text._ntoa_long_long)
                  004239fa    00000136     drivers.xwrL64xx.m4f.ti-arm-clang.debug.lib : edma.obj (.text.EDMA_registerIntr)
                  00423b30    00000136     libclang_rt.builtins.a : divdf3.S.obj (.text.__divdf3)
                  00423c66    00000002     --HOLE-- [fill = 0]
                  00423c68    00000132     drivers.xwrL64xx.m4f.ti-arm-clang.debug.lib : edma.obj (.text.EDMA_allocResource)
                  00423d9a    00000002     --HOLE-- [fill = 0]
                  00423d9c    00000128                                                 : soc_rcm.obj (.text.SOC_rcmGetClkSrcAndDivReg)
                  00423ec4    00000120     libc.a : fopen.c.obj (.text._openfile)
                  00423fe4    00000120            : memory.c.obj (.text.aligned_alloc)
                  00424104    00000004            : printf.c.obj (.text._outs)
                  00424108    00000120            : s_floor.c.obj (.text.floor)
                  00424228    0000011c     freertos.xwrL64xx.m4f.ti-arm-clang.debug.lib : tasks.obj (.text.vTaskDelete)
                  00424344    0000011a                                                  : tasks.obj (.text.xTaskPriorityInherit)
                  0042445e    00000114                                                  : printf.obj (.text._ntoa_long)
                  00424572    00000110                                                  : tasks.obj (.text.prvAddNewTaskToReadyList)
                  00424682    0000010e                                                  : SysTickTimerP.obj (.text.SysTickTimerP_setup)
                  00424790    00000106                                                  : HwiP_armv7m_handlers_freertos.obj (.text.hwi)
                  00424896    00000102                                                  : tasks.obj (.text.prvInitialiseNewTask)
                  00424998    000000fc     libclang_rt.builtins.a : muldf3.S.obj (.text.__muldf3)
                  00424a94    000000f8     freertos.xwrL64xx.m4f.ti-arm-clang.debug.lib : tasks.obj (.text.vTaskPriorityDisinheritAfterTimeout)
                  00424b8c    000000f4     libc.a : fread.c.obj (.text.fread)
                  00424c80    000000f4     freertos.xwrL64xx.m4f.ti-arm-clang.debug.lib : tasks.obj (.text.prvAddCurrentTaskToDelayedList)
                  00424d74    000000f0     libc.a : fputs.c.obj (.text.fputs)
                  00424e64    000000f0            : memory.c.obj (.text.free)
                  00424f54    000000ea     hello_world.o (.text.print_fixed)
                  0042503e    000000e8     freertos.xwrL64xx.m4f.ti-arm-clang.debug.lib : AddrTranslateP.obj (.text.AddrTranslateP_getLocalAddr)
                  00425126    000000e8     genModel.o (.text.print_weights)
                  0042520e    000000de     drivers.xwrL64xx.m4f.ti-arm-clang.debug.lib : uart_sci.obj (.text.UART_flushTxFifo)
                  004252ec    000000da                                                 : uart_sci.obj (.text.UART_writeInterrupt)
                  004253c6    000000d8                                                 : uart_sci.obj (.text.UART_writePolling)
                  0042549e    00000002     --HOLE-- [fill = 0]
                  004254a0    000000d8     libc.a : setvbuf.c.obj (.text.setvbuf)
                  00425578    000000d0     freertos.xwrL64xx.m4f.ti-arm-clang.debug.lib : tasks.obj (.text.vTaskStartScheduler)
                  00425648    000000ce     drivers.xwrL64xx.m4f.ti-arm-clang.debug.lib : soc_rcm.obj (.text.SOC_rcmSetPeripheralClock)
                  00425716    000000cc                                                 : edma.obj (.text.EDMAEnableChInShadowRegRegion)
                  004257e2    000000cc     freertos.xwrL64xx.m4f.ti-arm-clang.debug.lib : queue.obj (.text.prvCopyDataToQueue)
                  004258ae    000000c8     hello_world.o (.text.open_noise_dataset_file)
                  00425976    00000002     --HOLE-- [fill = 0]
                  00425978    000000c4     libc.a : s_round.c.obj (.text.round)
                  00425a3c    000000c2     genModel.o (.text.reset_weights)
                  00425afe    000000c0     drivers.xwrL64xx.m4f.ti-arm-clang.debug.lib : edma.obj (.text.EDMAMapChToEvtQ)
                  00425bbe    000000c0     freertos.xwrL64xx.m4f.ti-arm-clang.debug.lib : printf.obj (.text._out_rev)
                  00425c7e    000000be                                                  : queue.obj (.text.xQueueGenericSendFromISR)
                  00425d3c    000000b8                                                  : timers.obj (.text.prvSwitchTimerLists)
                  00425df4    000000b6     drivers.xwrL64xx.m4f.ti-arm-clang.debug.lib : edma.obj (.text.EDMAConfigureChannelRegion)
                  00425eaa    000000b6     freertos.xwrL64xx.m4f.ti-arm-clang.debug.lib : tasks.obj (.text.vTaskSwitchContext)
                  00425f60    000000b4     drivers.xwrL64xx.m4f.ti-arm-clang.debug.lib : soc_rcm.obj (.text.SOC_rcmGetPeripheralClock)
                  00426014    000000b4     freertos.xwrL64xx.m4f.ti-arm-clang.debug.lib : tasks.obj (.text.xTaskPriorityDisinherit)
                  004260c8    000000b2                                                  : queue.obj (.text.xQueueReceiveFromISR)
                  0042617a    000000b0     drivers.xwrL64xx.m4f.ti-arm-clang.debug.lib : uart_sci.obj (.text.UART_init)
                  0042622a    00000002     --HOLE-- [fill = 0]
                  0042622c    000000b0     libclang_rt.builtins.a : udivmoddi4.S.obj (.text)
                  004262dc    000000ae     freertos.xwrL64xx.m4f.ti-arm-clang.debug.lib : queue.obj (.text.prvUnlockQueue)
                  0042638a    000000ae                                                  : queue.obj (.text.xQueueGiveFromISR)
                  00426438    000000ac     libsysbm.a : open.c.obj (.text.open)
                  004264e4    000000aa     ti_drivers_open_close.o (.text.Drivers_uartOpen)
                  0042658e    000000aa     drivers.xwrL64xx.m4f.ti-arm-clang.debug.lib : edma.obj (.text.EDMA_close)
                  00426638    000000aa     freertos.xwrL64xx.m4f.ti-arm-clang.debug.lib : tasks.obj (.text.xTaskRemoveFromEventList)
                  004266e2    000000a6     ti_drivers_open_close.o (.text.Drivers_edmaOpen)
                  00426788    000000a6     drivers.xwrL64xx.m4f.ti-arm-clang.debug.lib : uart_sci_edma.obj (.text.UART_txEdmaIsrFxn)
                  0042682e    000000a2                                                 : edma.obj (.text.EDMASetPaRAM)
                  004268d0    000000a2     freertos.xwrL64xx.m4f.ti-arm-clang.debug.lib : timers.obj (.text.prvCheckForValidListAndQueue)
                  00426972    000000a0     drivers.xwrL64xx.m4f.ti-arm-clang.debug.lib : uart_sci_edma.obj (.text.UART_rxEdmaIsrFxn)
                  00426a12    0000009e     freertos.xwrL64xx.m4f.ti-arm-clang.debug.lib : queue.obj (.text.xQueueGenericReset)
                  00426ab0    0000009c     libc.a : s_floorf.c.obj (.text.floorf)
                  00426b4c    0000009a     freertos.xwrL64xx.m4f.ti-arm-clang.debug.lib : SemaphoreP_freertos.obj (.text.SemaphoreP_pend)
                  00426be6    0000009a                                                  : timers.obj (.text.prvProcessTimerOrBlockTask)
                  00426c80    0000009a                                                  : tasks.obj (.text.xTaskCheckForTimeOut)
                  00426d1a    00000002     --HOLE-- [fill = 0]
                  00426d1c    00000098     libc.a : _bufread.c.obj (.text.__TI_buff_read)
                  00426db4    00000094     where_fp.o (.text.where_zeros_inplace_bit)
                  00426e48    00000094     freertos.xwrL64xx.m4f.ti-arm-clang.debug.lib : timers.obj (.text.xTimerGenericCommand)
                  00426edc    00000092     drivers.xwrL64xx.m4f.ti-arm-clang.debug.lib : soc_rcm.obj (.text.SOC_rcmEnableADPLLClock)
                  00426f6e    00000092     freertos.xwrL64xx.m4f.ti-arm-clang.debug.lib : SemaphoreP_freertos.obj (.text.SemaphoreP_constructBinary)
                  00427000    00000092                                                  : DebugP_freertos.obj (.text._DebugP_logZone)
                  00427092    00000090     drivers.xwrL64xx.m4f.ti-arm-clang.debug.lib : uart_sci.obj (.text.UART_writeCancelNoCB)
                  00427122    0000008e     freertos.xwrL64xx.m4f.ti-arm-clang.debug.lib : tasks.obj (.text.prvInitialiseTaskLists)
                  004271b0    0000008c     drivers.xwrL64xx.m4f.ti-arm-clang.debug.lib : edma.obj (.text.EDMAEnableTransferRegion)
                  0042723c    0000008c                                                 : edma.obj (.text.EDMA_init)
                  004272c8    00000088     libc.a : fputc.c.obj (.text.fputc)
                  00427350    00000086     freertos.xwrL64xx.m4f.ti-arm-clang.debug.lib : ClockP_freertos.obj (.text.ClockP_getTimeUsec)
                  004273d6    00000086                                                  : timers.obj (.text.prvInsertTimerInActiveList)
                  0042745c    00000080     ti_drivers_config.o (.text.Drivers_uartInit)
                  004274dc    0000007e     libc.a : s_roundf.c.obj (.text.roundf)
                  0042755a    0000007c     freertos.xwrL64xx.m4f.ti-arm-clang.debug.lib : DebugP_log.obj (.text._DebugP_assert)
                  004275d6    0000007c                                                  : tasks.obj (.text.prvGetExpectedIdleTime)
                  00427652    0000007a                                                  : SemaphoreP_freertos.obj (.text.SemaphoreP_post)
                  004276cc    00000078                                                  : timers.obj (.text.xTimerCreateTimerTask)
                  00427744    00000076     drivers.xwrL64xx.m4f.ti-arm-clang.debug.lib : soc_rcm.obj (.text.SOC_rcmGetFreqLeafNode)
                  004277ba    00000076                                                 : uart_sci.obj (.text.UART_checkOpenParams)
                  00427830    00000076     genModel.o (.text.where_zeros_int8_inplace_bit)
                  004278a6    00000074     drivers.xwrL64xx.m4f.ti-arm-clang.debug.lib : edma.obj (.text.EDMACCPaRAMEntry_init)
                  0042791a    00000002     --HOLE-- [fill = 0]
                  0042791c    00000074     libc.a : fclose.c.obj (.text.__TI_closefile)
                  00427990    00000072     drivers.xwrL64xx.m4f.ti-arm-clang.debug.lib : edma.obj (.text.EDMAClrMissEvtRegion)
                  00427a02    00000072     nll_loss_fp.o (.text.nll_loss)
                  00427a74    00000072     freertos.xwrL64xx.m4f.ti-arm-clang.debug.lib : timers.obj (.text.prvProcessExpiredTimer)
                  00427ae6    00000072                                                  : tasks.obj (.text.xTaskCreateStatic)
                  00427b58    00000070     hello_world.o (.text.get_predicted_class)
                  00427bc8    0000006e     freertos.xwrL64xx.m4f.ti-arm-clang.debug.lib : SemaphoreP_freertos.obj (.text.SemaphoreP_constructMutex)
                  00427c36    00000002     --HOLE-- [fill = 0]
                  00427c38    0000006e     libclang_rt.builtins.a : comparedf2.c.obj (.text.__gedf2)
                  00427ca6    00000002     --HOLE-- [fill = 0]
                  00427ca8    0000006e                            : comparedf2.c.obj (.text.__ledf2)
                  00427d16    00000002     --HOLE-- [fill = 0]
                  00427d18    0000006e                            : truncdfsf2.S.obj (.text.__truncdfsf2)
                  00427d86    00000002     --HOLE-- [fill = 0]
                  00427d88    0000006c     libc.a : memory.c.obj (.text.split)
                  00427df4    0000006a     freertos.xwrL64xx.m4f.ti-arm-clang.debug.lib : tasks.obj (.text.prvIdleTask)
                  00427e5e    0000006a                                                  : list.obj (.text.vListInsert)
                  00427ec8    00000068     drivers.xwrL64xx.m4f.ti-arm-clang.debug.lib : edma.obj (.text.EDMA_getBaseAddr)
                  00427f30    00000068     libc.a : fseek.c.obj (.text.fseeko)
                  00427f98    00000068            : getdevice.c.obj (.text.getdevice)
                  00428000    00000064     libsysbm.a : hostrename.c.obj (.text.HOSTrename)
                  00428064    00000064     freertos.xwrL64xx.m4f.ti-arm-clang.debug.lib : queue.obj (.text.vQueueWaitForMessageRestricted)
                  004280c8    00000008                                                  : ClockP_freertos.obj (.text.ClockP_getTicks)
                  004280d0    00000064                                                  : port.obj (.text.xPortPendSVHandler)
                  00428134    00000062     drivers.xwrL64xx.m4f.ti-arm-clang.debug.lib : soc_rcm.obj (.text.SOC_rcmInsert16)
                  00428196    00000002     --HOLE-- [fill = 0]
                  00428198    00000062     libclang_rt.builtins.a : aeabi_dcmp.S.obj (.text.__aeabi_dcmp)
                  004281fa    00000060     libc.a : _io_perm.c.obj (.text.__TI_wrt_ok)
                  0042825a    00000002     --HOLE-- [fill = 0]
                  0042825c    00000060     libsysbm.a : close.c.obj (.text.close)
                  004282bc    00000060     main.o (.text.main)
                  0042831c    00000060     libc.a : printf.c.obj (.text.printf)
                  0042837c    0000005e     freertos.xwrL64xx.m4f.ti-arm-clang.debug.lib : port.obj (.text.pxPortInitialiseStack)
                  004283da    0000005e     hello_world.o (.text.train)
                  00428438    0000005e     freertos.xwrL64xx.m4f.ti-arm-clang.debug.lib : port.obj (.text.xPortStartScheduler)
                  00428496    0000005c     ti_power_clock_config.o (.text.Module_clockSetFrequency)
                  004284f2    0000005a     freertos.xwrL64xx.m4f.ti-arm-clang.debug.lib : tasks.obj (.text.prvCheckTasksWaitingTermination)
                  0042854c    00000058     libsysbm.a : hostlseek.c.obj (.text.HOSTlseek)
                  004285a4    00000058                : hostopen.c.obj (.text.HOSTopen)
                  004285fc    00000058     drivers.xwrL64xx.m4f.ti-arm-clang.debug.lib : soc.obj (.text.SOC_virtToPhy)
                  00428654    00000056                                                 : edma.obj (.text.EDMA_getHandle)
                  004286aa    00000002     --HOLE-- [fill = 0]
                  004286ac    00000054     libsysbm.a : hostread.c.obj (.text.HOSTread)
                  00428700    00000054                : hostwrite.c.obj (.text.HOSTwrite)
                  00428754    00000054     drivers.xwrL64xx.m4f.ti-arm-clang.debug.lib : soc_rcm.obj (.text.SOC_rcmGetModuleClkDivVal)
                  004287a8    00000054     freertos.xwrL64xx.m4f.ti-arm-clang.debug.lib : queue.obj (.text.vQueueUnregisterQueue)
                  004287fc    00000052     drivers.xwrL64xx.m4f.ti-arm-clang.debug.lib : edma.obj (.text.EDMAReadIntrStatusRegion)
                  0042884e    00000052                                                 : pinmux.obj (.text.Pinmux_config)
                  004288a0    00000052                                                 : soc_rcm.obj (.text.SOC_rcmGetClkSrcFromClkSelVal)
                  004288f2    00000052     ti_drivers_config.o (.text.System_init)
                  00428944    00000052     genModel.o (.text.arm_nn_requantize_generic)
                  00428996    00000052     mul_fp.o (.text.mul)
                  004289e8    00000052     sub_fp.o (.text.sub)
                  00428a3a    00000052     tte_exp_fp.o (.text.tte_exp)
                  00428a8c    00000052     freertos.xwrL64xx.m4f.ti-arm-clang.debug.lib : queue.obj (.text.vQueueAddToRegistry)
                  00428ade    00000052                                                  : queue.obj (.text.xQueueTakeMutexRecursive)
                  00428b30    00000050     ti_drivers_open_close.o (.text.Drivers_edmaClose)
                  00428b80    00000050     ti_drivers_open_close.o (.text.Drivers_uartClose)
                  00428bd0    00000050     ti_power_clock_config.o (.text.Module_clockEnable)
                  00428c20    00000050     libc.a : fflush.c.obj (.text.__TI_doflush)
                  00428c70    00000050     freertos.xwrL64xx.m4f.ti-arm-clang.debug.lib : queue.obj (.text.xQueueGiveMutexRecursive)
                  00428cc0    0000004e     drivers.xwrL64xx.m4f.ti-arm-clang.debug.lib : edma.obj (.text.EDMAClrEvtRegion)
                  00428d0e    0000004e                                                 : edma.obj (.text.EDMAClrIntrRegion)
                  00428d5c    0000004e                                                 : edma.obj (.text.EDMADisableDmaEvtRegion)
                  00428daa    0000004e                                                 : edma.obj (.text.EDMADisableEvtIntrRegion)
                  00428df8    0000004e                                                 : edma.obj (.text.EDMAEnableDmaEvtRegion)
                  00428e46    0000004e                                                 : edma.obj (.text.EDMASetEvtRegion)
                  00428e94    0000004e     freertos.xwrL64xx.m4f.ti-arm-clang.debug.lib : port.obj (.text.vPortTimerTickHandler)
                  00428ee2    0000004c     drivers.xwrL64xx.m4f.ti-arm-clang.debug.lib : edma.obj (.text.EDMAEnableEvtIntrRegion)
                  00428f2e    0000004c                                                 : edma.obj (.text.EDMAMapQdmaChToPaRAM)
                  00428f7a    0000004c                                                 : uart_sci.obj (.text.UART_Params_init)
                  00428fc6    0000004c                                                 : uart_sci.obj (.text.UART_getHandle)
                  00429012    0000004a     libc.a : _io_perm.c.obj (.text.__TI_rd_ok)
                  0042905c    0000004a     freertos.xwrL64xx.m4f.ti-arm-clang.debug.lib : queue.obj (.text.xQueueGenericCreateStatic)
                  004290a6    0000004a                                                  : boot_armv7m.obj (.text:_c_int00)
                  004290f0    00000048     drivers.xwrL64xx.m4f.ti-arm-clang.debug.lib : soc_rcm.obj (.text.SOC_rcmSetM4ClockSrc)
                  00429138    00000048     libclang_rt.builtins.a : fixdfsi.S.obj (.text.__fixdfsi)
                  00429180    00000048     freertos.xwrL64xx.m4f.ti-arm-clang.debug.lib : list.obj (.text.uxListRemove)
                  004291c8    00000046     drivers.xwrL64xx.m4f.ti-arm-clang.debug.lib : uart_sci.obj (.text.UART_rxChar)
                  0042920e    00000002     --HOLE-- [fill = 0]
                  00429210    00000044     libsysbm.a : hostunlink.c.obj (.text.HOSTunlink)
                  00429254    00000044     drivers.xwrL64xx.m4f.ti-arm-clang.debug.lib : soc.obj (.text.SOC_controlModuleUnlockMMR)
                  00429298    00000044                                                 : soc_rcm.obj (.text.SOC_rcmExtract16)
                  004292dc    00000044                                                 : soc_rcm.obj (.text.SOC_rcmExtract8)
                  00429320    00000044                                                 : soc_rcm.obj (.text.SOC_rcmMake16)
                  00429364    00000044                                                 : uart_sci.obj (.text.UART_txChar)
                  004293a8    00000044     libclang_rt.builtins.a : fixunsdfsi.S.obj (.text.__fixunsdfsi)
                  004293ec    00000044     freertos.xwrL64xx.m4f.ti-arm-clang.debug.lib : printf.obj (.text._strnlen_s)
                  00429430    00000044                                                  : timers.obj (.text.prvSampleTimeNow)
                  00429474    00000042     drivers.xwrL64xx.m4f.ti-arm-clang.debug.lib : soc_rcm.obj (.text.SOC_rcmGetXTALFrequency)
                  004294b6    00000042     genModel.o (.text.less_int8)
                  004294f8    00000042     freertos.xwrL64xx.m4f.ti-arm-clang.debug.lib : queue.obj (.text.prvCopyDataFromQueue)
                  0042953a    00000040     drivers.xwrL64xx.m4f.ti-arm-clang.debug.lib : power_xwrLx4xx.obj (.text.Power_idleFunc)
                  0042957a    00000002     --HOLE-- [fill = 0]
                  0042957c    00000040     libc.a : fopen.c.obj (.text._search_fp)
                  004295bc    00000040     freertos.xwrL64xx.m4f.ti-arm-clang.debug.lib : timers.obj (.text.prvGetNextExpireTime)
                  004295fc    0000003e                                                  : DebugP_uartLogWriter.obj (.text.DebugP_uartLogWriterPutChar)
                  0042963a    0000003e                                                  : queue.obj (.text.prvInitialiseNewQueue)
                  00429678    0000003e                                                  : power_xwrLx4xx_freertos.obj (.text.vPortSuppressTicksAndSleep)
                  004296b6    00000002     --HOLE-- [fill = 0]
                  004296b8    0000003c     libsysbm.a : hostclose.c.obj (.text.HOSTclose)
                  004296f4    0000003c     genModel.o (.text.arm_q7_to_q15_with_offset)
                  00429730    0000003c     freertos.xwrL64xx.m4f.ti-arm-clang.debug.lib : tasks.obj (.text.prvDeleteTCB)
                  0042976c    0000003c                                                  : tasks.obj (.text.prvResetNextTaskUnblockTime)
                  004297a8    0000003a     drivers.xwrL64xx.m4f.ti-arm-clang.debug.lib : soc.obj (.text.SOC_controlModuleLockMMR)
                  004297e2    0000003a     freertos.xwrL64xx.m4f.ti-arm-clang.debug.lib : printf.obj (.text._atoi)
                  0042981c    0000003a                                                  : list.obj (.text.vListInsertEnd)
                  00429856    00000038     drivers.xwrL64xx.m4f.ti-arm-clang.debug.lib : soc_rcm.obj (.text.CSL_REG32_FINS_RAW)
                  0042988e    00000038                                                 : edma.obj (.text.EDMAQdmaClrMissEvtRegion)
                  004298c6    00000002     --HOLE-- [fill = 0]
                  004298c8    00000038     libclang_rt.builtins.a : extendsfdf2.S.obj (.text.__extendsfdf2)
                  00429900    00000038     libc.a : sprintf.c.obj (.text.sprintf)
                  00429938    00000038     freertos.xwrL64xx.m4f.ti-arm-clang.debug.lib : tasks.obj (.text.xTaskGetSchedulerState)
                  00429970    00000038     libc.a : autoinit.c.obj (.text:__TI_auto_init_nobinit_nopinit)
                  004299a8    00000036     drivers.xwrL64xx.m4f.ti-arm-clang.debug.lib : edma.obj (.text.EDMA_getRegionId)
                  004299de    00000036                                                 : uart_sci.obj (.text.UART_checkTransaction)
                  00429a14    00000036     libclang_rt.builtins.a : floatundisf.S.obj (.text.__floatundisf)
                  00429a4a    00000036     freertos.xwrL64xx.m4f.ti-arm-clang.debug.lib : tasks.obj (.text.vTaskPlaceOnEventListRestricted)
                  00429a80    00000034     libc.a : fopen.c.obj (.text.__TI_cleanup)
                  00429ab4    00000034     libsysbm.a : trgmsg.c.obj (.text.__TI_writemsg)
                  00429ae8    00000032     freertos.xwrL64xx.m4f.ti-arm-clang.debug.lib : ClockP_freertos.obj (.text.ClockP_timerTickIsr)
                  00429b1a    00000032     drivers.xwrL64xx.m4f.ti-arm-clang.debug.lib : edma.obj (.text.HW_WR_FIELD32_RAW)
                  00429b4c    00000032     freertos.xwrL64xx.m4f.ti-arm-clang.debug.lib : queue.obj (.text.xQueueCreateMutexStatic)
                  00429b7e    00000002     --HOLE-- [fill = 0]
                  00429b80    00000030     libsysbm.a : trgmsg.c.obj (.text.__TI_readmsg)
                  00429bb0    00000030     libclang_rt.builtins.a : comparedf2.c.obj (.text.__unorddf2)
                  00429be0    00000030     libc.a : exit.c.obj (.text.exit)
                  00429c10    00000030            : fopen.c.obj (.text.fopen)
                  00429c40    00000030     freertos.xwrL64xx.m4f.ti-arm-clang.debug.lib : port.obj (.text.prvPortStartFirstTask)
                  00429c70    00000030                                                  : port.obj (.text.vPortEnterCritical)
                  00429ca0    0000002e     libclang_rt.builtins.a : floatsidf.S.obj (.text.__floatsidf)
                  00429cce    0000002e     freertos.xwrL64xx.m4f.ti-arm-clang.debug.lib : printf.obj (.text._is_digit)
                  00429cfc    0000002e                                                  : queue.obj (.text.prvIsQueueFull)
                  00429d2a    0000002e                                                  : list.obj (.text.vListInitialise)
                  00429d58    0000002c                                                  : DebugP_log.obj (.text.DebugP_logZoneEnable)
                  00429d84    0000002c                                                  : SysTickTimerP.obj (.text.SysTickTimerP_Params_init)
                  00429db0    0000002c     libc.a : fclose.c.obj (.text.fclose)
                  00429ddc    0000002c            : getdevice.c.obj (.text.finddevice)
                  00429e08    0000002c     libsysbm.a : lseek.c.obj (.text.lseek)
                  00429e34    0000002c     freertos.xwrL64xx.m4f.ti-arm-clang.debug.lib : queue.obj (.text.prvInitialiseMutex)
                  00429e60    0000002c                                                  : tasks.obj (.text.pvTaskIncrementMutexHeldCount)
                  00429e8c    0000002c     libsysbm.a : read.c.obj (.text.read)
                  00429eb8    0000002c                : unlink.c.obj (.text.unlink)
                  00429ee4    0000002c     freertos.xwrL64xx.m4f.ti-arm-clang.debug.lib : port.obj (.text.vApplicationGetIdleTaskMemory)
                  00429f10    0000002c                                                  : port.obj (.text.vApplicationGetTimerTaskMemory)
                  00429f3c    0000002c     libsysbm.a : write.c.obj (.text.write)
                  00429f68    0000002a     drivers.xwrL64xx.m4f.ti-arm-clang.debug.lib : soc_rcm.obj (.text.SOC_getEfusePgVersion)
                  00429f92    0000002a                                                 : soc_rcm.obj (.text.SOC_rcmGetPeripheralClockFrequency)
                  00429fbc    0000002a     freertos.xwrL64xx.m4f.ti-arm-clang.debug.lib : DebugP_uartLogWriter.obj (.text.UART_Transaction_init)
                  00429fe6    00000002     --HOLE-- [fill = 0]
                  00429fe8    00000028     libc.a : memory.c.obj (.text.free_list_insert)
                  0042a010    00000028     freertos.xwrL64xx.m4f.ti-arm-clang.debug.lib : queue.obj (.text.prvIsQueueEmpty)
                  0042a038    00000028                                                  : queue.obj (.text.vQueueDelete)
                  0042a060    00000028                                                  : printf.obj (.text.vprintf_)
                  0042a088    00000026     drivers.xwrL64xx.m4f.ti-arm-clang.debug.lib : edma.obj (.text.EDMADisableQdmaEvtRegion)
                  0042a0ae    00000026                                                 : edma.obj (.text.EDMAEnableQdmaEvtRegion)
                  0042a0d4    00000026                                                 : edma.obj (.text.EDMAGetIntrStatusRegion)
                  0042a0fa    00000026                                                 : edma.obj (.text.EDMAIntrStatusHighGetRegion)
                  0042a120    00000026                                                 : edma.obj (.text.EDMA_validateIntrObject)
                  0042a146    00000026     freertos.xwrL64xx.m4f.ti-arm-clang.debug.lib : queue.obj (.text.prvGetDisinheritPriorityAfterTimeout)
                  0042a16c    00000026                                                  : port.obj (.text.prvTaskExitError)
                  0042a192    00000026                                                  : port.obj (.text.vPortExitCritical)
                  0042a1b8    00000026                                                  : tasks.obj (.text.vTaskPlaceOnEventList)
                  0042a1de    00000024                                                  : HwiP_armv7m.obj (.text.HwiP_inISR)
                  0042a202    00000024                                                  : DebugP_log.obj (.text._DebugP_assertNoLog)
                  0042a226    00000024                                                  : printf.obj (.text._out_char)
                  0042a24a    00000024                                                  : boot_armv7m.obj (.text._system_pre_init)
                  0042a26e    00000002     --HOLE-- [fill = 0]
                  0042a270    00000024                                                  : port.obj (.text.vPortSVCHandler)
                  0042a294    00000024                                                  : tasks.obj (.text.vTaskInternalSetTimeOutState)
                  0042a2b8    00000022     ti_dpl_config.o (.text.Dpl_init)
                  0042a2da    00000022     drivers.xwrL64xx.m4f.ti-arm-clang.debug.lib : edma.obj (.text.EDMAChannelToParamMap)
                  0042a2fc    00000022                                                 : soc_rcm.obj (.text.SOC_rcmGetFixedRootClkFout)
                  0042a31e    00000022     freertos.xwrL64xx.m4f.ti-arm-clang.debug.lib : boot_armv7m.obj (.text.stack_init)
                  0042a340    00000020                                                  : ClockP_freertos.obj (.text.ClockP_usecToTicks)
                  0042a360    00000020     libclang_rt.builtins.a : floatunsidf.S.obj (.text.__floatunsidf)
                  0042a380    00000020     freertos.xwrL64xx.m4f.ti-arm-clang.debug.lib : heap_3.obj (.text.vPortFree)
                  0042a3a0    0000001e     libc.a : memccpy.c.obj (.text.memccpy)
                  0042a3be    0000001e     freertos.xwrL64xx.m4f.ti-arm-clang.debug.lib : timers.obj (.text.prvTimerTask)
                  0042a3dc    0000001c     drivers.xwrL64xx.m4f.ti-arm-clang.debug.lib : soc.obj (.text.SOC_moduleClockEnable)
                  0042a3f8    0000001c     libc.a : memory.c.obj (.text.free_list_remove)
                  0042a414    0000001c     ti_dpl_config.o (.text.putchar_)
                  0042a430    0000001a     drivers.xwrL64xx.m4f.ti-arm-clang.debug.lib : soc.obj (.text.SOC_clocksEnable)
                  0042a44a    0000001a                                                 : soc.obj (.text.SOC_moduleSetClockFrequency)
                  0042a464    0000001a     freertos.xwrL64xx.m4f.ti-arm-clang.debug.lib : SysTickTimerP.obj (.text.SysTickTimerP_start)
                  0042a47e    0000001a                                                  : SysTickTimerP.obj (.text.SysTickTimerP_stop)
                  0042a498    00000018     drivers.xwrL64xx.m4f.ti-arm-clang.debug.lib : edma.obj (.text.EDMA_isInterruptEnabled)
                  0042a4b0    00000018     freertos.xwrL64xx.m4f.ti-arm-clang.debug.lib : TaskP_freertos.obj (.text.TaskP_yield)
                  0042a4c8    00000018     libc.a : sprintf.c.obj (.text._outs)
                  0042a4e0    00000018     main.o (.text.freertos_main)
                  0042a4f8    00000016     drivers.xwrL64xx.m4f.ti-arm-clang.debug.lib : edma.obj (.text.EDMA_allocDmaChannel)
                  0042a50e    00000016                                                 : edma.obj (.text.EDMA_allocParam)
                  0042a524    00000016                                                 : edma.obj (.text.EDMA_allocTcc)
                  0042a53a    00000016                                                 : edma.obj (.text.EDMA_freeDmaChannel)
                  0042a550    00000016                                                 : edma.obj (.text.EDMA_freeParam)
                  0042a566    00000016                                                 : edma.obj (.text.EDMA_freeTcc)
                  0042a57c    00000016     freertos.xwrL64xx.m4f.ti-arm-clang.debug.lib : SemaphoreP_freertos.obj (.text.SemaphoreP_destruct)
                  0042a592    00000016     genModel.o (.text.set_blr)
                  0042a5a8    00000016     genModel.o (.text.set_lr)
                  0042a5be    00000014     freertos.xwrL64xx.m4f.ti-arm-clang.debug.lib : DebugP_uartLogWriter.obj (.text.DebugP_uartSetDrvIndex)
                  0042a5d2    00000014     drivers.xwrL64xx.m4f.ti-arm-clang.debug.lib : soc_rcm.obj (.text.SOC_rcmGetModuleClkDivFromRegVal)
                  0042a5e6    00000014                                                 : uart_sci.obj (.text.UART_txIntrEnable)
                  0042a5fa    00000002     --HOLE-- [fill = 0]
                  0042a5fc    00000014     libclang_rt.builtins.a : aeabi_uldivmod.S.obj (.text.__aeabi_uldivmod)
                  0042a610    00000014     freertos.xwrL64xx.m4f.ti-arm-clang.debug.lib : port.obj (.text.vPortEnableVFP)
                  0042a624    00000014                                                  : tasks.obj (.text.xTaskGetCurrentTaskHandle)
                  0042a638    00000014                                                  : tasks.obj (.text.xTaskGetTickCount)
                  0042a64c    00000012     ti_pinmux_config.o (.text.Pinmux_init)
                  0042a65e    00000012     freertos.xwrL64xx.m4f.ti-arm-clang.debug.lib : SysTickTimerP.obj (.text.SysTickTimerP_getCount)
                  0042a670    00000012                                                  : SysTickTimerP.obj (.text.SysTickTimerP_getReloadCount)
                  0042a682    00000012     libc.a : memcpy_t2.S.obj (.text:TI_memcpy_small)
                  0042a694    00000010     drivers.xwrL64xx.m4f.ti-arm-clang.debug.lib : pinmux.obj (.text.CSL_REG32_WR_RAW)
                  0042a6a4    00000010                                                 : soc.obj (.text.CSL_REG32_WR_RAW)
                  0042a6b4    00000010                                                 : soc_rcm.obj (.text.CSL_REG32_WR_RAW)
                  0042a6c4    00000010                                                 : edma.obj (.text.HW_RD_REG32_RAW)
                  0042a6d4    00000010                                                 : soc_rcm.obj (.text.HW_RD_REG32_RAW)
                  0042a6e4    00000010                                                 : edma.obj (.text.HW_WR_REG32_RAW)
                  0042a6f4    00000010                                                 : soc_rcm.obj (.text.HW_WR_REG32_RAW)
                  0042a704    00000010     libc.a : s_round.c.obj (.text.OUTLINED_FUNCTION_0)
                  0042a714    00000010            : s_round.c.obj (.text.OUTLINED_FUNCTION_1)
                  0042a724    00000010     drivers.xwrL64xx.m4f.ti-arm-clang.debug.lib : uart_sci_edma.obj (.text.UART_disableTxDma)
                  0042a734    00000010                                                 : uart_sci_edma.obj (.text.UART_enableTxDma)
                  0042a744    00000010                                                 : uart_sci.obj (.text.UART_isRxIntrEnabled)
                  0042a754    00000010                                                 : uart_sci.obj (.text.UART_isTxIntrEnabled)
                  0042a764    00000010                                                 : uart_sci.obj (.text.UART_isTxRdy)
                  0042a774    00000010                                                 : uart_sci.obj (.text.UART_rxIntrDisable)
                  0042a784    00000010                                                 : uart_sci.obj (.text.UART_txIntrDisable)
                  0042a794    00000010     freertos.xwrL64xx.m4f.ti-arm-clang.debug.lib : printf.obj (.text._out_null)
                  0042a7a4    00000010     genModel.o (.text.getInput)
                  0042a7b4    00000010     genModel.o (.text.getOutput)
                  0042a7c4    00000010     freertos.xwrL64xx.m4f.ti-arm-clang.debug.lib : tasks.obj (.text.vTaskSuspendAll)
                  0042a7d4    0000000e                                                  : ClockP_freertos_m4.obj (.text.ClockP_getTimerCount)
                  0042a7e2    0000000e     libc.a : s_round.c.obj (.text.OUTLINED_FUNCTION_2)
                  0042a7f0    0000000e     genModel.o (.text.get_blr)
                  0042a7fe    0000000e     genModel.o (.text.get_loss)
                  0042a80c    0000000e     genModel.o (.text.get_lr)
                  0042a81a    0000000e     libsysbm.a : hostrename.c.obj (.text.strcpy)
                  0042a828    0000000e     libc.a : _printfi.c.obj (.text.strlen)
                  0042a836    0000000e     libsysbm.a : hostrename.c.obj (.text.strlen)
                  0042a844    0000000e     freertos.xwrL64xx.m4f.ti-arm-clang.debug.lib : list.obj (.text.vListInitialiseItem)
                  0042a852    0000000e                                                  : tasks.obj (.text.vTaskMissedYield)
                  0042a860    0000000e     libc.a : memset_t2.S.obj (.text:TI_memset_small)
                  0042a86e    0000000c     drivers.xwrL64xx.m4f.ti-arm-clang.debug.lib : soc_rcm.obj (.text.CSL_REG32_RD_RAW)
                  0042a87a    0000000c     freertos.xwrL64xx.m4f.ti-arm-clang.debug.lib : SysTickTimerP.obj (.text.CSL_REG32_RD_RAW)
                  0042a886    0000000c     ti_drivers_open_close.o (.text.Drivers_close)
                  0042a892    0000000c     ti_drivers_open_close.o (.text.Drivers_open)
                  0042a89e    0000000c     libc.a : s_floor.c.obj (.text.OUTLINED_FUNCTION_0)
                  0042a8aa    0000000c            : e_exp.c.obj (.text.OUTLINED_FUNCTION_1)
                  0042a8b6    0000000c            : e_log.c.obj (.text.OUTLINED_FUNCTION_2)
                  0042a8c2    0000000c            : e_exp.c.obj (.text.OUTLINED_FUNCTION_3)
                  0042a8ce    0000000c            : e_log.c.obj (.text.OUTLINED_FUNCTION_3)
                  0042a8da    0000000c            : e_exp.c.obj (.text.OUTLINED_FUNCTION_4)
                  0042a8e6    0000000c            : e_log.c.obj (.text.OUTLINED_FUNCTION_4)
                  0042a8f2    0000000c            : e_exp.c.obj (.text.OUTLINED_FUNCTION_5)
                  0042a8fe    0000000c     ti_power_clock_config.o (.text.PowerClock_init)
                  0042a90a    00000002     --HOLE-- [fill = 0]
                  0042a90c    0000000c     libc.a : fputc.c.obj (.text.putchar)
                  0042a918    0000000a     libclang_rt.builtins.a : aeabi_memset.S.obj (.text.__aeabi_memset)
                  0042a922    0000000a     libc.a : sprintf.c.obj (.text._outc)
                  0042a92c    00000008     freertos.xwrL64xx.m4f.ti-arm-clang.debug.lib : ClockP_freertos_m4.obj (.text.ClockP_timerClearOverflowInt)
                  0042a934    00000008     libc.a : e_exp.c.obj (.text.OUTLINED_FUNCTION_0)
                  0042a93c    00000008            : e_log.c.obj (.text.OUTLINED_FUNCTION_0)
                  0042a944    00000008            : e_log.c.obj (.text.OUTLINED_FUNCTION_1)
                  0042a94c    00000008            : s_floor.c.obj (.text.OUTLINED_FUNCTION_1)
                  0042a954    00000008            : e_exp.c.obj (.text.OUTLINED_FUNCTION_2)
                  0042a95c    00000008     drivers.xwrL64xx.m4f.ti-arm-clang.debug.lib : soc_rcm.obj (.text.SOC_rcmGetBaseAddressAPPRCM)
                  0042a964    00000008                                                 : soc_rcm.obj (.text.SOC_rcmGetBaseAddressTOPEFUSE)
                  0042a96c    00000008     libc.a : aeabi_portable.c.obj (.text.__aeabi_errno_addr)
                  0042a974    00000008     libclang_rt.builtins.a : aeabi_memset.S.obj (.text.__aeabi_memclr)
                  0042a97c    00000008     ti_dpl_config.o (.text.boot)
                  0042a984    00000008     libc.a : memory.c.obj (.text.malloc)
                  0042a98c    00000004            : fseek.c.obj (.text.fseek)
                  0042a990    00000004     libsysbm.a : remove.c.obj (.text.remove)
                  0042a994    00000004     libc.a : exit.c.obj (.text:abort)

.rodata    0    0042a998    00007658     
                  0042a998    00004800     genModel.o (.rodata.weight2)
                  0042f198    00001200     genModel.o (.rodata.weight1)
                  00430398    00000480     genModel.o (.rodata.weight0)
                  00430818    00000100     genModel.o (.rodata..L__const.invoke.v2_bias_QAS)
                  00430918    00000100     genModel.o (.rodata.multiplier2)
                  00430a18    00000100     genModel.o (.rodata.scales2)
                  00430b18    00000100     genModel.o (.rodata.shift2)
                  00430c18    00000080     genModel.o (.rodata.bias1)
                  00430c98    00000080     genModel.o (.rodata.multiplier1)
                  00430d18    00000080     genModel.o (.rodata.shift1)
                  00430d98    0000005c     freertos.xwrL64xx.m4f.ti-arm-clang.debug.lib : ClockP_freertos_m4.obj (.rodata.str1.93527999352055272301)
                  00430df4    00000056     hello_world.o (.rodata.str1.25878742741482266161)
                  00430e4a    00000056     hello_world.o (.rodata.str1.90407177212927340681)
                  00430ea0    00000055     hello_world.o (.rodata.str1.20585122125686657991)
                  00430ef5    00000054     hello_world.o (.rodata.str1.36411536238584545111)
                  00430f49    00000006     drivers.xwrL64xx.m4f.ti-arm-clang.debug.lib : edma.obj (.rodata.str1.88401663264709294401)
                  00430f4f    00000001     --HOLE-- [fill = 0]
                  00430f50    00000050     freertos.xwrL64xx.m4f.ti-arm-clang.debug.lib : printf.obj (.rodata._ftoa.pow10)
                  00430fa0    0000004b     hello_world.o (.rodata.str1.100031895935728944471)
                  00430feb    00000047     hello_world.o (.rodata.str1.103504813823346503771)
                  00431032    00000047     hello_world.o (.rodata.str1.82757462615248015461)
                  00431079    00000046     hello_world.o (.rodata.str1.81250187455147938771)
                  004310bf    00000042     hello_world.o (.rodata.str1.179320309643672740821)
                  00431101    00000003     hello_world.o (.rodata.str1.117029199937683275951)
                  00431104    00000040     genModel.o (.rodata.bias0)
                  00431144    00000040     genModel.o (.rodata.multiplier0)
                  00431184    00000040     genModel.o (.rodata.shift0)
                  004311c4    00000040     hello_world.o (.rodata.str1.18007408092678301801)
                  00431204    0000003f     hello_world.o (.rodata.str1.119127603560149154631)
                  00431243    0000003b     hello_world.o (.rodata.str1.158344049556689887351)
                  0043127e    0000003b     hello_world.o (.rodata.str1.71461526864189450931)
                  004312b9    0000003a     hello_world.o (.rodata.str1.181019294198627506521)
                  004312f3    0000003a     hello_world.o (.rodata.str1.74047310685665877101)
                  0043132d    00000039     hello_world.o (.rodata.str1.25688525312846087431)
                  00431366    00000039     hello_world.o (.rodata.str1.42296407429723474581)
                  0043139f    00000037     freertos.xwrL64xx.m4f.ti-arm-clang.debug.lib : SemaphoreP_freertos.obj (.rodata.str1.101306302737560956511)
                  004313d6    00000037     hello_world.o (.rodata.str1.170832820356405761251)
                  0043140d    00000037     hello_world.o (.rodata.str1.84711242895465672661)
                  00431444    00000035     ti_drivers_open_close.o (.rodata.str1.180798386837276072261)
                  00431479    00000035     ti_drivers_open_close.o (.rodata.str1.93079820704098108021)
                  004314ae    00000034     hello_world.o (.rodata.str1.151856856403788643131)
                  004314e2    00000034     hello_world.o (.rodata.str1.166648823923059614861)
                  00431516    00000031     genModel.o (.rodata.str1.81928478985822066431)
                  00431547    00000001     --HOLE-- [fill = 0]
                  00431548    00000030     libc.a : e_exp.c.obj (.rodata.cst16)
                  00431578    0000002d     hello_world.o (.rodata.str1.103813898316649980161)
                  004315a5    0000002d     hello_world.o (.rodata.str1.112518891538840002371)
                  004315d2    0000002d     hello_world.o (.rodata.str1.139996086299403542461)
                  004315ff    0000002d     hello_world.o (.rodata.str1.60596563910206944991)
                  0043162c    0000002d     hello_world.o (.rodata.str1.74989960353029887591)
                  00431659    0000002d     hello_world.o (.rodata.str1.9198785939629346891)
                  00431686    0000002c     hello_world.o (.rodata.str1.165706794901297547461)
                  004316b2    0000002c     hello_world.o (.rodata.str1.5421985940212865311)
                  004316de    0000002b     hello_world.o (.rodata.str1.100931741516191375691)
                  00431709    0000002b     hello_world.o (.rodata.str1.55535639888789782051)
                  00431734    0000002a     freertos.xwrL64xx.m4f.ti-arm-clang.debug.lib : DebugP_log.obj (.rodata.str1.83863751503234361091)
                  0043175e    00000029     hello_world.o (.rodata.str1.108762676678013235021)
                  00431787    00000029     hello_world.o (.rodata.str1.174545686674405159541)
                  004317b0    00000029     genModel.o (.rodata.str1.56715765453371809531)
                  004317d9    00000003     hello_world.o (.rodata.str1.137090005688127341331)
                  004317dc    00000028     genModel.o (.rodata..L__const.invoke.v4_bias_QAS)
                  00431804    00000028     genModel.o (.rodata..L__const.invoke.v4_weight_QAS)
                  0043182c    00000028     genModel.o (.rodata.scales3)
                  00431854    00000028     freertos.xwrL64xx.m4f.ti-arm-clang.debug.lib : SysTickTimerP.obj (.rodata.str1.132229217866366624301)
                  0043187c    00000026                                                  : ClockP_freertos_m4.obj (.rodata.str1.155599933748343169311)
                  004318a2    00000026     hello_world.o (.rodata.str1.83550760578342186821)
                  004318c8    00000024     drivers.xwrL64xx.m4f.ti-arm-clang.debug.lib : edma.obj (.rodata.str1.76418684701105564031)
                  004318ec    00000023     hello_world.o (.rodata.str1.172309555390422784881)
                  0043190f    00000022     freertos.xwrL64xx.m4f.ti-arm-clang.debug.lib : ClockP_freertos_m4.obj (.rodata.str1.28494904843492979541)
                  00431931    00000021                                                  : SemaphoreP_freertos.obj (.rodata.str1.58153449447620416071)
                  00431952    00000021                                                  : SysTickTimerP.obj (.rodata.str1.88473769475384572821)
                  00431973    00000020                                                  : ClockP_freertos_m4.obj (.rodata.str1.175475718105184423191)
                  00431993    0000001e                                                  : ClockP_freertos_m4.obj (.rodata.str1.95418503957988924921)
                  004319b1    0000001c                                                  : ClockP_freertos_m4.obj (.rodata.str1.137153928244774444421)
                  004319cd    0000001c     drivers.xwrL64xx.m4f.ti-arm-clang.debug.lib : soc_rcm.obj (.rodata.str1.56477286324532805231)
                  004319e9    0000001b     freertos.xwrL64xx.m4f.ti-arm-clang.debug.lib : SysTickTimerP.obj (.rodata.str1.49371646234269088851)
                  00431a04    0000001b                                                  : SemaphoreP_freertos.obj (.rodata.str1.54880761511891225261)
                  00431a1f    0000001a     drivers.xwrL64xx.m4f.ti-arm-clang.debug.lib : edma.obj (.rodata.str1.100996213821086933721)
                  00431a39    0000001a     freertos.xwrL64xx.m4f.ti-arm-clang.debug.lib : SemaphoreP_freertos.obj (.rodata.str1.113239132686834773161)
                  00431a53    0000001a     drivers.xwrL64xx.m4f.ti-arm-clang.debug.lib : soc_rcm.obj (.rodata.str1.13846211276285849311)
                  00431a6d    0000001a     hello_world.o (.rodata.str1.20079701395526251361)
                  00431a87    0000001a     genModel.o (.rodata.str1.4800453249716621501)
                  00431aa1    0000001a     drivers.xwrL64xx.m4f.ti-arm-clang.debug.lib : soc_rcm.obj (.rodata.str1.52576848066905547631)
                  00431abb    0000001a                                                 : soc_rcm.obj (.rodata.str1.73573858413138203341)
                  00431ad5    00000019                                                 : soc_rcm.obj (.rodata.str1.164767278446434951321)
                  00431aee    00000019                                                 : uart_sci_edma.obj (.rodata.str1.1694563462317297321)
                  00431b07    00000019                                                 : uart_sci.obj (.rodata.str1.55013173113347637961)
                  00431b20    00000019     freertos.xwrL64xx.m4f.ti-arm-clang.debug.lib : SysTickTimerP.obj (.rodata.str1.61321094930033951131)
                  00431b39    00000019     drivers.xwrL64xx.m4f.ti-arm-clang.debug.lib : uart_sci.obj (.rodata.str1.87895611013758742281)
                  00431b52    00000002     genModel.o (.rodata.str1.88487977436487324841)
                  00431b54    00000018     libc.a : e_expf.c.obj (.rodata.cst8)
                  00431b6c    00000018     drivers.xwrL64xx.m4f.ti-arm-clang.debug.lib : uart_sci.obj (.rodata.str1.120312415395384906381)
                  00431b84    00000018     hello_world.o (.rodata.str1.120474717173341062811)
                  00431b9c    00000018     hello_world.o (.rodata.str1.180004153808345570311)
                  00431bb4    00000018     drivers.xwrL64xx.m4f.ti-arm-clang.debug.lib : uart_sci_edma.obj (.rodata.str1.96300436347963894471)
                  00431bcc    00000017                                                 : edma.obj (.rodata.str1.124854076466481638881)
                  00431be3    00000017     hello_world.o (.rodata.str1.142259001306373933781)
                  00431bfa    00000017     hello_world.o (.rodata.str1.158313188311667219671)
                  00431c11    00000017     hello_world.o (.rodata.str1.162791726265783474131)
                  00431c28    00000017     drivers.xwrL64xx.m4f.ti-arm-clang.debug.lib : uart_sci.obj (.rodata.str1.165585763696907955751)
                  00431c3f    00000017     hello_world.o (.rodata.str1.181011191193512784341)
                  00431c56    00000017     hello_world.o (.rodata.str1.44297889821717519061)
                  00431c6d    00000017     hello_world.o (.rodata.str1.56343622807147625241)
                  00431c84    00000017     drivers.xwrL64xx.m4f.ti-arm-clang.debug.lib : soc_rcm.obj (.rodata.str1.85053832093120688671)
                  00431c9b    00000016                                                 : edma.obj (.rodata.str1.168695502010531622391)
                  00431cb1    00000016                                                 : uart_sci.obj (.rodata.str1.85700947625728835951)
                  00431cc7    00000015                                                 : uart_sci.obj (.rodata.str1.30326902893263927811)
                  00431cdc    00000015     hello_world.o (.rodata.str1.3046593138332634221)
                  00431cf1    00000014     drivers.xwrL64xx.m4f.ti-arm-clang.debug.lib : uart_sci.obj (.rodata.str1.121623592925719072031)
                  00431d05    00000014                                                 : uart_sci.obj (.rodata.str1.156252650444771372741)
                  00431d19    00000014     freertos.xwrL64xx.m4f.ti-arm-clang.debug.lib : SysTickTimerP.obj (.rodata.str1.92242029949279274251)
                  00431d2d    00000013     drivers.xwrL64xx.m4f.ti-arm-clang.debug.lib : edma.obj (.rodata.str1.161616063420144653881)
                  00431d40    00000013                                                 : uart_sci.obj (.rodata.str1.165533286247086816691)
                  00431d53    00000013                                                 : uart_sci.obj (.rodata.str1.69545364057784193721)
                  00431d66    00000012                                                 : edma.obj (.rodata.str1.108028640702030349071)
                  00431d78    00000012                                                 : uart_sci_edma.obj (.rodata.str1.160953260642837941861)
                  00431d8a    00000012                                                 : edma.obj (.rodata.str1.168183851025455507691)
                  00431d9c    00000012                                                 : uart_sci.obj (.rodata.str1.178001865525784930881)
                  00431dae    00000012                                                 : uart_sci_edma.obj (.rodata.str1.26883157310831064051)
                  00431dc0    00000011                                                 : edma.obj (.rodata.str1.106738448986847799941)
                  00431dd1    00000011     libc.a : _printfi.c.obj (.rodata.str1.44690500295887128011)
                  00431de2    00000011     drivers.xwrL64xx.m4f.ti-arm-clang.debug.lib : uart_sci.obj (.rodata.str1.45363221463256978381)
                  00431df3    00000011     ti_drivers_open_close.o (.rodata.str1.67188952531549399371)
                  00431e04    00000011     freertos.xwrL64xx.m4f.ti-arm-clang.debug.lib : SemaphoreP_freertos.obj (.rodata.str1.7963420168829568641)
                  00431e15    00000011     ti_drivers_open_close.o (.rodata.str1.89966530938494420691)
                  00431e26    00000010     drivers.xwrL64xx.m4f.ti-arm-clang.debug.lib : soc_rcm.obj (.rodata.gSocRcmClkSrcInfoMap)
                  00431e36    00000002     --HOLE-- [fill = 0]
                  00431e38    00000010                                                 : soc_rcm.obj (.rodata.gSocRcmFixedClocksTbl)
                  00431e48    00000010                                                 : soc_rcm.obj (.rodata.gSocRcmXTALFreqTbl)
                  00431e58    00000010                                                 : soc_rcm.obj (.rodata.str1.1771380296078173761)
                  00431e68    0000000f                                                 : uart_sci_edma.obj (.rodata.str1.111748486407635674111)
                  00431e77    0000000f                                                 : edma.obj (.rodata.str1.146140478628064919631)
                  00431e86    0000000f                                                 : edma.obj (.rodata.str1.161917553004410528641)
                  00431e95    0000000f                                                 : uart_sci.obj (.rodata.str1.58838004102269809421)
                  00431ea4    0000000f                                                 : edma.obj (.rodata.str1.7213619448781788421)
                  00431eb3    0000000e                                                 : uart_sci.obj (.rodata.str1.103833506493370671461)
                  00431ec1    0000000e     main.o (.rodata.str1.176328792963337784071)
                  00431ecf    0000000e     drivers.xwrL64xx.m4f.ti-arm-clang.debug.lib : edma.obj (.rodata.str1.71946734960229262581)
                  00431edd    0000000d                                                 : edma.obj (.rodata.str1.20711589974906254701)
                  00431eea    0000000c                                                 : soc_rcm.obj (.rodata.gSocRcmMcanClkSrcValMap)
                  00431ef6    0000000c                                                 : soc_rcm.obj (.rodata.gSocRcmQspiClkSrcValMap)
                  00431f02    0000000c                                                 : soc_rcm.obj (.rodata.gSocRcmSpiClkSrcValMap)
                  00431f0e    0000000c     freertos.xwrL64xx.m4f.ti-arm-clang.debug.lib : ClockP_freertos_m4.obj (.rodata.str1.12099769221571131241)
                  00431f1a    0000000c     hello_world.o (.rodata.str1.180478535239835215331)
                  00431f26    0000000c     freertos.xwrL64xx.m4f.ti-arm-clang.debug.lib : SemaphoreP_freertos.obj (.rodata.str1.58303800943864521271)
                  00431f32    0000000c     hello_world.o (.rodata.str1.68514622153536034641)
                  00431f3e    0000000c     hello_world.o (.rodata.str1.8208287688266998501)
                  00431f4a    0000000b     drivers.xwrL64xx.m4f.ti-arm-clang.debug.lib : uart_sci.obj (.rodata.str1.132042644373295978941)
                  00431f55    0000000b                                                 : uart_sci.obj (.rodata.str1.174583129905367634191)
                  00431f60    0000000b                                                 : edma.obj (.rodata.str1.76990244014968518721)
                  00431f6b    00000001     --HOLE-- [fill = 0]
                  00431f6c    0000000a                                                 : soc_rcm.obj (.rodata.gSocRcmRtiClkSrcValMap)
                  00431f76    0000000a                                                 : soc_rcm.obj (.rodata.gSocRcmWdtClkSrcValMap)
                  00431f80    0000000a                                                 : uart_sci.obj (.rodata.str1.124552654841916713531)
                  00431f8a    0000000a                                                 : edma.obj (.rodata.str1.138945604539585827651)
                  00431f94    0000000a                                                 : edma.obj (.rodata.str1.155011958078798190681)
                  00431f9e    0000000a                                                 : uart_sci.obj (.rodata.str1.170731718426455550511)
                  00431fa8    00000009     hello_world.o (.rodata.str1.130717748388326174311)
                  00431fb1    00000008     drivers.xwrL64xx.m4f.ti-arm-clang.debug.lib : soc_rcm.obj (.rodata.gSocRcmPeripheralClkSrcInfoMap)
                  00431fb9    00000008     freertos.xwrL64xx.m4f.ti-arm-clang.debug.lib : timers.obj (.rodata.str1.48907828374953663071)
                  00431fc1    00000005                                                  : printf.obj (.rodata.str1.119016125874353717991)
                  00431fc6    00000005                                                  : timers.obj (.rodata.str1.171292879472474763341)
                  00431fcb    00000005                                                  : printf.obj (.rodata.str1.23819535256173504321)
                  00431fd0    00000005     hello_world.o (.rodata.str1.52665754074894678161)
                  00431fd5    00000005     freertos.xwrL64xx.m4f.ti-arm-clang.debug.lib : tasks.obj (.rodata.str1.82129946285546181581)
                  00431fda    00000004                                                  : printf.obj (.rodata.str1.127360175834607756121)
                  00431fde    00000004                                                  : printf.obj (.rodata.str1.129146086478572783701)
                  00431fe2    00000004     hello_world.o (.rodata.str1.69193635960722488131)
                  00431fe6    00000004     genModel.o (.rodata.str1.77523523799365153651)
                  00431fea    00000002     --HOLE-- [fill = 0]
                  00431fec    00000004     freertos.xwrL64xx.m4f.ti-arm-clang.debug.lib : tasks.obj (.rodata.uxTopUsedPriority)

.data      0    00431ff0    00001019     
                  00431ff0    00000a00     genModel.o (.data.weight3)
                  004329f0    00000100     genModel.o (.data.bias2)
                  00432af0    000000f0     libc.a : defs.c.obj (.data._ftable)
                  00432be0    000000c8     drivers.xwrL64xx.m4f.ti-arm-clang.debug.lib : power_xwrLx4xx.obj (.data.Power_module)
                  00432ca8    00000078     libsysbm.a : host_device.c.obj (.data._device)
                  00432d20    00000064     drivers.xwrL64xx.m4f.ti-arm-clang.debug.lib : uart_sci.obj (.data.gUartDrvObj)
                  00432d84    00000050     libsysbm.a : host_device.c.obj (.data._stream)
                  00432dd4    00000050     ti_drivers_config.o (.data.gEdmaAttrs)
                  00432e24    00000038     ti_drivers_open_close.o (.data.gUartParams)
                  00432e5c    00000030     ti_dpl_config.o (.data.gMpuRegionConfig)
                  00432e8c    00000028     genModel.o (.data.bias3)
                  00432eb4    00000028     hello_world.o (.data.labels)
                  00432edc    00000018     ti_pinmux_config.o (.data.gPinMuxMainDomainCfg)
                  00432ef4    00000018     ti_power_clock_config.o (.data.gSocModulesClockFrequency)
                  00432f0c    00000014     ti_dpl_config.o (.data.gClockConfig)
                  00432f20    0000000c     freertos.xwrL64xx.m4f.ti-arm-clang.debug.lib : AddrTranslateP.obj (.data.gAddrTranslateConfig)
                  00432f2c    0000000c     ti_dpl_config.o (.data.gMpuConfig)
                  00432f38    0000000c     ti_power_clock_config.o (.data.gSocModules)
                  00432f44    00000008     libc.a : exit.c.obj (.data..L_MergedGlobals)
                  00432f4c    00000008     ti_drivers_config.o (.data.gEdmaConfig)
                  00432f54    00000008     ti_drivers_config.o (.data.gUartAttrs)
                  00432f5c    00000008     ti_drivers_config.o (.data.gUartConfig)
                  00432f64    00000004     freertos.xwrL64xx.m4f.ti-arm-clang.debug.lib : tasks.obj (.data.FreeRTOS_errno)
                  00432f68    00000004     libc.a : defs.c.obj (.data.__TI_ft_end)
                  00432f6c    00000004            : aeabi_portable.c.obj (.data.__aeabi_errno)
                  00432f70    00000004            : _lock.c.obj (.data._lock)
                  00432f74    00000004            : _lock.c.obj (.data._unlock)
                  00432f78    00000004     genModel.o (.data.backup_initialized)
                  00432f7c    00000004     genModel.o (.data.blr)
                  00432f80    00000004     genModel.o (.data.buffer0)
                  00432f84    00000004     freertos.xwrL64xx.m4f.ti-arm-clang.debug.lib : DebugP_freertos.obj (.data.gDebugLogIsInitDone)
                  00432f88    00000004                                                  : DebugP_log.obj (.data.gDebugLogZone)
                  00432f8c    00000004                                                  : DebugP_uartLogWriter.obj (.data.gDebugP_uartDrvIndex)
                  00432f90    00000004     ti_drivers_config.o (.data.gEdmaConfigNum)
                  00432f94    00000004     ti_drivers_open_close.o (.data.gEdmaParams)
                  00432f98    00000004     ti_drivers_config.o (.data.gUartConfigNum)
                  00432f9c    00000004     freertos.xwrL64xx.m4f.ti-arm-clang.debug.lib : power_xwrLx4xx_freertos.obj (.data.idleTicks)
                  00432fa0    00000004     genModel.o (.data.loss_val)
                  00432fa4    00000004     genModel.o (.data.lr)
                  00432fa8    00000004     freertos.xwrL64xx.m4f.ti-arm-clang.debug.lib : timers.obj (.data.prvSampleTimeNow.xLastTime)
                  00432fac    00000004                                                  : tasks.obj (.data.pxCurrentTCB)
                  00432fb0    00000004     genModel.o (.data.sbuf)
                  00432fb4    00000004     freertos.xwrL64xx.m4f.ti-arm-clang.debug.lib : port.obj (.data.ulPortSchedularRunning)
                  00432fb8    00000004                                                  : port.obj (.data.uxCriticalNesting)
                  00432fbc    00000004                                                  : tasks.obj (.data.uxCurrentNumberOfTasks)
                  00432fc0    00000004                                                  : tasks.obj (.data.uxDeletedTasksWaitingCleanUp)
                  00432fc4    00000004                                                  : tasks.obj (.data.uxSchedulerSuspended)
                  00432fc8    00000004                                                  : tasks.obj (.data.uxTaskNumber)
                  00432fcc    00000004                                                  : tasks.obj (.data.uxTopReadyPriority)
                  00432fd0    00000004     genModel.o (.data.v2_bias)
                  00432fd4    00000004     genModel.o (.data.v4_bias)
                  00432fd8    00000004     genModel.o (.data.v4_weight)
                  00432fdc    00000004     genModel.o (.data.weight_fp4)
                  00432fe0    00000004     freertos.xwrL64xx.m4f.ti-arm-clang.debug.lib : tasks.obj (.data.xIdleTaskHandle)
                  00432fe4    00000004                                                  : tasks.obj (.data.xNextTaskUnblockTime)
                  00432fe8    00000004                                                  : tasks.obj (.data.xNumOfOverflows)
                  00432fec    00000004                                                  : tasks.obj (.data.xPendedTicks)
                  00432ff0    00000004                                                  : tasks.obj (.data.xSchedulerRunning)
                  00432ff4    00000004                                                  : tasks.obj (.data.xTickCount)
[...]
00427ca9  __eqdf2                                                                   
00427ca9  __ledf2                                                                   
00427ca9  __ltdf2                                                                   
00427ca9  __nedf2                                                                   
00427d19  __aeabi_d2f                                                               
00427d19  __truncdfsf2                                                              
00427e5f  vListInsert                                                               
00427ec9  EDMA_getBaseAddr                                                          
00427f31  fseeko                                                                    
00427f99  getdevice                                                                 
00428001  HOSTrename                                                                
00428065  vQueueWaitForMessageRestricted                                            
004280c9  ClockP_getTicks                                                           
004280d1  xPortPendSVHandler                                                        
00428199  __aeabi_dcmpeq                                                            
004281ad  __aeabi_dcmplt                                                            
004281c1  __aeabi_dcmple                                                            
004281d5  __aeabi_dcmpge                                                            
004281e9  __aeabi_dcmpgt                                                            
004281fb  __TI_wrt_ok                                                               
0042825d  close                                                                     
004282bd  main                                                                      
0042831d  printf                                                                    
0042837d  pxPortInitialiseStack                                                     
004283db  train                                                                     
00428439  xPortStartScheduler                                                       
00428497  Module_clockSetFrequency                                                  
0042854d  HOSTlseek                                                                 
004285a5  HOSTopen                                                                  
004285fd  SOC_virtToPhy                                                             
00428655  EDMA_getHandle                                                            
004286ad  HOSTread                                                                  
00428701  HOSTwrite                                                                 
004287a9  vQueueUnregisterQueue                                                     
004287fd  EDMAReadIntrStatusRegion                                                  
0042884f  Pinmux_config                                                             
004288f3  System_init                                                               
00428997  mul                                                                       
004289e9  sub                                                                       
00428a3b  tte_exp                                                                   
00428a8d  vQueueAddToRegistry                                                       
00428adf  xQueueTakeMutexRecursive                                                  
00428b31  Drivers_edmaClose                                                         
00428b81  Drivers_uartClose                                                         
00428bd1  Module_clockEnable                                                        
00428c21  __TI_doflush                                                              
00428c71  xQueueGiveMutexRecursive                                                  
00428cc1  EDMAClrEvtRegion                                                          
00428d0f  EDMAClrIntrRegion                                                         
00428d5d  EDMADisableDmaEvtRegion                                                   
00428dab  EDMADisableEvtIntrRegion                                                  
00428df9  EDMAEnableDmaEvtRegion                                                    
00428e47  EDMASetEvtRegion                                                          
00428e95  vPortTimerTickHandler                                                     
00428ee3  EDMAEnableEvtIntrRegion                                                   
00428f2f  EDMAMapQdmaChToPaRAM                                                      
00428fc7  UART_getHandle                                                            
00429013  __TI_rd_ok                                                                
0042905d  xQueueGenericCreateStatic                                                 
004290a7  _c_int00                                                                  
004290f1  SOC_rcmSetM4ClockSrc                                                      
00429139  __aeabi_d2iz                                                              
00429139  __fixdfsi                                                                 
00429181  uxListRemove                                                              
00429211  HOSTunlink                                                                
00429255  SOC_controlModuleUnlockMMR                                                
004293a9  __aeabi_d2uiz                                                             
004293a9  __fixunsdfsi                                                              
004294b7  less_int8                                                                 
0042953b  Power_idleFunc                                                            
004295fd  DebugP_uartLogWriterPutChar                                               
00429679  vPortSuppressTicksAndSleep                                                
004296b9  HOSTclose                                                                 
004296f5  arm_q7_to_q15_with_offset                                                 
004297a9  SOC_controlModuleLockMMR                                                  
0042981d  vListInsertEnd                                                            
0042988f  EDMAQdmaClrMissEvtRegion                                                  
004298c9  __aeabi_f2d                                                               
004298c9  __extendsfdf2                                                             
00429901  sprintf                                                                   
00429939  xTaskGetSchedulerState                                                    
00429971  __TI_auto_init_nobinit_nopinit                                            
004299a9  EDMA_getRegionId                                                          
00429a15  __aeabi_ul2f                                                              
00429a15  __floatundisf                                                             
00429a4b  vTaskPlaceOnEventListRestricted                                           
00429a81  __TI_cleanup                                                              
00429ab5  __TI_writemsg                                                             
00429adf  C$$IO$$                                                                   
00429ae9  ClockP_timerTickIsr                                                       
00429b4d  xQueueCreateMutexStatic                                                   
00429b81  __TI_readmsg                                                              
00429bb1  __aeabi_dcmpun                                                            
00429bb1  __unorddf2                                                                
00429be1  exit                                                                      
00429c11  fopen                                                                     
00429c71  vPortEnterCritical                                                        
00429ca1  __aeabi_i2d                                                               
00429ca1  __floatsidf                                                               
00429d2b  vListInitialise                                                           
00429d59  DebugP_logZoneEnable                                                      
00429d85  SysTickTimerP_Params_init                                                 
00429db1  fclose                                                                    
00429ddd  finddevice                                                                
00429e09  lseek                                                                     
00429e61  pvTaskIncrementMutexHeldCount                                             
00429e8d  read                                                                      
00429eb9  unlink                                                                    
00429ee5  vApplicationGetIdleTaskMemory                                             
00429f11  vApplicationGetTimerTaskMemory                                            
00429f3d  write                                                                     
00429f69  SOC_getEfusePgVersion                                                     
0042a039  vQueueDelete                                                              
0042a061  vprintf_                                                                  
0042a089  EDMADisableQdmaEvtRegion                                                  
0042a0af  EDMAEnableQdmaEvtRegion                                                   
0042a0d5  EDMAGetIntrStatusRegion                                                   
0042a0fb  EDMAIntrStatusHighGetRegion                                               
0042a193  vPortExitCritical                                                         
0042a1b9  vTaskPlaceOnEventList                                                     
0042a1df  HwiP_inISR                                                                
0042a203  _DebugP_assertNoLog                                                       
0042a24b  _system_pre_init                                                          
0042a271  vPortSVCHandler                                                           
0042a295  vTaskInternalSetTimeOutState                                              
0042a2b9  Dpl_init                                                                  
0042a2db  EDMAChannelToParamMap                                                     
0042a31f  stack_init                                                                
0042a341  ClockP_usecToTicks                                                        
0042a361  __aeabi_ui2d                                                              
0042a361  __floatunsidf                                                             
0042a381  vPortFree                                                                 
0042a3a1  memccpy                                                                   
0042a3dd  SOC_moduleClockEnable                                                     
0042a415  putchar_                                                                  
0042a431  SOC_clocksEnable                                                          
0042a44b  SOC_moduleSetClockFrequency                                               
0042a465  SysTickTimerP_start                                                       
0042a47f  SysTickTimerP_stop                                                        
0042a499  EDMA_isInterruptEnabled                                                   
0042a4b1  TaskP_yield                                                               
0042a4e1  freertos_main                                                             
0042a4f9  EDMA_allocDmaChannel                                                      
0042a50f  EDMA_allocParam                                                           
0042a525  EDMA_allocTcc                                                             
0042a53b  EDMA_freeDmaChannel                                                       
0042a551  EDMA_freeParam                                                            
0042a567  EDMA_freeTcc                                                              
0042a57d  SemaphoreP_destruct                                                       
0042a593  set_blr                                                                   
0042a5a9  set_lr                                                                    
0042a5bf  DebugP_uartSetDrvIndex                                                    
0042a5fd  __aeabi_uldivmod                                                          
0042a625  xTaskGetCurrentTaskHandle                                                 
0042a639  xTaskGetTickCount                                                         
0042a64d  Pinmux_init                                                               
0042a65f  SysTickTimerP_getCount                                                    
0042a671  SysTickTimerP_getReloadCount                                              
0042a683  TI_memcpy_small                                                           
0042a7a5  getInput                                                                  
0042a7b5  getOutput                                                                 
0042a7c5  vTaskSuspendAll                                                           
0042a7d5  ClockP_getTimerCount                                                      
0042a7f1  get_blr                                                                   
0042a7ff  get_loss                                                                  
0042a80d  get_lr                                                                    
0042a845  vListInitialiseItem                                                       
0042a853  vTaskMissedYield                                                          
0042a861  TI_memset_small                                                           
0042a887  Drivers_close                                                             
0042a893  Drivers_open                                                              
0042a8ff  PowerClock_init                                                           
0042a90d  putchar                                                                   
0042a919  __aeabi_memset                                                            
0042a919  __aeabi_memset4                                                           
0042a919  __aeabi_memset8                                                           
0042a92d  ClockP_timerClearOverflowInt                                              
0042a96d  __aeabi_errno_addr                                                        
0042a975  __aeabi_memclr                                                            
0042a975  __aeabi_memclr4                                                           
0042a975  __aeabi_memclr8                                                           
0042a97d  __mpu_init                                                                
0042a985  malloc                                                                    
0042a98d  fseek                                                                     
0042a991  remove                                                                    
0042a994  C$$EXIT                                                                   
0042a995  abort                                                                     
00431fec  uxTopUsedPriority                                                         
00431ff0  weight3                                                                   
004329f0  bias2                                                                     
00432af0  _ftable                                                                   
00432be0  Power_module                                                              
00432ca8  _device                                                                   
00432d84  _stream                                                                   
00432e24  gUartParams                                                               
00432e5c  gMpuRegionConfig                                                          
00432e8c  bias3                                                                     
00432eb4  labels                                                                    
00432ef4  gSocModulesClockFrequency                                                 
00432f0c  gClockConfig                                                              
00432f20  gAddrTranslateConfig                                                      
00432f2c  gMpuConfig                                                                
00432f38  gSocModules                                                               
00432f44  __TI_cleanup_ptr                                                          
00432f48  __TI_dtors_ptr                                                            
00432f4c  gEdmaConfig                                                               
00432f5c  gUartConfig                                                               
00432f64  FreeRTOS_errno                                                            
00432f68  __TI_ft_end                                                               
00432f6c  __aeabi_errno                                                             
00432f70  _lock                                                                     
00432f74  _unlock                                                                   
00432f88  gDebugLogZone                                                             
00432f8c  gDebugP_uartDrvIndex                                                      
00432f90  gEdmaConfigNum                                                            
00432f94  gEdmaParams                                                               
00432f98  gUartConfigNum                                                            
00432fa0  loss_val                                                                  
00432fac  pxCurrentTCB                                                              
00458000  __stack                                                                   
0045a000  __STACK_END                                                               
0045a000  _sys_memory                                                               
ffffffff  __TI_pprof_out_hndl                                                       
ffffffff  __TI_prof_data_size                                                       
ffffffff  __TI_prof_data_start                                                      
ffffffff  __binit__                                                                 
ffffffff  binit                                                                     
UNDEFED   __TI_CINIT_Base                                                           
UNDEFED   __TI_CINIT_Limit                                                          
UNDEFED   __TI_Handler_Table_Base                                                   
UNDEFED   __TI_Handler_Table_Limit                                                  
UNDEFED   _system_post_cinit                                                        

[419 symbols]
