<?xml version="1.0" encoding="ISO-8859-1" ?>
<link_info>
   <banner>TI ARM Clang Linker PC v3.2.2.LTS</banner>
   <copyright>Copyright (c) 1996-2018 Texas Instruments Incorporated</copyright>
   <link_time>0x6a535221</link_time>
   <link_errors>0x0</link_errors>
   <output_file>C:\Users\tuan.trinhthe\workspace_ccstheia\zTTE-HGR\Debug\zTTE-HGR.out</output_file>
   <entry_point>
      <name>_c_int00</name>
      <address>0x4290a7</address>
   </entry_point>
   <input_file_list>
      <input_file id="fl-1">
         <path>C:\Users\tuan.trinhthe\workspace_ccstheia\zTTE-HGR\Debug\.\syscfg\</path>
         <kind>object</kind>
         <file>ti_dpl_config.o</file>
         <name>ti_dpl_config.o</name>
      </input_file>
      <input_file id="fl-2">
         <path>C:\Users\tuan.trinhthe\workspace_ccstheia\zTTE-HGR\Debug\.\syscfg\</path>
         <kind>object</kind>
         <file>ti_drivers_config.o</file>
         <name>ti_drivers_config.o</name>
      </input_file>
      <input_file id="fl-3">
         <path>C:\Users\tuan.trinhthe\workspace_ccstheia\zTTE-HGR\Debug\.\syscfg\</path>
         <kind>object</kind>
         <file>ti_drivers_open_close.o</file>
         <name>ti_drivers_open_close.o</name>
      </input_file>
      <input_file id="fl-4">
         <path>C:\Users\tuan.trinhthe\workspace_ccstheia\zTTE-HGR\Debug\.\syscfg\</path>
         <kind>object</kind>
         <file>ti_pinmux_config.o</file>
         <name>ti_pinmux_config.o</name>
      </input_file>
      <input_file id="fl-5">
         <path>C:\Users\tuan.trinhthe\workspace_ccstheia\zTTE-HGR\Debug\.\syscfg\</path>
         <kind>object</kind>
         <file>ti_power_clock_config.o</file>
         <name>ti_power_clock_config.o</name>
      </input_file>
      <input_file id="fl-6">
         <path>C:\Users\tuan.trinhthe\workspace_ccstheia\zTTE-HGR\Debug\.\syscfg\</path>
         <kind>object</kind>
         <file>ti_board_config.o</file>
         <name>ti_board_config.o</name>
      </input_file>
      <input_file id="fl-7">
         <path>C:\Users\tuan.trinhthe\workspace_ccstheia\zTTE-HGR\Debug\.\syscfg\</path>
         <kind>object</kind>
         <file>ti_board_open_close.o</file>
         <name>ti_board_open_close.o</name>
      </input_file>
      <input_file id="fl-8">
         <path>C:\Users\tuan.trinhthe\workspace_ccstheia\zTTE-HGR\Debug\.\</path>
         <kind>object</kind>
         <file>hello_world.o</file>
         <name>hello_world.o</name>
      </input_file>
      <input_file id="fl-9">
         <path>C:\Users\tuan.trinhthe\workspace_ccstheia\zTTE-HGR\Debug\.\</path>
         <kind>object</kind>
         <file>main.o</file>
         <name>main.o</name>
      </input_file>
      <input_file id="fl-a">
         <path>C:\Users\tuan.trinhthe\workspace_ccstheia\zTTE-HGR\Debug\.\TinyEngine\codegen\Source\</path>
         <kind>object</kind>
         <file>genModel.o</file>
         <name>genModel.o</name>
      </input_file>
      <input_file id="fl-b">
         <path>C:\Users\tuan.trinhthe\workspace_ccstheia\zTTE-HGR\Debug\.\TinyEngine\src\kernels\fp_backward_op\</path>
         <kind>object</kind>
         <file>add_fp.o</file>
         <name>add_fp.o</name>
      </input_file>
      <input_file id="fl-c">
         <path>C:\Users\tuan.trinhthe\workspace_ccstheia\zTTE-HGR\Debug\.\TinyEngine\src\kernels\fp_backward_op\</path>
         <kind>object</kind>
         <file>div_fp.o</file>
         <name>div_fp.o</name>
      </input_file>
      <input_file id="fl-d">
         <path>C:\Users\tuan.trinhthe\workspace_ccstheia\zTTE-HGR\Debug\.\TinyEngine\src\kernels\fp_backward_op\</path>
         <kind>object</kind>
         <file>group_conv_fp_kernel4_stride1_pad0.o</file>
         <name>group_conv_fp_kernel4_stride1_pad0.o</name>
      </input_file>
      <input_file id="fl-e">
         <path>C:\Users\tuan.trinhthe\workspace_ccstheia\zTTE-HGR\Debug\.\TinyEngine\src\kernels\fp_backward_op\</path>
         <kind>object</kind>
         <file>group_conv_fp_kernel8_stride1_pad0.o</file>
         <name>group_conv_fp_kernel8_stride1_pad0.o</name>
      </input_file>
      <input_file id="fl-f">
         <path>C:\Users\tuan.trinhthe\workspace_ccstheia\zTTE-HGR\Debug\.\TinyEngine\src\kernels\fp_backward_op\</path>
         <kind>object</kind>
         <file>group_pointwise_conv_fp.o</file>
         <name>group_pointwise_conv_fp.o</name>
      </input_file>
      <input_file id="fl-10">
         <path>C:\Users\tuan.trinhthe\workspace_ccstheia\zTTE-HGR\Debug\.\TinyEngine\src\kernels\fp_backward_op\</path>
         <kind>object</kind>
         <file>less_fp.o</file>
         <name>less_fp.o</name>
      </input_file>
      <input_file id="fl-11">
         <path>C:\Users\tuan.trinhthe\workspace_ccstheia\zTTE-HGR\Debug\.\TinyEngine\src\kernels\fp_backward_op\</path>
         <kind>object</kind>
         <file>log_softmax_fp.o</file>
         <name>log_softmax_fp.o</name>
      </input_file>
      <input_file id="fl-12">
         <path>C:\Users\tuan.trinhthe\workspace_ccstheia\zTTE-HGR\Debug\.\TinyEngine\src\kernels\fp_backward_op\</path>
         <kind>object</kind>
         <file>mul_fp.o</file>
         <name>mul_fp.o</name>
      </input_file>
      <input_file id="fl-13">
         <path>C:\Users\tuan.trinhthe\workspace_ccstheia\zTTE-HGR\Debug\.\TinyEngine\src\kernels\fp_backward_op\</path>
         <kind>object</kind>
         <file>negative_fp.o</file>
         <name>negative_fp.o</name>
      </input_file>
      <input_file id="fl-14">
         <path>C:\Users\tuan.trinhthe\workspace_ccstheia\zTTE-HGR\Debug\.\TinyEngine\src\kernels\fp_backward_op\</path>
         <kind>object</kind>
         <file>nll_loss_fp.o</file>
         <name>nll_loss_fp.o</name>
      </input_file>
      <input_file id="fl-15">
         <path>C:\Users\tuan.trinhthe\workspace_ccstheia\zTTE-HGR\Debug\.\TinyEngine\src\kernels\fp_backward_op\</path>
         <kind>object</kind>
         <file>pointwise_conv_fp.o</file>
         <name>pointwise_conv_fp.o</name>
      </input_file>
      <input_file id="fl-16">
         <path>C:\Users\tuan.trinhthe\workspace_ccstheia\zTTE-HGR\Debug\.\TinyEngine\src\kernels\fp_backward_op\</path>
         <kind>object</kind>
         <file>strided_slice_3Dto3D_fp.o</file>
         <name>strided_slice_3Dto3D_fp.o</name>
      </input_file>
      <input_file id="fl-17">
         <path>C:\Users\tuan.trinhthe\workspace_ccstheia\zTTE-HGR\Debug\.\TinyEngine\src\kernels\fp_backward_op\</path>
         <kind>object</kind>
         <file>strided_slice_4Dto4D_fp.o</file>
         <name>strided_slice_4Dto4D_fp.o</name>
      </input_file>
      <input_file id="fl-18">
         <path>C:\Users\tuan.trinhthe\workspace_ccstheia\zTTE-HGR\Debug\.\TinyEngine\src\kernels\fp_backward_op\</path>
         <kind>object</kind>
         <file>sub_fp.o</file>
         <name>sub_fp.o</name>
      </input_file>
      <input_file id="fl-19">
         <path>C:\Users\tuan.trinhthe\workspace_ccstheia\zTTE-HGR\Debug\.\TinyEngine\src\kernels\fp_backward_op\</path>
         <kind>object</kind>
         <file>sum_2D_fp.o</file>
         <name>sum_2D_fp.o</name>
      </input_file>
      <input_file id="fl-1a">
         <path>C:\Users\tuan.trinhthe\workspace_ccstheia\zTTE-HGR\Debug\.\TinyEngine\src\kernels\fp_backward_op\</path>
         <kind>object</kind>
         <file>sum_3D_fp.o</file>
         <name>sum_3D_fp.o</name>
      </input_file>
      <input_file id="fl-1b">
         <path>C:\Users\tuan.trinhthe\workspace_ccstheia\zTTE-HGR\Debug\.\TinyEngine\src\kernels\fp_backward_op\</path>
         <kind>object</kind>
         <file>sum_4D_exclude_fp.o</file>
         <name>sum_4D_exclude_fp.o</name>
      </input_file>
      <input_file id="fl-1c">
         <path>C:\Users\tuan.trinhthe\workspace_ccstheia\zTTE-HGR\Debug\.\TinyEngine\src\kernels\fp_backward_op\</path>
         <kind>object</kind>
         <file>transpose_depthwise_conv_fp_kernel3_stride1_inpad1_outpad0.o</file>
         <name>transpose_depthwise_conv_fp_kernel3_stride1_inpad1_outpad0.o</name>
      </input_file>
      <input_file id="fl-1d">
         <path>C:\Users\tuan.trinhthe\workspace_ccstheia\zTTE-HGR\Debug\.\TinyEngine\src\kernels\fp_backward_op\</path>
         <kind>object</kind>
         <file>transpose_depthwise_conv_fp_kernel3_stride2_inpad1_outpad1.o</file>
         <name>transpose_depthwise_conv_fp_kernel3_stride2_inpad1_outpad1.o</name>
      </input_file>
      <input_file id="fl-1e">
         <path>C:\Users\tuan.trinhthe\workspace_ccstheia\zTTE-HGR\Debug\.\TinyEngine\src\kernels\fp_backward_op\</path>
         <kind>object</kind>
         <file>transpose_depthwise_conv_fp_kernel5_stride1_inpad2_outpad0.o</file>
         <name>transpose_depthwise_conv_fp_kernel5_stride1_inpad2_outpad0.o</name>
      </input_file>
      <input_file id="fl-1f">
         <path>C:\Users\tuan.trinhthe\workspace_ccstheia\zTTE-HGR\Debug\.\TinyEngine\src\kernels\fp_backward_op\</path>
         <kind>object</kind>
         <file>transpose_depthwise_conv_fp_kernel5_stride2_inpad2_outpad1.o</file>
         <name>transpose_depthwise_conv_fp_kernel5_stride2_inpad2_outpad1.o</name>
      </input_file>
      <input_file id="fl-20">
         <path>C:\Users\tuan.trinhthe\workspace_ccstheia\zTTE-HGR\Debug\.\TinyEngine\src\kernels\fp_backward_op\</path>
         <kind>object</kind>
         <file>transpose_depthwise_conv_fp_kernel7_stride1_inpad3_outpad0.o</file>
         <name>transpose_depthwise_conv_fp_kernel7_stride1_inpad3_outpad0.o</name>
      </input_file>
      <input_file id="fl-21">
         <path>C:\Users\tuan.trinhthe\workspace_ccstheia\zTTE-HGR\Debug\.\TinyEngine\src\kernels\fp_backward_op\</path>
         <kind>object</kind>
         <file>transpose_depthwise_conv_fp_kernel7_stride2_inpad3_outpad1.o</file>
         <name>transpose_depthwise_conv_fp_kernel7_stride2_inpad3_outpad1.o</name>
      </input_file>
      <input_file id="fl-22">
         <path>C:\Users\tuan.trinhthe\workspace_ccstheia\zTTE-HGR\Debug\.\TinyEngine\src\kernels\fp_backward_op\</path>
         <kind>object</kind>
         <file>tte_exp_fp.o</file>
         <name>tte_exp_fp.o</name>
      </input_file>
      <input_file id="fl-23">
         <path>C:\Users\tuan.trinhthe\workspace_ccstheia\zTTE-HGR\Debug\.\TinyEngine\src\kernels\fp_backward_op\</path>
         <kind>object</kind>
         <file>where_fp.o</file>
         <name>where_fp.o</name>
      </input_file>
      <input_file id="fl-24">
         <path>C:\Users\tuan.trinhthe\workspace_ccstheia\zTTE-HGR\Debug\.\TinyEngine\src\kernels\fp_requantize_op\</path>
         <kind>object</kind>
         <file>add_fpreq.o</file>
         <name>add_fpreq.o</name>
      </input_file>
      <input_file id="fl-25">
         <path>C:\Users\tuan.trinhthe\workspace_ccstheia\zTTE-HGR\Debug\.\TinyEngine\src\kernels\fp_requantize_op\</path>
         <kind>object</kind>
         <file>convolve_1x1_s8_ch16_fpreq.o</file>
         <name>convolve_1x1_s8_ch16_fpreq.o</name>
      </input_file>
      <input_file id="fl-26">
         <path>C:\Users\tuan.trinhthe\workspace_ccstheia\zTTE-HGR\Debug\.\TinyEngine\src\kernels\fp_requantize_op\</path>
         <kind>object</kind>
         <file>convolve_1x1_s8_ch24_fpreq.o</file>
         <name>convolve_1x1_s8_ch24_fpreq.o</name>
      </input_file>
      <input_file id="fl-27">
         <path>C:\Users\tuan.trinhthe\workspace_ccstheia\zTTE-HGR\Debug\.\TinyEngine\src\kernels\fp_requantize_op\</path>
         <kind>object</kind>
         <file>convolve_1x1_s8_ch48_fpreq.o</file>
         <name>convolve_1x1_s8_ch48_fpreq.o</name>
      </input_file>
      <input_file id="fl-28">
         <path>C:\Users\tuan.trinhthe\workspace_ccstheia\zTTE-HGR\Debug\.\TinyEngine\src\kernels\fp_requantize_op\</path>
         <kind>object</kind>
         <file>convolve_1x1_s8_ch8_fpreq.o</file>
         <name>convolve_1x1_s8_ch8_fpreq.o</name>
      </input_file>
      <input_file id="fl-29">
         <path>C:\Users\tuan.trinhthe\workspace_ccstheia\zTTE-HGR\Debug\.\TinyEngine\src\kernels\fp_requantize_op\</path>
         <kind>object</kind>
         <file>convolve_1x1_s8_fpreq.o</file>
         <name>convolve_1x1_s8_fpreq.o</name>
      </input_file>
      <input_file id="fl-2a">
         <path>C:\Users\tuan.trinhthe\workspace_ccstheia\zTTE-HGR\Debug\.\TinyEngine\src\kernels\fp_requantize_op\</path>
         <kind>object</kind>
         <file>convolve_1x1_s8_fpreq_mask.o</file>
         <name>convolve_1x1_s8_fpreq_mask.o</name>
      </input_file>
      <input_file id="fl-2b">
         <path>C:\Users\tuan.trinhthe\workspace_ccstheia\zTTE-HGR\Debug\.\TinyEngine\src\kernels\fp_requantize_op\</path>
         <kind>object</kind>
         <file>convolve_1x1_s8_fpreq_mask_partialCH.o</file>
         <name>convolve_1x1_s8_fpreq_mask_partialCH.o</name>
      </input_file>
      <input_file id="fl-2c">
         <path>C:\Users\tuan.trinhthe\workspace_ccstheia\zTTE-HGR\Debug\.\TinyEngine\src\kernels\fp_requantize_op\</path>
         <kind>object</kind>
         <file>convolve_s8_kernel3_inputch3_stride2_pad1_fpreq.o</file>
         <name>convolve_s8_kernel3_inputch3_stride2_pad1_fpreq.o</name>
      </input_file>
      <input_file id="fl-2d">
         <path>C:\Users\tuan.trinhthe\workspace_ccstheia\zTTE-HGR\Debug\.\TinyEngine\src\kernels\fp_requantize_op\</path>
         <kind>object</kind>
         <file>mat_mul_kernels_fpreq.o</file>
         <name>mat_mul_kernels_fpreq.o</name>
      </input_file>
      <input_file id="fl-2e">
         <path>C:\Users\tuan.trinhthe\workspace_ccstheia\zTTE-HGR\Debug\.\TinyEngine\src\kernels\int_forward_op\</path>
         <kind>object</kind>
         <file>add.o</file>
         <name>add.o</name>
      </input_file>
      <input_file id="fl-2f">
         <path>C:\Users\tuan.trinhthe\workspace_ccstheia\zTTE-HGR\Debug\.\TinyEngine\src\kernels\int_forward_op\</path>
         <kind>object</kind>
         <file>arm_convolve_s8_4col.o</file>
         <name>arm_convolve_s8_4col.o</name>
      </input_file>
      <input_file id="fl-30">
         <path>C:\Users\tuan.trinhthe\workspace_ccstheia\zTTE-HGR\Debug\.\TinyEngine\src\kernels\int_forward_op\</path>
         <kind>object</kind>
         <file>arm_nn_mat_mult_kernel3_input3_s8_s16.o</file>
         <name>arm_nn_mat_mult_kernel3_input3_s8_s16.o</name>
      </input_file>
      <input_file id="fl-31">
         <path>C:\Users\tuan.trinhthe\workspace_ccstheia\zTTE-HGR\Debug\.\TinyEngine\src\kernels\int_forward_op\</path>
         <kind>object</kind>
         <file>arm_nn_mat_mult_kernel_s8_s16_reordered_8mul.o</file>
         <name>arm_nn_mat_mult_kernel_s8_s16_reordered_8mul.o</name>
      </input_file>
      <input_file id="fl-32">
         <path>C:\Users\tuan.trinhthe\workspace_ccstheia\zTTE-HGR\Debug\.\TinyEngine\src\kernels\int_forward_op\</path>
         <kind>object</kind>
         <file>arm_nn_mat_mult_kernel_s8_s16_reordered_oddch.o</file>
         <name>arm_nn_mat_mult_kernel_s8_s16_reordered_oddch.o</name>
      </input_file>
      <input_file id="fl-33">
         <path>C:\Users\tuan.trinhthe\workspace_ccstheia\zTTE-HGR\Debug\.\TinyEngine\src\kernels\int_forward_op\</path>
         <kind>object</kind>
         <file>avgpooling.o</file>
         <name>avgpooling.o</name>
      </input_file>
      <input_file id="fl-34">
         <path>C:\Users\tuan.trinhthe\workspace_ccstheia\zTTE-HGR\Debug\.\TinyEngine\src\kernels\int_forward_op\</path>
         <kind>object</kind>
         <file>concat_ch.o</file>
         <name>concat_ch.o</name>
      </input_file>
      <input_file id="fl-35">
         <path>C:\Users\tuan.trinhthe\workspace_ccstheia\zTTE-HGR\Debug\.\TinyEngine\src\kernels\int_forward_op\</path>
         <kind>object</kind>
         <file>convolve_1x1_s8.o</file>
         <name>convolve_1x1_s8.o</name>
      </input_file>
      <input_file id="fl-36">
         <path>C:\Users\tuan.trinhthe\workspace_ccstheia\zTTE-HGR\Debug\.\TinyEngine\src\kernels\int_forward_op\</path>
         <kind>object</kind>
         <file>convolve_1x1_s8_SRAM.o</file>
         <name>convolve_1x1_s8_SRAM.o</name>
      </input_file>
      <input_file id="fl-37">
         <path>C:\Users\tuan.trinhthe\workspace_ccstheia\zTTE-HGR\Debug\.\TinyEngine\src\kernels\int_forward_op\</path>
         <kind>object</kind>
         <file>convolve_1x1_s8_ch16.o</file>
         <name>convolve_1x1_s8_ch16.o</name>
      </input_file>
      <input_file id="fl-38">
         <path>C:\Users\tuan.trinhthe\workspace_ccstheia\zTTE-HGR\Debug\.\TinyEngine\src\kernels\int_forward_op\</path>
         <kind>object</kind>
         <file>convolve_1x1_s8_ch24.o</file>
         <name>convolve_1x1_s8_ch24.o</name>
      </input_file>
      <input_file id="fl-39">
         <path>C:\Users\tuan.trinhthe\workspace_ccstheia\zTTE-HGR\Debug\.\TinyEngine\src\kernels\int_forward_op\</path>
         <kind>object</kind>
         <file>convolve_1x1_s8_ch48.o</file>
         <name>convolve_1x1_s8_ch48.o</name>
      </input_file>
      <input_file id="fl-3a">
         <path>C:\Users\tuan.trinhthe\workspace_ccstheia\zTTE-HGR\Debug\.\TinyEngine\src\kernels\int_forward_op\</path>
         <kind>object</kind>
         <file>convolve_1x1_s8_ch8.o</file>
         <name>convolve_1x1_s8_ch8.o</name>
      </input_file>
      <input_file id="fl-3b">
         <path>C:\Users\tuan.trinhthe\workspace_ccstheia\zTTE-HGR\Debug\.\TinyEngine\src\kernels\int_forward_op\</path>
         <kind>object</kind>
         <file>convolve_1x1_s8_kbuf.o</file>
         <name>convolve_1x1_s8_kbuf.o</name>
      </input_file>
      <input_file id="fl-3c">
         <path>C:\Users\tuan.trinhthe\workspace_ccstheia\zTTE-HGR\Debug\.\TinyEngine\src\kernels\int_forward_op\</path>
         <kind>object</kind>
         <file>convolve_1x1_s8_oddch.o</file>
         <name>convolve_1x1_s8_oddch.o</name>
      </input_file>
      <input_file id="fl-3d">
         <path>C:\Users\tuan.trinhthe\workspace_ccstheia\zTTE-HGR\Debug\.\TinyEngine\src\kernels\int_forward_op\</path>
         <kind>object</kind>
         <file>convolve_1x1_s8_skip_pad.o</file>
         <name>convolve_1x1_s8_skip_pad.o</name>
      </input_file>
      <input_file id="fl-3e">
         <path>C:\Users\tuan.trinhthe\workspace_ccstheia\zTTE-HGR\Debug\.\TinyEngine\src\kernels\int_forward_op\</path>
         <kind>object</kind>
         <file>convolve_s8_kernel2x3_inputch3_stride2_pad1.o</file>
         <name>convolve_s8_kernel2x3_inputch3_stride2_pad1.o</name>
      </input_file>
      <input_file id="fl-3f">
         <path>C:\Users\tuan.trinhthe\workspace_ccstheia\zTTE-HGR\Debug\.\TinyEngine\src\kernels\int_forward_op\</path>
         <kind>object</kind>
         <file>convolve_s8_kernel3_inputch3_stride2_pad1.o</file>
         <name>convolve_s8_kernel3_inputch3_stride2_pad1.o</name>
      </input_file>
      <input_file id="fl-40">
         <path>C:\Users\tuan.trinhthe\workspace_ccstheia\zTTE-HGR\Debug\.\TinyEngine\src\kernels\int_forward_op\</path>
         <kind>object</kind>
         <file>convolve_s8_kernel3_stride1_pad1.o</file>
         <name>convolve_s8_kernel3_stride1_pad1.o</name>
      </input_file>
      <input_file id="fl-41">
         <path>C:\Users\tuan.trinhthe\workspace_ccstheia\zTTE-HGR\Debug\.\TinyEngine\src\kernels\int_forward_op\</path>
         <kind>object</kind>
         <file>convolve_s8_kernel3x2_inputch3_stride2_pad1.o</file>
         <name>convolve_s8_kernel3x2_inputch3_stride2_pad1.o</name>
      </input_file>
      <input_file id="fl-42">
         <path>C:\Users\tuan.trinhthe\workspace_ccstheia\zTTE-HGR\Debug\.\TinyEngine\src\kernels\int_forward_op\</path>
         <kind>object</kind>
         <file>convolve_u8_kernel3_inputch3_stride1_pad1.o</file>
         <name>convolve_u8_kernel3_inputch3_stride1_pad1.o</name>
      </input_file>
      <input_file id="fl-43">
         <path>C:\Users\tuan.trinhthe\workspace_ccstheia\zTTE-HGR\Debug\.\TinyEngine\src\kernels\int_forward_op\</path>
         <kind>object</kind>
         <file>convolve_u8_kernel3_inputch3_stride2_pad1.o</file>
         <name>convolve_u8_kernel3_inputch3_stride2_pad1.o</name>
      </input_file>
      <input_file id="fl-44">
         <path>C:\Users\tuan.trinhthe\workspace_ccstheia\zTTE-HGR\Debug\.\TinyEngine\src\kernels\int_forward_op\</path>
         <kind>object</kind>
         <file>element_mult.o</file>
         <name>element_mult.o</name>
      </input_file>
      <input_file id="fl-45">
         <path>C:\Users\tuan.trinhthe\workspace_ccstheia\zTTE-HGR\Debug\.\TinyEngine\src\kernels\int_forward_op\</path>
         <kind>object</kind>
         <file>fully_connected.o</file>
         <name>fully_connected.o</name>
      </input_file>
      <input_file id="fl-46">
         <path>C:\Users\tuan.trinhthe\workspace_ccstheia\zTTE-HGR\Debug\.\TinyEngine\src\kernels\int_forward_op\</path>
         <kind>object</kind>
         <file>mat_mul_fp.o</file>
         <name>mat_mul_fp.o</name>
      </input_file>
      <input_file id="fl-47">
         <path>C:\Users\tuan.trinhthe\workspace_ccstheia\zTTE-HGR\Debug\.\TinyEngine\src\kernels\int_forward_op\</path>
         <kind>object</kind>
         <file>mat_mult_kernels.o</file>
         <name>mat_mult_kernels.o</name>
      </input_file>
      <input_file id="fl-48">
         <path>C:\Users\tuan.trinhthe\workspace_ccstheia\zTTE-HGR\Debug\.\TinyEngine\src\kernels\int_forward_op\</path>
         <kind>object</kind>
         <file>maxpooling.o</file>
         <name>maxpooling.o</name>
      </input_file>
      <input_file id="fl-49">
         <path>C:\Users\tuan.trinhthe\workspace_ccstheia\zTTE-HGR\Debug\.\TinyEngine\src\kernels\int_forward_op\</path>
         <kind>object</kind>
         <file>patchpadding_convolve_s8_kernel3_inputch3_stride2.o</file>
         <name>patchpadding_convolve_s8_kernel3_inputch3_stride2.o</name>
      </input_file>
      <input_file id="fl-4a">
         <path>C:\Users\tuan.trinhthe\workspace_ccstheia\zTTE-HGR\Debug\.\TinyEngine\src\kernels\int_forward_op\</path>
         <kind>object</kind>
         <file>patchpadding_depthwise_kernel3x3_stride1_inplace_CHW.o</file>
         <name>patchpadding_depthwise_kernel3x3_stride1_inplace_CHW.o</name>
      </input_file>
      <input_file id="fl-4b">
         <path>C:\Users\tuan.trinhthe\workspace_ccstheia\zTTE-HGR\Debug\.\TinyEngine\src\kernels\int_forward_op\</path>
         <kind>object</kind>
         <file>patchpadding_depthwise_kernel3x3_stride2_inplace_CHW.o</file>
         <name>patchpadding_depthwise_kernel3x3_stride2_inplace_CHW.o</name>
      </input_file>
      <input_file id="fl-4c">
         <path>C:\Users\tuan.trinhthe\workspace_ccstheia\zTTE-HGR\Debug\.\TinyEngine\src\kernels\int_forward_op\</path>
         <kind>object</kind>
         <file>patchpadding_kbuf_convolve_s8_kernel3_inputch3_stride2.o</file>
         <name>patchpadding_kbuf_convolve_s8_kernel3_inputch3_stride2.o</name>
      </input_file>
      <input_file id="fl-4d">
         <path>C:\Users\tuan.trinhthe\workspace_ccstheia\zTTE-HGR\Debug\.\TinyEngine\src\kernels\int_forward_op\</path>
         <kind>object</kind>
         <file>stable_softmax.o</file>
         <name>stable_softmax.o</name>
      </input_file>
      <input_file id="fl-4e">
         <path>C:\Users\tuan.trinhthe\workspace_ccstheia\zTTE-HGR\Debug\.\TinyEngine\src\kernels\int_forward_op\</path>
         <kind>object</kind>
         <file>upsample_byte.o</file>
         <name>upsample_byte.o</name>
      </input_file>
      <input_file id="fl-4f">
         <path>C:\Users\tuan.trinhthe\workspace_ccstheia\zTTE-HGR\Debug\.\TinyEngine\src\</path>
         <kind>object</kind>
         <file>yoloOutput.o</file>
         <name>yoloOutput.o</name>
      </input_file>
      <input_file id="fl-5d">
         <path>C:\Users\tuan.trinhthe\workspace_ccstheia\zTTE-HGR\Debug\</path>
         <kind>object</kind>
         <file>&lt;internal&gt;</file>
         <name>&lt;internal&gt;</name>
      </input_file>
      <input_file id="fl-5e">
         <path>C:\ti\MMWAVE_L_SDK_05_05_04_02\source\kernel\freertos\lib\</path>
         <kind>archive</kind>
         <file>freertos.xwrL64xx.m4f.ti-arm-clang.debug.lib</file>
         <name>boot_armv7m.obj</name>
      </input_file>
      <input_file id="fl-5f">
         <path>C:\ti\MMWAVE_L_SDK_05_05_04_02\source\kernel\freertos\lib\</path>
         <kind>archive</kind>
         <file>freertos.xwrL64xx.m4f.ti-arm-clang.debug.lib</file>
         <name>DebugP_uartLogWriter.obj</name>
      </input_file>
      <input_file id="fl-60">
         <path>C:\ti\MMWAVE_L_SDK_05_05_04_02\source\kernel\freertos\lib\</path>
         <kind>archive</kind>
         <file>freertos.xwrL64xx.m4f.ti-arm-clang.debug.lib</file>
         <name>DebugP_log.obj</name>
      </input_file>
      <input_file id="fl-61">
         <path>C:\ti\MMWAVE_L_SDK_05_05_04_02\source\kernel\freertos\lib\</path>
         <kind>archive</kind>
         <file>freertos.xwrL64xx.m4f.ti-arm-clang.debug.lib</file>
         <name>MpuP_armv7m.obj</name>
      </input_file>
      <input_file id="fl-62">
         <path>C:\ti\MMWAVE_L_SDK_05_05_04_02\source\kernel\freertos\lib\</path>
         <kind>archive</kind>
         <file>freertos.xwrL64xx.m4f.ti-arm-clang.debug.lib</file>
         <name>HwiP_armv7m.obj</name>
      </input_file>
      <input_file id="fl-63">
         <path>C:\ti\MMWAVE_L_SDK_05_05_04_02\source\kernel\freertos\lib\</path>
         <kind>archive</kind>
         <file>freertos.xwrL64xx.m4f.ti-arm-clang.debug.lib</file>
         <name>ClockP_freertos.obj</name>
      </input_file>
      <input_file id="fl-64">
         <path>C:\ti\MMWAVE_L_SDK_05_05_04_02\source\kernel\freertos\lib\</path>
         <kind>archive</kind>
         <file>freertos.xwrL64xx.m4f.ti-arm-clang.debug.lib</file>
         <name>ClockP_freertos_m4.obj</name>
      </input_file>
      <input_file id="fl-65">
         <path>C:\ti\MMWAVE_L_SDK_05_05_04_02\source\kernel\freertos\lib\</path>
         <kind>archive</kind>
         <file>freertos.xwrL64xx.m4f.ti-arm-clang.debug.lib</file>
         <name>HwiP_armv7m_handlers_freertos.obj</name>
      </input_file>
      <input_file id="fl-66">
         <path>C:\ti\MMWAVE_L_SDK_05_05_04_02\source\kernel\freertos\lib\</path>
         <kind>archive</kind>
         <file>freertos.xwrL64xx.m4f.ti-arm-clang.debug.lib</file>
         <name>DebugP_freertos.obj</name>
      </input_file>
      <input_file id="fl-67">
         <path>C:\ti\MMWAVE_L_SDK_05_05_04_02\source\kernel\freertos\lib\</path>
         <kind>archive</kind>
         <file>freertos.xwrL64xx.m4f.ti-arm-clang.debug.lib</file>
         <name>tasks.obj</name>
      </input_file>
      <input_file id="fl-68">
         <path>C:\ti\MMWAVE_L_SDK_05_05_04_02\source\kernel\freertos\lib\</path>
         <kind>archive</kind>
         <file>freertos.xwrL64xx.m4f.ti-arm-clang.debug.lib</file>
         <name>timers.obj</name>
      </input_file>
      <input_file id="fl-69">
         <path>C:\ti\MMWAVE_L_SDK_05_05_04_02\source\kernel\freertos\lib\</path>
         <kind>archive</kind>
         <file>freertos.xwrL64xx.m4f.ti-arm-clang.debug.lib</file>
         <name>queue.obj</name>
      </input_file>
      <input_file id="fl-6a">
         <path>C:\ti\MMWAVE_L_SDK_05_05_04_02\source\kernel\freertos\lib\</path>
         <kind>archive</kind>
         <file>freertos.xwrL64xx.m4f.ti-arm-clang.debug.lib</file>
         <name>list.obj</name>
      </input_file>
      <input_file id="fl-6b">
         <path>C:\ti\MMWAVE_L_SDK_05_05_04_02\source\kernel\freertos\lib\</path>
         <kind>archive</kind>
         <file>freertos.xwrL64xx.m4f.ti-arm-clang.debug.lib</file>
         <name>heap_3.obj</name>
      </input_file>
      <input_file id="fl-6c">
         <path>C:\ti\MMWAVE_L_SDK_05_05_04_02\source\kernel\freertos\lib\</path>
         <kind>archive</kind>
         <file>freertos.xwrL64xx.m4f.ti-arm-clang.debug.lib</file>
         <name>port.obj</name>
      </input_file>
      <input_file id="fl-6d">
         <path>C:\ti\MMWAVE_L_SDK_05_05_04_02\source\kernel\freertos\lib\</path>
         <kind>archive</kind>
         <file>freertos.xwrL64xx.m4f.ti-arm-clang.debug.lib</file>
         <name>printf.obj</name>
      </input_file>
      <input_file id="fl-6e">
         <path>C:\ti\MMWAVE_L_SDK_05_05_04_02\source\kernel\freertos\lib\</path>
         <kind>archive</kind>
         <file>freertos.xwrL64xx.m4f.ti-arm-clang.debug.lib</file>
         <name>SysTickTimerP.obj</name>
      </input_file>
      <input_file id="fl-6f">
         <path>C:\ti\MMWAVE_L_SDK_05_05_04_02\source\kernel\freertos\lib\</path>
         <kind>archive</kind>
         <file>freertos.xwrL64xx.m4f.ti-arm-clang.debug.lib</file>
         <name>SemaphoreP_freertos.obj</name>
      </input_file>
      <input_file id="fl-70">
         <path>C:\ti\MMWAVE_L_SDK_05_05_04_02\source\kernel\freertos\lib\</path>
         <kind>archive</kind>
         <file>freertos.xwrL64xx.m4f.ti-arm-clang.debug.lib</file>
         <name>power_xwrLx4xx_freertos.obj</name>
      </input_file>
      <input_file id="fl-71">
         <path>C:\ti\MMWAVE_L_SDK_05_05_04_02\source\kernel\freertos\lib\</path>
         <kind>archive</kind>
         <file>freertos.xwrL64xx.m4f.ti-arm-clang.debug.lib</file>
         <name>TimerP_rti.obj</name>
      </input_file>
      <input_file id="fl-72">
         <path>C:\ti\MMWAVE_L_SDK_05_05_04_02\source\drivers\lib\</path>
         <kind>archive</kind>
         <file>drivers.xwrL64xx.m4f.ti-arm-clang.debug.lib</file>
         <name>edma.obj</name>
      </input_file>
      <input_file id="fl-73">
         <path>C:\ti\MMWAVE_L_SDK_05_05_04_02\source\drivers\lib\</path>
         <kind>archive</kind>
         <file>drivers.xwrL64xx.m4f.ti-arm-clang.debug.lib</file>
         <name>pinmux.obj</name>
      </input_file>
      <input_file id="fl-74">
         <path>C:\ti\MMWAVE_L_SDK_05_05_04_02\source\drivers\lib\</path>
         <kind>archive</kind>
         <file>drivers.xwrL64xx.m4f.ti-arm-clang.debug.lib</file>
         <name>power_xwrLx4xx.obj</name>
      </input_file>
      <input_file id="fl-75">
         <path>C:\ti\MMWAVE_L_SDK_05_05_04_02\source\drivers\lib\</path>
         <kind>archive</kind>
         <file>drivers.xwrL64xx.m4f.ti-arm-clang.debug.lib</file>
         <name>prcm.obj</name>
      </input_file>
      <input_file id="fl-76">
         <path>C:\ti\MMWAVE_L_SDK_05_05_04_02\source\drivers\lib\</path>
         <kind>archive</kind>
         <file>drivers.xwrL64xx.m4f.ti-arm-clang.debug.lib</file>
         <name>soc.obj</name>
      </input_file>
      <input_file id="fl-77">
         <path>C:\ti\MMWAVE_L_SDK_05_05_04_02\source\drivers\lib\</path>
         <kind>archive</kind>
         <file>drivers.xwrL64xx.m4f.ti-arm-clang.debug.lib</file>
         <name>soc_rcm.obj</name>
      </input_file>
      <input_file id="fl-78">
         <path>C:\ti\MMWAVE_L_SDK_05_05_04_02\source\drivers\lib\</path>
         <kind>archive</kind>
         <file>drivers.xwrL64xx.m4f.ti-arm-clang.debug.lib</file>
         <name>uart_sci.obj</name>
      </input_file>
      <input_file id="fl-79">
         <path>C:\ti\MMWAVE_L_SDK_05_05_04_02\source\drivers\lib\</path>
         <kind>archive</kind>
         <file>drivers.xwrL64xx.m4f.ti-arm-clang.debug.lib</file>
         <name>uart_sci_edma.obj</name>
      </input_file>
      <input_file id="fl-7a">
         <path>C:\ti\MMWAVE_L_SDK_05_05_04_02\source\drivers\lib\</path>
         <kind>archive</kind>
         <file>drivers.xwrL64xx.m4f.ti-arm-clang.debug.lib</file>
         <name>power_xwrLx4xx_asm.obj</name>
      </input_file>
      <input_file id="fl-7b">
         <path>C:\ti\MMWAVE_L_SDK_05_05_04_02\source\drivers\lib\</path>
         <kind>archive</kind>
         <file>drivers.xwrL64xx.m4f.ti-arm-clang.debug.lib</file>
         <name>List.obj</name>
      </input_file>
      <input_file id="fl-7c">
         <path>C:\ti\MMWAVE_L_SDK_05_05_04_02\source\board\lib\</path>
         <kind>archive</kind>
         <file>board.xwrL64xx.m4f.ti-arm-clang.debug.lib</file>
         <name>cpu.obj</name>
      </input_file>
      <input_file id="fl-8b">
         <path>C:\ti\ti_cgt_arm_llvm_3.2.2.LTS\lib\armv7em-ti-none-eabihf\c\</path>
         <kind>archive</kind>
         <file>libc.a</file>
         <name>printf.c.obj</name>
      </input_file>
      <input_file id="fl-8c">
         <path>C:\ti\ti_cgt_arm_llvm_3.2.2.LTS\lib\armv7em-ti-none-eabihf\c\</path>
         <kind>archive</kind>
         <file>libc.a</file>
         <name>_printfi.c.obj</name>
      </input_file>
      <input_file id="fl-8d">
         <path>C:\ti\ti_cgt_arm_llvm_3.2.2.LTS\lib\armv7em-ti-none-eabihf\c\</path>
         <kind>archive</kind>
         <file>libc.a</file>
         <name>sprintf.c.obj</name>
      </input_file>
      <input_file id="fl-8e">
         <path>C:\ti\ti_cgt_arm_llvm_3.2.2.LTS\lib\armv7em-ti-none-eabihf\c\</path>
         <kind>archive</kind>
         <file>libc.a</file>
         <name>fclose.c.obj</name>
      </input_file>
      <input_file id="fl-8f">
         <path>C:\ti\ti_cgt_arm_llvm_3.2.2.LTS\lib\armv7em-ti-none-eabihf\c\</path>
         <kind>archive</kind>
         <file>libc.a</file>
         <name>fflush.c.obj</name>
      </input_file>
      <input_file id="fl-90">
         <path>C:\ti\ti_cgt_arm_llvm_3.2.2.LTS\lib\armv7em-ti-none-eabihf\c\</path>
         <kind>archive</kind>
         <file>libc.a</file>
         <name>fopen.c.obj</name>
      </input_file>
      <input_file id="fl-91">
         <path>C:\ti\ti_cgt_arm_llvm_3.2.2.LTS\lib\armv7em-ti-none-eabihf\c\</path>
         <kind>archive</kind>
         <file>libc.a</file>
         <name>fputc.c.obj</name>
      </input_file>
      <input_file id="fl-92">
         <path>C:\ti\ti_cgt_arm_llvm_3.2.2.LTS\lib\armv7em-ti-none-eabihf\c\</path>
         <kind>archive</kind>
         <file>libc.a</file>
         <name>fputs.c.obj</name>
      </input_file>
      <input_file id="fl-93">
         <path>C:\ti\ti_cgt_arm_llvm_3.2.2.LTS\lib\armv7em-ti-none-eabihf\c\</path>
         <kind>archive</kind>
         <file>libc.a</file>
         <name>fread.c.obj</name>
      </input_file>
      <input_file id="fl-94">
         <path>C:\ti\ti_cgt_arm_llvm_3.2.2.LTS\lib\armv7em-ti-none-eabihf\c\</path>
         <kind>archive</kind>
         <file>libc.a</file>
         <name>fseek.c.obj</name>
      </input_file>
      <input_file id="fl-95">
         <path>C:\ti\ti_cgt_arm_llvm_3.2.2.LTS\lib\armv7em-ti-none-eabihf\c\</path>
         <kind>archive</kind>
         <file>libc.a</file>
         <name>_bufread.c.obj</name>
      </input_file>
      <input_file id="fl-96">
         <path>C:\ti\ti_cgt_arm_llvm_3.2.2.LTS\lib\armv7em-ti-none-eabihf\c\</path>
         <kind>archive</kind>
         <file>libc.a</file>
         <name>_io_perm.c.obj</name>
      </input_file>
      <input_file id="fl-97">
         <path>C:\ti\ti_cgt_arm_llvm_3.2.2.LTS\lib\armv7em-ti-none-eabihf\c\</path>
         <kind>archive</kind>
         <file>libc.a</file>
         <name>setvbuf.c.obj</name>
      </input_file>
      <input_file id="fl-98">
         <path>C:\ti\ti_cgt_arm_llvm_3.2.2.LTS\lib\armv7em-ti-none-eabihf\c\</path>
         <kind>archive</kind>
         <file>libc.a</file>
         <name>e_expf.c.obj</name>
      </input_file>
      <input_file id="fl-99">
         <path>C:\ti\ti_cgt_arm_llvm_3.2.2.LTS\lib\armv7em-ti-none-eabihf\c\</path>
         <kind>archive</kind>
         <file>libc.a</file>
         <name>s_roundf.c.obj</name>
      </input_file>
      <input_file id="fl-9a">
         <path>C:\ti\ti_cgt_arm_llvm_3.2.2.LTS\lib\armv7em-ti-none-eabihf\c\</path>
         <kind>archive</kind>
         <file>libc.a</file>
         <name>e_exp.c.obj</name>
      </input_file>
      <input_file id="fl-9b">
         <path>C:\ti\ti_cgt_arm_llvm_3.2.2.LTS\lib\armv7em-ti-none-eabihf\c\</path>
         <kind>archive</kind>
         <file>libc.a</file>
         <name>e_log.c.obj</name>
      </input_file>
      <input_file id="fl-9c">
         <path>C:\ti\ti_cgt_arm_llvm_3.2.2.LTS\lib\armv7em-ti-none-eabihf\c\</path>
         <kind>archive</kind>
         <file>libc.a</file>
         <name>s_frexp.c.obj</name>
      </input_file>
      <input_file id="fl-9d">
         <path>C:\ti\ti_cgt_arm_llvm_3.2.2.LTS\lib\armv7em-ti-none-eabihf\c\</path>
         <kind>archive</kind>
         <file>libc.a</file>
         <name>s_round.c.obj</name>
      </input_file>
      <input_file id="fl-9e">
         <path>C:\ti\ti_cgt_arm_llvm_3.2.2.LTS\lib\armv7em-ti-none-eabihf\c\</path>
         <kind>archive</kind>
         <file>libc.a</file>
         <name>s_scalbn.c.obj</name>
      </input_file>
      <input_file id="fl-9f">
         <path>C:\ti\ti_cgt_arm_llvm_3.2.2.LTS\lib\armv7em-ti-none-eabihf\c\</path>
         <kind>archive</kind>
         <file>libc.a</file>
         <name>aeabi_portable.c.obj</name>
      </input_file>
      <input_file id="fl-a0">
         <path>C:\ti\ti_cgt_arm_llvm_3.2.2.LTS\lib\armv7em-ti-none-eabihf\c\</path>
         <kind>archive</kind>
         <file>libc.a</file>
         <name>exit.c.obj</name>
      </input_file>
      <input_file id="fl-a1">
         <path>C:\ti\ti_cgt_arm_llvm_3.2.2.LTS\lib\armv7em-ti-none-eabihf\c\</path>
         <kind>archive</kind>
         <file>libc.a</file>
         <name>_lock.c.obj</name>
      </input_file>
      <input_file id="fl-a2">
         <path>C:\ti\ti_cgt_arm_llvm_3.2.2.LTS\lib\armv7em-ti-none-eabihf\c\</path>
         <kind>archive</kind>
         <file>libc.a</file>
         <name>_ltoa.c.obj</name>
      </input_file>
      <input_file id="fl-a3">
         <path>C:\ti\ti_cgt_arm_llvm_3.2.2.LTS\lib\armv7em-ti-none-eabihf\c\</path>
         <kind>archive</kind>
         <file>libc.a</file>
         <name>assert.c.obj</name>
      </input_file>
      <input_file id="fl-a4">
         <path>C:\ti\ti_cgt_arm_llvm_3.2.2.LTS\lib\armv7em-ti-none-eabihf\c\</path>
         <kind>archive</kind>
         <file>libc.a</file>
         <name>atoi.c.obj</name>
      </input_file>
      <input_file id="fl-a5">
         <path>C:\ti\ti_cgt_arm_llvm_3.2.2.LTS\lib\armv7em-ti-none-eabihf\c\</path>
         <kind>archive</kind>
         <file>libc.a</file>
         <name>defs.c.obj</name>
      </input_file>
      <input_file id="fl-a6">
         <path>C:\ti\ti_cgt_arm_llvm_3.2.2.LTS\lib\armv7em-ti-none-eabihf\c\</path>
         <kind>archive</kind>
         <file>libc.a</file>
         <name>memccpy.c.obj</name>
      </input_file>
      <input_file id="fl-a7">
         <path>C:\ti\ti_cgt_arm_llvm_3.2.2.LTS\lib\armv7em-ti-none-eabihf\c\</path>
         <kind>archive</kind>
         <file>libc.a</file>
         <name>memory.c.obj</name>
      </input_file>
      <input_file id="fl-a8">
         <path>C:\ti\ti_cgt_arm_llvm_3.2.2.LTS\lib\armv7em-ti-none-eabihf\c\</path>
         <kind>archive</kind>
         <file>libc.a</file>
         <name>autoinit.c.obj</name>
      </input_file>
      <input_file id="fl-a9">
         <path>C:\ti\ti_cgt_arm_llvm_3.2.2.LTS\lib\armv7em-ti-none-eabihf\c\</path>
         <kind>archive</kind>
         <file>libc.a</file>
         <name>cpy_tbl.c.obj</name>
      </input_file>
      <input_file id="fl-aa">
         <path>C:\ti\ti_cgt_arm_llvm_3.2.2.LTS\lib\armv7em-ti-none-eabihf\c\</path>
         <kind>archive</kind>
         <file>libc.a</file>
         <name>wcslen.c.obj</name>
      </input_file>
      <input_file id="fl-ab">
         <path>C:\ti\ti_cgt_arm_llvm_3.2.2.LTS\lib\armv7em-ti-none-eabihf\c\</path>
         <kind>archive</kind>
         <file>libc.a</file>
         <name>s_floorf.c.obj</name>
      </input_file>
      <input_file id="fl-ac">
         <path>C:\ti\ti_cgt_arm_llvm_3.2.2.LTS\lib\armv7em-ti-none-eabihf\c\</path>
         <kind>archive</kind>
         <file>libc.a</file>
         <name>s_floor.c.obj</name>
      </input_file>
      <input_file id="fl-ad">
         <path>C:\ti\ti_cgt_arm_llvm_3.2.2.LTS\lib\armv7em-ti-none-eabihf\c\</path>
         <kind>archive</kind>
         <file>libc.a</file>
         <name>aeabi_ctype.S.obj</name>
      </input_file>
      <input_file id="fl-113">
         <path>C:\ti\ti_cgt_arm_llvm_3.2.2.LTS\lib\armv7em-ti-none-eabihf\c\</path>
         <kind>archive</kind>
         <file>libsysbm.a</file>
         <name>write.c.obj</name>
      </input_file>
      <input_file id="fl-114">
         <path>C:\ti\ti_cgt_arm_llvm_3.2.2.LTS\lib\armv7em-ti-none-eabihf\c\</path>
         <kind>archive</kind>
         <file>libsysbm.a</file>
         <name>host_device.c.obj</name>
      </input_file>
      <input_file id="fl-115">
         <path>C:\ti\ti_cgt_arm_llvm_3.2.2.LTS\lib\armv7em-ti-none-eabihf\c\</path>
         <kind>archive</kind>
         <file>libsysbm.a</file>
         <name>remove.c.obj</name>
      </input_file>
      <input_file id="fl-116">
         <path>C:\ti\ti_cgt_arm_llvm_3.2.2.LTS\lib\armv7em-ti-none-eabihf\c\</path>
         <kind>archive</kind>
         <file>libsysbm.a</file>
         <name>read.c.obj</name>
      </input_file>
      <input_file id="fl-117">
         <path>C:\ti\ti_cgt_arm_llvm_3.2.2.LTS\lib\armv7em-ti-none-eabihf\c\</path>
         <kind>archive</kind>
         <file>libsysbm.a</file>
         <name>open.c.obj</name>
      </input_file>
      <input_file id="fl-118">
         <path>C:\ti\ti_cgt_arm_llvm_3.2.2.LTS\lib\armv7em-ti-none-eabihf\c\</path>
         <kind>archive</kind>
         <file>libsysbm.a</file>
         <name>lseek.c.obj</name>
      </input_file>
      <input_file id="fl-119">
         <path>C:\ti\ti_cgt_arm_llvm_3.2.2.LTS\lib\armv7em-ti-none-eabihf\c\</path>
         <kind>archive</kind>
         <file>libsysbm.a</file>
         <name>close.c.obj</name>
      </input_file>
      <input_file id="fl-11a">
         <path>C:\ti\ti_cgt_arm_llvm_3.2.2.LTS\lib\armv7em-ti-none-eabihf\c\</path>
         <kind>archive</kind>
         <file>libsysbm.a</file>
         <name>unlink.c.obj</name>
      </input_file>
      <input_file id="fl-11b">
         <path>C:\ti\ti_cgt_arm_llvm_3.2.2.LTS\lib\armv7em-ti-none-eabihf\c\</path>
         <kind>archive</kind>
         <file>libsysbm.a</file>
         <name>hostclose.c.obj</name>
      </input_file>
      <input_file id="fl-11c">
         <path>C:\ti\ti_cgt_arm_llvm_3.2.2.LTS\lib\armv7em-ti-none-eabihf\c\</path>
         <kind>archive</kind>
         <file>libsysbm.a</file>
         <name>hostlseek.c.obj</name>
      </input_file>
      <input_file id="fl-11d">
         <path>C:\ti\ti_cgt_arm_llvm_3.2.2.LTS\lib\armv7em-ti-none-eabihf\c\</path>
         <kind>archive</kind>
         <file>libsysbm.a</file>
         <name>hostopen.c.obj</name>
      </input_file>
      <input_file id="fl-11e">
         <path>C:\ti\ti_cgt_arm_llvm_3.2.2.LTS\lib\armv7em-ti-none-eabihf\c\</path>
         <kind>archive</kind>
         <file>libsysbm.a</file>
         <name>hostread.c.obj</name>
      </input_file>
      <input_file id="fl-11f">
         <path>C:\ti\ti_cgt_arm_llvm_3.2.2.LTS\lib\armv7em-ti-none-eabihf\c\</path>
         <kind>archive</kind>
         <file>libsysbm.a</file>
         <name>hostrename.c.obj</name>
      </input_file>
      <input_file id="fl-120">
         <path>C:\ti\ti_cgt_arm_llvm_3.2.2.LTS\lib\armv7em-ti-none-eabihf\c\</path>
         <kind>archive</kind>
         <file>libsysbm.a</file>
         <name>hostunlink.c.obj</name>
      </input_file>
      <input_file id="fl-121">
         <path>C:\ti\ti_cgt_arm_llvm_3.2.2.LTS\lib\armv7em-ti-none-eabihf\c\</path>
         <kind>archive</kind>
         <file>libsysbm.a</file>
         <name>hostwrite.c.obj</name>
      </input_file>
      <input_file id="fl-122">
         <path>C:\ti\ti_cgt_arm_llvm_3.2.2.LTS\lib\armv7em-ti-none-eabihf\c\</path>
         <kind>archive</kind>
         <file>libsysbm.a</file>
         <name>trgmsg.c.obj</name>
      </input_file>
      <input_file id="fl-123">
         <path>C:\ti\ti_cgt_arm_llvm_3.2.2.LTS\lib\clang\15.0.7\lib\armv7em-ti-none-eabihf\</path>
         <kind>archive</kind>
         <file>libclang_rt.builtins.a</file>
         <name>adddf3.S.obj</name>
      </input_file>
      <input_file id="fl-124">
         <path>C:\ti\ti_cgt_arm_llvm_3.2.2.LTS\lib\clang\15.0.7\lib\armv7em-ti-none-eabihf\</path>
         <kind>archive</kind>
         <file>libclang_rt.builtins.a</file>
         <name>muldf3.S.obj</name>
      </input_file>
      <input_file id="fl-125">
         <path>C:\ti\ti_cgt_arm_llvm_3.2.2.LTS\lib\clang\15.0.7\lib\armv7em-ti-none-eabihf\</path>
         <kind>archive</kind>
         <file>libclang_rt.builtins.a</file>
         <name>divdf3.S.obj</name>
      </input_file>
      <input_file id="fl-126">
         <path>C:\ti\ti_cgt_arm_llvm_3.2.2.LTS\lib\clang\15.0.7\lib\armv7em-ti-none-eabihf\</path>
         <kind>archive</kind>
         <file>libclang_rt.builtins.a</file>
         <name>extendsfdf2.S.obj</name>
      </input_file>
      <input_file id="fl-127">
         <path>C:\ti\ti_cgt_arm_llvm_3.2.2.LTS\lib\clang\15.0.7\lib\armv7em-ti-none-eabihf\</path>
         <kind>archive</kind>
         <file>libclang_rt.builtins.a</file>
         <name>fixdfsi.S.obj</name>
      </input_file>
      <input_file id="fl-128">
         <path>C:\ti\ti_cgt_arm_llvm_3.2.2.LTS\lib\clang\15.0.7\lib\armv7em-ti-none-eabihf\</path>
         <kind>archive</kind>
         <file>libclang_rt.builtins.a</file>
         <name>fixunsdfsi.S.obj</name>
      </input_file>
      <input_file id="fl-129">
         <path>C:\ti\ti_cgt_arm_llvm_3.2.2.LTS\lib\clang\15.0.7\lib\armv7em-ti-none-eabihf\</path>
         <kind>archive</kind>
         <file>libclang_rt.builtins.a</file>
         <name>floatsidf.S.obj</name>
      </input_file>
      <input_file id="fl-12a">
         <path>C:\ti\ti_cgt_arm_llvm_3.2.2.LTS\lib\clang\15.0.7\lib\armv7em-ti-none-eabihf\</path>
         <kind>archive</kind>
         <file>libclang_rt.builtins.a</file>
         <name>floatundisf.S.obj</name>
      </input_file>
      <input_file id="fl-12b">
         <path>C:\ti\ti_cgt_arm_llvm_3.2.2.LTS\lib\clang\15.0.7\lib\armv7em-ti-none-eabihf\</path>
         <kind>archive</kind>
         <file>libclang_rt.builtins.a</file>
         <name>floatunsidf.S.obj</name>
      </input_file>
      <input_file id="fl-12c">
         <path>C:\ti\ti_cgt_arm_llvm_3.2.2.LTS\lib\clang\15.0.7\lib\armv7em-ti-none-eabihf\</path>
         <kind>archive</kind>
         <file>libclang_rt.builtins.a</file>
         <name>truncdfsf2.S.obj</name>
      </input_file>
      <input_file id="fl-12d">
         <path>C:\ti\ti_cgt_arm_llvm_3.2.2.LTS\lib\clang\15.0.7\lib\armv7em-ti-none-eabihf\</path>
         <kind>archive</kind>
         <file>libclang_rt.builtins.a</file>
         <name>comparedf2.c.obj</name>
      </input_file>
      <input_file id="fl-12e">
         <path>C:\ti\ti_cgt_arm_llvm_3.2.2.LTS\lib\clang\15.0.7\lib\armv7em-ti-none-eabihf\</path>
         <kind>archive</kind>
         <file>libclang_rt.builtins.a</file>
         <name>aeabi_dcmp.S.obj</name>
      </input_file>
      <input_file id="fl-12f">
         <path>C:\ti\ti_cgt_arm_llvm_3.2.2.LTS\lib\clang\15.0.7\lib\armv7em-ti-none-eabihf\</path>
         <kind>archive</kind>
         <file>libclang_rt.builtins.a</file>
         <name>aeabi_memcpy.S.obj</name>
      </input_file>
      <input_file id="fl-130">
         <path>C:\ti\ti_cgt_arm_llvm_3.2.2.LTS\lib\clang\15.0.7\lib\armv7em-ti-none-eabihf\</path>
         <kind>archive</kind>
         <file>libclang_rt.builtins.a</file>
         <name>aeabi_memset.S.obj</name>
      </input_file>
      <input_file id="fl-131">
         <path>C:\ti\ti_cgt_arm_llvm_3.2.2.LTS\lib\clang\15.0.7\lib\armv7em-ti-none-eabihf\</path>
         <kind>archive</kind>
         <file>libclang_rt.builtins.a</file>
         <name>aeabi_uldivmod.S.obj</name>
      </input_file>
      <input_file id="fl-132">
         <path>C:\ti\ti_cgt_arm_llvm_3.2.2.LTS\lib\clang\15.0.7\lib\armv7em-ti-none-eabihf\</path>
         <kind>archive</kind>
         <file>libclang_rt.builtins.a</file>
         <name>udivmoddi4.S.obj</name>
      </input_file>
      <input_file id="fl-133">
         <path>C:\ti\ti_cgt_arm_llvm_3.2.2.LTS\lib\clang\15.0.7\lib\armv7em-ti-none-eabihf\</path>
         <kind>archive</kind>
         <file>libclang_rt.builtins.a</file>
         <name>aeabi_div0.c.obj</name>
      </input_file>
      <input_file id="fl-134">
         <path>C:\ti\ti_cgt_arm_llvm_3.2.2.LTS\lib\armv7em-ti-none-eabihf\c\</path>
         <kind>archive</kind>
         <file>libc.a</file>
         <name>getdevice.c.obj</name>
      </input_file>
      <input_file id="fl-135">
         <path>C:\ti\ti_cgt_arm_llvm_3.2.2.LTS\lib\armv7em-ti-none-eabihf\c\</path>
         <kind>archive</kind>
         <file>libc.a</file>
         <name>strcmp_t2.S.obj</name>
      </input_file>
      <input_file id="fl-136">
         <path>C:\ti\ti_cgt_arm_llvm_3.2.2.LTS\lib\armv7em-ti-none-eabihf\c\</path>
         <kind>archive</kind>
         <file>libc.a</file>
         <name>memcpy_t2.S.obj</name>
      </input_file>
      <input_file id="fl-137">
         <path>C:\ti\ti_cgt_arm_llvm_3.2.2.LTS\lib\armv7em-ti-none-eabihf\c\</path>
         <kind>archive</kind>
         <file>libc.a</file>
         <name>memset_t2.S.obj</name>
      </input_file>
      <input_file id="fl-138">
         <path>C:\ti\MMWAVE_L_SDK_05_05_04_02\source\kernel\freertos\lib\</path>
         <kind>archive</kind>
         <file>freertos.xwrL64xx.m4f.ti-arm-clang.debug.lib</file>
         <name>AddrTranslateP.obj</name>
      </input_file>
      <input_file id="fl-139">
         <path>C:\ti\MMWAVE_L_SDK_05_05_04_02\source\kernel\freertos\lib\</path>
         <kind>archive</kind>
         <file>freertos.xwrL64xx.m4f.ti-arm-clang.debug.lib</file>
         <name>TaskP_freertos.obj</name>
      </input_file>
   </input_file_list>
   <object_component_list>
      <object_component id="oc-f">
         <name>.vectors</name>
         <load_address>0x400000</load_address>
         <readwrite>true</readwrite>
         <run_address>0x400000</run_address>
         <size>0x140</size>
         <alignment>0x20</alignment>
         <input_file_ref idref="fl-65"/>
      </object_component>
      <object_component id="oc-27d">
         <name>.bss.gUartObjects</name>
         <uninitialized>true</uninitialized>
         <readwrite>true</readwrite>
         <run_address>0x419180</run_address>
         <size>0x21c</size>
         <alignment>0x4</alignment>
         <input_file_ref idref="fl-2"/>
      </object_component>
      <object_component id="oc-1bf">
         <name>.bss.gEdmaObjects</name>
         <uninitialized>true</uninitialized>
         <readwrite>true</readwrite>
         <run_address>0x419b70</run_address>
         <size>0x58</size>
         <alignment>0x4</alignment>
         <input_file_ref idref="fl-2"/>
      </object_component>
      <object_component id="oc-2ad">
         <name>.bss.read_input_from_file.temp_chw</name>
         <uninitialized>true</uninitialized>
         <readwrite>true</readwrite>
         <run_address>0x40cd00</run_address>
         <size>0x6400</size>
         <alignment>0x4</alignment>
         <input_file_ref idref="fl-8"/>
      </object_component>
      <object_component id="oc-1f5">
         <name>.bss.weight3_backup</name>
         <uninitialized>true</uninitialized>
         <readwrite>true</readwrite>
         <run_address>0x418100</run_address>
         <size>0xa00</size>
         <alignment>0x1</alignment>
         <input_file_ref idref="fl-a"/>
      </object_component>
      <object_component id="oc-1f8">
         <name>.bss.bias3_backup</name>
         <uninitialized>true</uninitialized>
         <readwrite>true</readwrite>
         <run_address>0x419c90</run_address>
         <size>0x28</size>
         <alignment>0x4</alignment>
         <input_file_ref idref="fl-a"/>
      </object_component>
      <object_component id="oc-1f9">
         <name>.bss.bias2_backup</name>
         <uninitialized>true</uninitialized>
         <readwrite>true</readwrite>
         <run_address>0x4195fc</run_address>
         <size>0x100</size>
         <alignment>0x4</alignment>
         <input_file_ref idref="fl-a"/>
      </object_component>
      <object_component id="oc-37e">
         <name>.bss.buffer</name>
         <uninitialized>true</uninitialized>
         <readwrite>true</readwrite>
         <run_address>0x400200</run_address>
         <size>0xcb00</size>
         <alignment>0x1</alignment>
         <input_file_ref idref="fl-a"/>
      </object_component>
      <object_component id="oc-1d9">
         <name>.bss.gDebugLogLockObj</name>
         <uninitialized>true</uninitialized>
         <readwrite>true</readwrite>
         <run_address>0x419b10</run_address>
         <size>0x60</size>
         <alignment>0x4</alignment>
         <input_file_ref idref="fl-66"/>
      </object_component>
      <object_component id="oc-3b">
         <name>.bss.pxReadyTasksLists</name>
         <uninitialized>true</uninitialized>
         <readwrite>true</readwrite>
         <run_address>0x41939c</run_address>
         <size>0x140</size>
         <alignment>0x4</alignment>
         <input_file_ref idref="fl-67"/>
      </object_component>
      <object_component id="oc-151">
         <name>.bss.xTasksWaitingTermination</name>
         <uninitialized>true</uninitialized>
         <readwrite>true</readwrite>
         <run_address>0x419d30</run_address>
         <size>0x14</size>
         <alignment>0x4</alignment>
         <input_file_ref idref="fl-67"/>
      </object_component>
      <object_component id="oc-239">
         <name>.bss.xSuspendedTaskList</name>
         <uninitialized>true</uninitialized>
         <readwrite>true</readwrite>
         <run_address>0x419d1c</run_address>
         <size>0x14</size>
         <alignment>0x4</alignment>
         <input_file_ref idref="fl-67"/>
      </object_component>
      <object_component id="oc-238">
         <name>.bss.xPendingReadyList</name>
         <uninitialized>true</uninitialized>
         <readwrite>true</readwrite>
         <run_address>0x419d08</run_address>
         <size>0x14</size>
         <alignment>0x4</alignment>
         <input_file_ref idref="fl-67"/>
      </object_component>
      <object_component id="oc-234">
         <name>.bss.pxDelayedTaskList</name>
         <uninitialized>true</uninitialized>
         <readwrite>true</readwrite>
         <run_address>0x419d50</run_address>
         <size>0x4</size>
         <alignment>0x4</alignment>
         <input_file_ref idref="fl-67"/>
      </object_component>
      <object_component id="oc-23a">
         <name>.bss.pxOverflowDelayedTaskList</name>
         <uninitialized>true</uninitialized>
         <readwrite>true</readwrite>
         <run_address>0x419d54</run_address>
         <size>0x4</size>
         <alignment>0x4</alignment>
         <input_file_ref idref="fl-67"/>
      </object_component>
      <object_component id="oc-236">
         <name>.bss.xDelayedTaskList1</name>
         <uninitialized>true</uninitialized>
         <readwrite>true</readwrite>
         <run_address>0x419ce0</run_address>
         <size>0x14</size>
         <alignment>0x4</alignment>
         <input_file_ref idref="fl-67"/>
      </object_component>
      <object_component id="oc-237">
         <name>.bss.xDelayedTaskList2</name>
         <uninitialized>true</uninitialized>
         <readwrite>true</readwrite>
         <run_address>0x419cf4</run_address>
         <size>0x14</size>
         <alignment>0x4</alignment>
         <input_file_ref idref="fl-67"/>
      </object_component>
      <object_component id="oc-247">
         <name>.bss.pxCurrentTimerList</name>
         <uninitialized>true</uninitialized>
         <readwrite>true</readwrite>
         <run_address>0x419d4c</run_address>
         <size>0x4</size>
         <alignment>0x4</alignment>
         <input_file_ref idref="fl-68"/>
      </object_component>
      <object_component id="oc-248">
         <name>.bss.pxOverflowTimerList</name>
         <uninitialized>true</uninitialized>
         <readwrite>true</readwrite>
         <run_address>0x419d58</run_address>
         <size>0x4</size>
         <alignment>0x4</alignment>
         <input_file_ref idref="fl-68"/>
      </object_component>
      <object_component id="oc-245">
         <name>.bss.xActiveTimerList1</name>
         <uninitialized>true</uninitialized>
         <readwrite>true</readwrite>
         <run_address>0x419cb8</run_address>
         <size>0x14</size>
         <alignment>0x4</alignment>
         <input_file_ref idref="fl-68"/>
      </object_component>
      <object_component id="oc-246">
         <name>.bss.xActiveTimerList2</name>
         <uninitialized>true</uninitialized>
         <readwrite>true</readwrite>
         <run_address>0x419ccc</run_address>
         <size>0x14</size>
         <alignment>0x4</alignment>
         <input_file_ref idref="fl-68"/>
      </object_component>
      <object_component id="oc-24a">
         <name>.bss.prvCheckForValidListAndQueue.xStaticTimerQueue</name>
         <uninitialized>true</uninitialized>
         <readwrite>true</readwrite>
         <run_address>0x419bc8</run_address>
         <size>0x48</size>
         <alignment>0x4</alignment>
         <input_file_ref idref="fl-68"/>
      </object_component>
      <object_component id="oc-249">
         <name>.bss.prvCheckForValidListAndQueue.ucStaticTimerQueueStorage</name>
         <uninitialized>true</uninitialized>
         <readwrite>true</readwrite>
         <run_address>0x4196fc</run_address>
         <size>0x100</size>
         <alignment>0x1</alignment>
         <input_file_ref idref="fl-68"/>
      </object_component>
      <object_component id="oc-15b">
         <name>.bss.xIdleTaskTCB</name>
         <uninitialized>true</uninitialized>
         <readwrite>true</readwrite>
         <run_address>0x41999c</run_address>
         <size>0x7c</size>
         <alignment>0x4</alignment>
         <input_file_ref idref="fl-6c"/>
      </object_component>
      <object_component id="oc-15c">
         <name>.bss.uxIdleTaskStack</name>
         <uninitialized>true</uninitialized>
         <readwrite>true</readwrite>
         <run_address>0x417100</run_address>
         <size>0x1000</size>
         <alignment>0x4</alignment>
         <input_file_ref idref="fl-6c"/>
      </object_component>
      <object_component id="oc-252">
         <name>.bss.xTimerTaskTCB</name>
         <uninitialized>true</uninitialized>
         <readwrite>true</readwrite>
         <run_address>0x419a18</run_address>
         <size>0x7c</size>
         <alignment>0x4</alignment>
         <input_file_ref idref="fl-6c"/>
      </object_component>
      <object_component id="oc-253">
         <name>.bss.uxTimerTaskStack</name>
         <uninitialized>true</uninitialized>
         <readwrite>true</readwrite>
         <run_address>0x418b00</run_address>
         <size>0x400</size>
         <alignment>0x4</alignment>
         <input_file_ref idref="fl-6c"/>
      </object_component>
      <object_component id="oc-2ee">
         <name>.bss.__TI_tmpnams</name>
         <uninitialized>true</uninitialized>
         <readwrite>true</readwrite>
         <run_address>0x4198fc</run_address>
         <size>0xa0</size>
         <alignment>0x1</alignment>
         <input_file_ref idref="fl-a5"/>
      </object_component>
      <object_component id="oc-4c5">
         <name>.bss.sys_free</name>
         <uninitialized>true</uninitialized>
         <readwrite>true</readwrite>
         <run_address>0x419d5c</run_address>
         <size>0x4</size>
         <alignment>0x4</alignment>
         <input_file_ref idref="fl-a7"/>
      </object_component>
      <object_component id="oc-573">
         <name>.bss.parmbuf</name>
         <uninitialized>true</uninitialized>
         <readwrite>true</readwrite>
         <run_address>0x419d44</run_address>
         <size>0x8</size>
         <alignment>0x1</alignment>
         <input_file_ref idref="fl-11d"/>
      </object_component>
      <object_component id="oc-597">
         <name>.bss:_CIOBUF_</name>
         <uninitialized>true</uninitialized>
         <readwrite>true</readwrite>
         <run_address>0x4194dc</run_address>
         <size>0x120</size>
         <alignment>0x4</alignment>
         <input_file_ref idref="fl-122"/>
      </object_component>
      <object_component id="oc-28c">
         <name>.common:gEdmaHandle</name>
         <uninitialized>true</uninitialized>
         <readwrite>true</readwrite>
         <run_address>0x419d6c</run_address>
         <size>0x4</size>
         <alignment>0x4</alignment>
      </object_component>
      <object_component id="oc-291">
         <name>.common:gUartHandle</name>
         <uninitialized>true</uninitialized>
         <readwrite>true</readwrite>
         <run_address>0x419d74</run_address>
         <size>0x4</size>
         <alignment>0x4</alignment>
      </object_component>
      <object_component id="oc-7d">
         <name>.common:gMainTaskObj</name>
         <uninitialized>true</uninitialized>
         <readwrite>true</readwrite>
         <run_address>0x419a94</run_address>
         <size>0x7c</size>
         <alignment>0x4</alignment>
      </object_component>
      <object_component id="oc-7e">
         <name>.common:gMainTaskStack</name>
         <uninitialized>true</uninitialized>
         <readwrite>true</readwrite>
         <run_address>0x413100</run_address>
         <size>0x4000</size>
         <alignment>0x20</alignment>
      </object_component>
      <object_component id="oc-82">
         <name>.common:gMainTask</name>
         <uninitialized>true</uninitialized>
         <readwrite>true</readwrite>
         <run_address>0x419d70</run_address>
         <size>0x4</size>
         <alignment>0x4</alignment>
      </object_component>
      <object_component id="oc-2d1">
         <name>.common:fptr</name>
         <uninitialized>true</uninitialized>
         <readwrite>true</readwrite>
         <run_address>0x419d60</run_address>
         <size>0x4</size>
         <alignment>0x4</alignment>
      </object_component>
      <object_component id="oc-2d2">
         <name>.common:int8ptr</name>
         <uninitialized>true</uninitialized>
         <readwrite>true</readwrite>
         <run_address>0x419d78</run_address>
         <size>0x4</size>
         <alignment>0x4</alignment>
      </object_component>
      <object_component id="oc-3af">
         <name>.common:fptr2</name>
         <uninitialized>true</uninitialized>
         <readwrite>true</readwrite>
         <run_address>0x419d64</run_address>
         <size>0x4</size>
         <alignment>0x4</alignment>
      </object_component>
      <object_component id="oc-3b0">
         <name>.common:fptr3</name>
         <uninitialized>true</uninitialized>
         <readwrite>true</readwrite>
         <run_address>0x419d68</run_address>
         <size>0x4</size>
         <alignment>0x4</alignment>
      </object_component>
      <object_component id="oc-57">
         <name>.common:gHwiCtrl</name>
         <uninitialized>true</uninitialized>
         <readwrite>true</readwrite>
         <run_address>0x418f00</run_address>
         <size>0x280</size>
         <alignment>0x4</alignment>
      </object_component>
      <object_component id="oc-187">
         <name>.common:gClockCtrl</name>
         <uninitialized>true</uninitialized>
         <readwrite>true</readwrite>
         <run_address>0x419c58</run_address>
         <size>0x38</size>
         <alignment>0x8</alignment>
      </object_component>
      <object_component id="oc-311">
         <name>.common:xQueueRegistry</name>
         <uninitialized>true</uninitialized>
         <readwrite>true</readwrite>
         <run_address>0x4197fc</run_address>
         <size>0x100</size>
         <alignment>0x4</alignment>
      </object_component>
      <object_component id="oc-16">
         <name>.common:gRovDummyQueue</name>
         <uninitialized>true</uninitialized>
         <readwrite>true</readwrite>
         <run_address>0x419c10</run_address>
         <size>0x48</size>
         <alignment>0x4</alignment>
      </object_component>
      <object_component id="oc-29a">
         <name>.text._vsnprintf</name>
         <load_address>0x419d80</load_address>
         <readonly>true</readonly>
         <executable>true</executable>
         <run_address>0x419d80</run_address>
         <size>0xa30</size>
         <alignment>0x4</alignment>
         <input_file_ref idref="fl-6d"/>
      </object_component>
      <object_component id="oc-3cb">
         <name>.text.group_pointwise_conv_fp_in1x1_out1x1_1row10col_uniweight_int8input_inplace</name>
         <load_address>0x41a7b0</load_address>
         <readonly>true</readonly>
         <executable>true</executable>
         <run_address>0x41a7b0</run_address>
         <size>0x98a</size>
         <alignment>0x2</alignment>
         <input_file_ref idref="fl-f"/>
      </object_component>
      <object_component id="oc-146">
         <name>.text.Board_driversClose</name>
         <load_address>0x41b13a</load_address>
         <readonly>true</readonly>
         <executable>true</executable>
         <run_address>0x41b13a</run_address>
         <size>0x2</size>
         <alignment>0x2</alignment>
         <input_file_ref idref="fl-7"/>
      </object_component>
      <object_component id="oc-2dd">
         <name>.text.invoke</name>
         <load_address>0x41b13c</load_address>
         <readonly>true</readonly>
         <executable>true</executable>
         <run_address>0x41b13c</run_address>
         <size>0x90c</size>
         <alignment>0x4</alignment>
         <input_file_ref idref="fl-a"/>
      </object_component>
      <object_component id="oc-2cc">
         <name>.text.convolve_1x1_s8_fpreq_bitmask</name>
         <load_address>0x41ba48</load_address>
         <readonly>true</readonly>
         <executable>true</executable>
         <run_address>0x41ba48</run_address>
         <size>0x66e</size>
         <alignment>0x2</alignment>
         <input_file_ref idref="fl-2a"/>
      </object_component>
      <object_component id="oc-2bc">
         <name>.text.arm_convolve_s8_4col</name>
         <load_address>0x41c0b6</load_address>
         <readonly>true</readonly>
         <executable>true</executable>
         <run_address>0x41c0b6</run_address>
         <size>0x648</size>
         <alignment>0x2</alignment>
         <input_file_ref idref="fl-2f"/>
      </object_component>
      <object_component id="oc-78">
         <name>.text.Board_init</name>
         <load_address>0x41c6fe</load_address>
         <readonly>true</readonly>
         <executable>true</executable>
         <run_address>0x41c6fe</run_address>
         <size>0x2</size>
         <alignment>0x2</alignment>
         <input_file_ref idref="fl-6"/>
      </object_component>
      <object_component id="oc-352">
         <name>.text._etoa</name>
         <load_address>0x41c700</load_address>
         <readonly>true</readonly>
         <executable>true</executable>
         <run_address>0x41c700</run_address>
         <size>0x640</size>
         <alignment>0x8</alignment>
         <input_file_ref idref="fl-6d"/>
      </object_component>
      <object_component id="oc-386">
         <name>.text.mat_mult_kernel_s8_s16_reordered_fpreq_bitmask</name>
         <load_address>0x41cd40</load_address>
         <readonly>true</readonly>
         <executable>true</executable>
         <run_address>0x41cd40</run_address>
         <size>0x620</size>
         <alignment>0x2</alignment>
         <input_file_ref idref="fl-2d"/>
      </object_component>
      <object_component id="oc-351">
         <name>.text._ftoa</name>
         <load_address>0x41d360</load_address>
         <readonly>true</readonly>
         <executable>true</executable>
         <run_address>0x41d360</run_address>
         <size>0x580</size>
         <alignment>0x8</alignment>
         <input_file_ref idref="fl-6d"/>
      </object_component>
      <object_component id="oc-26e">
         <name>.text.SOC_rcmEnablePeripheralClock</name>
         <load_address>0x41d8e0</load_address>
         <readonly>true</readonly>
         <executable>true</executable>
         <run_address>0x41d8e0</run_address>
         <size>0x4f4</size>
         <alignment>0x4</alignment>
         <input_file_ref idref="fl-77"/>
      </object_component>
      <object_component id="oc-96">
         <name>.text.hwi</name>
         <load_address>0x41ddd4</load_address>
         <readonly>true</readonly>
         <executable>true</executable>
         <run_address>0x41ddd4</run_address>
         <size>0x4ca</size>
         <alignment>0x2</alignment>
         <input_file_ref idref="fl-62"/>
      </object_component>
      <object_component id="oc-323">
         <name>.text.__aeabi_ldiv0</name>
         <load_address>0x41e29e</load_address>
         <readonly>true</readonly>
         <executable>true</executable>
         <run_address>0x41e29e</run_address>
         <size>0x2</size>
         <alignment>0x2</alignment>
         <input_file_ref idref="fl-133"/>
      </object_component>
      <object_component id="oc-145">
         <name>.text.run_noise_experiment</name>
         <load_address>0x41e2a0</load_address>
         <readonly>true</readonly>
         <executable>true</executable>
         <run_address>0x41e2a0</run_address>
         <size>0x3fc</size>
         <alignment>0x4</alignment>
         <input_file_ref idref="fl-8"/>
      </object_component>
      <object_component id="oc-e2">
         <name>.text.__aeabi_memcpy</name>
         <load_address>0x41e69c</load_address>
         <readonly>true</readonly>
         <executable>true</executable>
         <run_address>0x41e69c</run_address>
         <size>0x4</size>
         <alignment>0x4</alignment>
         <input_file_ref idref="fl-12f"/>
      </object_component>
      <object_component id="oc-39f">
         <name>.text.log</name>
         <load_address>0x41e6a0</load_address>
         <readonly>true</readonly>
         <executable>true</executable>
         <run_address>0x41e6a0</run_address>
         <size>0x3d8</size>
         <alignment>0x8</alignment>
         <input_file_ref idref="fl-9b"/>
      </object_component>
      <object_component id="oc-391">
         <name>.text.exp</name>
         <load_address>0x41ea78</load_address>
         <readonly>true</readonly>
         <executable>true</executable>
         <run_address>0x41ea78</run_address>
         <size>0x37c</size>
         <alignment>0x8</alignment>
         <input_file_ref idref="fl-9a"/>
      </object_component>
      <object_component id="oc-1fe">
         <name>.text.invoke_inf</name>
         <load_address>0x41edf4</load_address>
         <readonly>true</readonly>
         <executable>true</executable>
         <run_address>0x41edf4</run_address>
         <size>0x350</size>
         <alignment>0x2</alignment>
         <input_file_ref idref="fl-a"/>
      </object_component>
      <object_component id="oc-111">
         <name>.text.EDMAInitialize</name>
         <load_address>0x41f144</load_address>
         <readonly>true</readonly>
         <executable>true</executable>
         <run_address>0x41f144</run_address>
         <size>0x32c</size>
         <alignment>0x2</alignment>
         <input_file_ref idref="fl-72"/>
      </object_component>
      <object_component id="oc-3d3">
         <name>.text.sum_4D_exclude</name>
         <load_address>0x41f470</load_address>
         <readonly>true</readonly>
         <executable>true</executable>
         <run_address>0x41f470</run_address>
         <size>0x32a</size>
         <alignment>0x2</alignment>
         <input_file_ref idref="fl-1b"/>
      </object_component>
      <object_component id="oc-173">
         <name>.text._nop</name>
         <load_address>0x41f79a</load_address>
         <readonly>true</readonly>
         <executable>true</executable>
         <run_address>0x41f79a</run_address>
         <size>0x2</size>
         <alignment>0x2</alignment>
         <input_file_ref idref="fl-a1"/>
      </object_component>
      <object_component id="oc-1a7">
         <name>.text.SOC_rcmGetClkSrcAndDivValue</name>
         <load_address>0x41f79c</load_address>
         <readonly>true</readonly>
         <executable>true</executable>
         <run_address>0x41f79c</run_address>
         <size>0x2f8</size>
         <alignment>0x4</alignment>
         <input_file_ref idref="fl-77"/>
      </object_component>
      <object_component id="oc-119">
         <name>.text.Board_driversOpen</name>
         <load_address>0x41fa94</load_address>
         <readonly>true</readonly>
         <executable>true</executable>
         <run_address>0x41fa94</run_address>
         <size>0xc</size>
         <alignment>0x2</alignment>
         <input_file_ref idref="fl-7"/>
      </object_component>
      <object_component id="oc-567">
         <name>.text:strcmp</name>
         <load_address>0x41faa0</load_address>
         <readonly>true</readonly>
         <executable>true</executable>
         <run_address>0x41faa0</run_address>
         <size>0x2dc</size>
         <alignment>0x20</alignment>
         <input_file_ref idref="fl-135"/>
      </object_component>
      <object_component id="oc-339">
         <name>.text.UART_edmaChannelConfig</name>
         <load_address>0x41fd7c</load_address>
         <readonly>true</readonly>
         <executable>true</executable>
         <run_address>0x41fd7c</run_address>
         <size>0x2ce</size>
         <alignment>0x2</alignment>
         <input_file_ref idref="fl-79"/>
      </object_component>
      <object_component id="oc-293">
         <name>.text.UART_open</name>
         <load_address>0x42004a</load_address>
         <readonly>true</readonly>
         <executable>true</executable>
         <run_address>0x42004a</run_address>
         <size>0x29c</size>
         <alignment>0x2</alignment>
         <input_file_ref idref="fl-78"/>
      </object_component>
      <object_component id="oc-380">
         <name>.text.arm_nn_mat_mult_kernel_s8_s16_4col</name>
         <load_address>0x4202e6</load_address>
         <readonly>true</readonly>
         <executable>true</executable>
         <run_address>0x4202e6</run_address>
         <size>0x278</size>
         <alignment>0x2</alignment>
         <input_file_ref idref="fl-a"/>
      </object_component>
      <object_component id="oc-d1">
         <name>.text.vPortConfigTimerForRunTimeStats</name>
         <load_address>0x42055e</load_address>
         <readonly>true</readonly>
         <executable>true</executable>
         <run_address>0x42055e</run_address>
         <size>0x2</size>
         <alignment>0x2</alignment>
         <input_file_ref idref="fl-6c"/>
      </object_component>
      <object_component id="oc-356">
         <name>.text:__TI_printfi_minimal</name>
         <load_address>0x420560</load_address>
         <readonly>true</readonly>
         <executable>true</executable>
         <run_address>0x420560</run_address>
         <size>0x268</size>
         <alignment>0x4</alignment>
         <input_file_ref idref="fl-8c"/>
      </object_component>
      <object_component id="oc-556">
         <name>.text.allocResource</name>
         <load_address>0x4207c8</load_address>
         <readonly>true</readonly>
         <executable>true</executable>
         <run_address>0x4207c8</run_address>
         <size>0x25a</size>
         <alignment>0x4</alignment>
         <input_file_ref idref="fl-72"/>
      </object_component>
      <object_component id="oc-5b">
         <name>.text.mpu</name>
         <load_address>0x420a22</load_address>
         <readonly>true</readonly>
         <executable>true</executable>
         <run_address>0x420a22</run_address>
         <size>0x23e</size>
         <alignment>0x2</alignment>
         <input_file_ref idref="fl-61"/>
      </object_component>
      <object_component id="oc-338">
         <name>.text.UART_controllerIsr</name>
         <load_address>0x420c60</load_address>
         <readonly>true</readonly>
         <executable>true</executable>
         <run_address>0x420c60</run_address>
         <size>0x23c</size>
         <alignment>0x2</alignment>
         <input_file_ref idref="fl-78"/>
      </object_component>
      <object_component id="oc-444">
         <name>.text._ntoa_format</name>
         <load_address>0x420e9c</load_address>
         <readonly>true</readonly>
         <executable>true</executable>
         <run_address>0x420e9c</run_address>
         <size>0x23c</size>
         <alignment>0x2</alignment>
         <input_file_ref idref="fl-6d"/>
      </object_component>
      <object_component id="oc-3b1">
         <name>.text.sum_3D</name>
         <load_address>0x4210d8</load_address>
         <readonly>true</readonly>
         <executable>true</executable>
         <run_address>0x4210d8</run_address>
         <size>0x208</size>
         <alignment>0x2</alignment>
         <input_file_ref idref="fl-1a"/>
      </object_component>
      <object_component id="oc-2f0">
         <name>.text.expf</name>
         <load_address>0x4212e0</load_address>
         <readonly>true</readonly>
         <executable>true</executable>
         <run_address>0x4212e0</run_address>
         <size>0x1e4</size>
         <alignment>0x4</alignment>
         <input_file_ref idref="fl-98"/>
      </object_component>
      <object_component id="oc-3f9">
         <name>.text._outc</name>
         <load_address>0x4214c4</load_address>
         <readonly>true</readonly>
         <executable>true</executable>
         <run_address>0x4214c4</run_address>
         <size>0x4</size>
         <alignment>0x2</alignment>
         <input_file_ref idref="fl-8b"/>
      </object_component>
      <object_component id="oc-336">
         <name>.text.UART_configInstance</name>
         <load_address>0x4214c8</load_address>
         <readonly>true</readonly>
         <executable>true</executable>
         <run_address>0x4214c8</run_address>
         <size>0x1d8</size>
         <alignment>0x8</alignment>
         <input_file_ref idref="fl-78"/>
      </object_component>
[...]
         <value>0x429a81</value>
         <object_component_ref idref="oc-364"/>
      </symbol>
      <symbol id="sm-797">
         <name>fputc</name>
         <value>0x4272c9</value>
         <object_component_ref idref="oc-4d7"/>
      </symbol>
      <symbol id="sm-798">
         <name>putchar</name>
         <value>0x42a90d</value>
         <object_component_ref idref="oc-43d"/>
      </symbol>
      <symbol id="sm-7a3">
         <name>fputs</name>
         <value>0x424d75</value>
         <object_component_ref idref="oc-4d1"/>
      </symbol>
      <symbol id="sm-7ae">
         <name>fread</name>
         <value>0x424b8d</value>
         <object_component_ref idref="oc-2ae"/>
      </symbol>
      <symbol id="sm-7bb">
         <name>fseek</name>
         <value>0x42a98d</value>
         <object_component_ref idref="oc-203"/>
      </symbol>
      <symbol id="sm-7bc">
         <name>fseeko</name>
         <value>0x427f31</value>
         <object_component_ref idref="oc-2d8"/>
      </symbol>
      <symbol id="sm-7c6">
         <name>__TI_buff_read</name>
         <value>0x426d1d</value>
         <object_component_ref idref="oc-36f"/>
      </symbol>
      <symbol id="sm-7d2">
         <name>__TI_rd_ok</name>
         <value>0x429013</value>
         <object_component_ref idref="oc-365"/>
      </symbol>
      <symbol id="sm-7d3">
         <name>__TI_wrt_ok</name>
         <value>0x4281fb</value>
         <object_component_ref idref="oc-54b"/>
      </symbol>
      <symbol id="sm-7dd">
         <name>setvbuf</name>
         <value>0x4254a1</value>
         <object_component_ref idref="oc-48a"/>
      </symbol>
      <symbol id="sm-7eb">
         <name>expf</name>
         <value>0x4212e1</value>
         <object_component_ref idref="oc-2f0"/>
      </symbol>
      <symbol id="sm-7f4">
         <name>roundf</name>
         <value>0x4274dd</value>
         <object_component_ref idref="oc-2b2"/>
      </symbol>
      <symbol id="sm-815">
         <name>exp</name>
         <value>0x41ea79</value>
         <object_component_ref idref="oc-391"/>
      </symbol>
      <symbol id="sm-816">
         <name>expl</name>
         <value>0x41ea79</value>
         <object_component_ref idref="oc-391"/>
      </symbol>
      <symbol id="sm-830">
         <name>log</name>
         <value>0x41e6a1</value>
         <object_component_ref idref="oc-39f"/>
      </symbol>
      <symbol id="sm-831">
         <name>logl</name>
         <value>0x41e6a1</value>
         <object_component_ref idref="oc-39f"/>
      </symbol>
      <symbol id="sm-846">
         <name>round</name>
         <value>0x425979</value>
         <object_component_ref idref="oc-418"/>
      </symbol>
      <symbol id="sm-847">
         <name>roundl</name>
         <value>0x425979</value>
         <object_component_ref idref="oc-418"/>
      </symbol>
      <symbol id="sm-853">
         <name>__aeabi_errno_addr</name>
         <value>0x42a96d</value>
         <object_component_ref idref="oc-3ef"/>
      </symbol>
      <symbol id="sm-854">
         <name>__aeabi_errno</name>
         <value>0x432f6c</value>
         <object_component_ref idref="oc-4cd"/>
      </symbol>
      <symbol id="sm-862">
         <name>abort</name>
         <value>0x42a995</value>
         <object_component_ref idref="oc-8b"/>
      </symbol>
      <symbol id="sm-863">
         <name>C$$EXIT</name>
         <value>0x42a994</value>
         <object_component_ref idref="oc-8b"/>
      </symbol>
      <symbol id="sm-864">
         <name>__TI_cleanup_ptr</name>
         <value>0x432f44</value>
         <object_component_ref idref="oc-da"/>
      </symbol>
      <symbol id="sm-865">
         <name>__TI_dtors_ptr</name>
         <value>0x432f48</value>
         <object_component_ref idref="oc-da"/>
      </symbol>
      <symbol id="sm-866">
         <name>exit</name>
         <value>0x429be1</value>
         <object_component_ref idref="oc-90"/>
      </symbol>
      <symbol id="sm-86f">
         <name>_nop</name>
         <value>0x41f79b</value>
         <object_component_ref idref="oc-173"/>
      </symbol>
      <symbol id="sm-870">
         <name>_lock</name>
         <value>0x432f70</value>
         <object_component_ref idref="oc-d8"/>
      </symbol>
      <symbol id="sm-871">
         <name>_unlock</name>
         <value>0x432f74</value>
         <object_component_ref idref="oc-db"/>
      </symbol>
      <symbol id="sm-879">
         <name>_ftable</name>
         <value>0x432af0</value>
         <object_component_ref idref="oc-35f"/>
      </symbol>
      <symbol id="sm-87a">
         <name>__TI_ft_end</name>
         <value>0x432f68</value>
         <object_component_ref idref="oc-35e"/>
      </symbol>
      <symbol id="sm-87b">
         <name>__TI_tmpnams</name>
         <value>0x4198fc</value>
         <object_component_ref idref="oc-2ee"/>
      </symbol>
      <symbol id="sm-884">
         <name>memccpy</name>
         <value>0x42a3a1</value>
         <object_component_ref idref="oc-46c"/>
      </symbol>
      <symbol id="sm-8a4">
         <name>malloc</name>
         <value>0x42a985</value>
         <object_component_ref idref="oc-529"/>
      </symbol>
      <symbol id="sm-8a5">
         <name>aligned_alloc</name>
         <value>0x423fe5</value>
         <object_component_ref idref="oc-56b"/>
      </symbol>
      <symbol id="sm-8a6">
         <name>free</name>
         <value>0x424e65</value>
         <object_component_ref idref="oc-2e4"/>
      </symbol>
      <symbol id="sm-8a7">
         <name>_sys_memory</name>
         <value>0x45a000</value>
         <object_component_ref idref="oc-29"/>
      </symbol>
      <symbol id="sm-8a8">
         <name>memalign</name>
         <value>0x423fe5</value>
         <object_component_ref idref="oc-56b"/>
      </symbol>
      <symbol id="sm-8b3">
         <name>__TI_auto_init_nobinit_nopinit</name>
         <value>0x429971</value>
         <object_component_ref idref="oc-66"/>
      </symbol>
      <symbol id="sm-8bf">
         <name>floorf</name>
         <value>0x426ab1</value>
         <object_component_ref idref="oc-377"/>
      </symbol>
      <symbol id="sm-8d0">
         <name>floor</name>
         <value>0x424109</value>
         <object_component_ref idref="oc-4e1"/>
      </symbol>
      <symbol id="sm-8d1">
         <name>floorl</name>
         <value>0x424109</value>
         <object_component_ref idref="oc-4e1"/>
      </symbol>
      <symbol id="sm-8db">
         <name>write</name>
         <value>0x429f3d</value>
         <object_component_ref idref="oc-3d9"/>
      </symbol>
      <symbol id="sm-8e0">
         <name>_device</name>
         <value>0x432ca8</value>
         <object_component_ref idref="oc-4c6"/>
      </symbol>
      <symbol id="sm-8e1">
         <name>_stream</name>
         <value>0x432d84</value>
         <object_component_ref idref="oc-3e1"/>
      </symbol>
      <symbol id="sm-8e9">
         <name>remove</name>
         <value>0x42a991</value>
         <object_component_ref idref="oc-2ea"/>
      </symbol>
      <symbol id="sm-8f3">
         <name>read</name>
         <value>0x429e8d</value>
         <object_component_ref idref="oc-36b"/>
      </symbol>
      <symbol id="sm-8ff">
         <name>open</name>
         <value>0x426439</value>
         <object_component_ref idref="oc-360"/>
      </symbol>
      <symbol id="sm-909">
         <name>lseek</name>
         <value>0x429e09</value>
         <object_component_ref idref="oc-3a7"/>
      </symbol>
      <symbol id="sm-913">
         <name>close</name>
         <value>0x42825d</value>
         <object_component_ref idref="oc-2e6"/>
      </symbol>
      <symbol id="sm-91d">
         <name>unlink</name>
         <value>0x429eb9</value>
         <object_component_ref idref="oc-3e6"/>
      </symbol>
      <symbol id="sm-927">
         <name>HOSTclose</name>
         <value>0x4296b9</value>
         <object_component_ref idref="oc-531"/>
      </symbol>
      <symbol id="sm-931">
         <name>HOSTlseek</name>
         <value>0x42854d</value>
         <object_component_ref idref="oc-53d"/>
      </symbol>
      <symbol id="sm-93b">
         <name>HOSTopen</name>
         <value>0x4285a5</value>
         <object_component_ref idref="oc-52d"/>
      </symbol>
      <symbol id="sm-93c">
         <name>parmbuf</name>
         <value>0x419d44</value>
         <object_component_ref idref="oc-573"/>
      </symbol>
      <symbol id="sm-946">
         <name>HOSTread</name>
         <value>0x4286ad</value>
         <object_component_ref idref="oc-535"/>
      </symbol>
      <symbol id="sm-957">
         <name>HOSTrename</name>
         <value>0x428001</value>
         <object_component_ref idref="oc-545"/>
      </symbol>
      <symbol id="sm-961">
         <name>HOSTunlink</name>
         <value>0x429211</value>
         <object_component_ref idref="oc-541"/>
      </symbol>
      <symbol id="sm-96b">
         <name>HOSTwrite</name>
         <value>0x428701</value>
         <object_component_ref idref="oc-539"/>
      </symbol>
      <symbol id="sm-979">
         <name>C$$IO$$</name>
         <value>0x429adf</value>
         <object_component_ref idref="oc-56c"/>
      </symbol>
      <symbol id="sm-97a">
         <name>__TI_writemsg</name>
         <value>0x429ab5</value>
         <object_component_ref idref="oc-56c"/>
      </symbol>
      <symbol id="sm-97b">
         <name>__CIOBUF_</name>
         <value>0x4194dc</value>
         <object_component_ref idref="oc-597"/>
      </symbol>
      <symbol id="sm-97c">
         <name>__TI_readmsg</name>
         <value>0x429b81</value>
         <object_component_ref idref="oc-572"/>
      </symbol>
      <symbol id="sm-97d">
         <name>_CIOBUF_</name>
         <value>0x4194dc</value>
         <object_component_ref idref="oc-597"/>
      </symbol>
      <symbol id="sm-983">
         <name>__aeabi_dadd</name>
         <value>0x421a37</value>
         <object_component_ref idref="oc-397"/>
      </symbol>
      <symbol id="sm-984">
         <name>__adddf3</name>
         <value>0x421a37</value>
         <object_component_ref idref="oc-397"/>
      </symbol>
      <symbol id="sm-985">
         <name>__aeabi_dsub</name>
         <value>0x421a2d</value>
         <object_component_ref idref="oc-397"/>
      </symbol>
      <symbol id="sm-986">
         <name>__subdf3</name>
         <value>0x421a2d</value>
         <object_component_ref idref="oc-397"/>
      </symbol>
      <symbol id="sm-98c">
         <name>__aeabi_dmul</name>
         <value>0x424999</value>
         <object_component_ref idref="oc-45d"/>
      </symbol>
      <symbol id="sm-98d">
         <name>__muldf3</name>
         <value>0x424999</value>
         <object_component_ref idref="oc-45d"/>
      </symbol>
      <symbol id="sm-993">
         <name>__aeabi_ddiv</name>
         <value>0x423b31</value>
         <object_component_ref idref="oc-465"/>
      </symbol>
      <symbol id="sm-994">
         <name>__divdf3</name>
         <value>0x423b31</value>
         <object_component_ref idref="oc-465"/>
      </symbol>
      <symbol id="sm-99a">
         <name>__aeabi_f2d</name>
         <value>0x4298c9</value>
         <object_component_ref idref="oc-38d"/>
      </symbol>
      <symbol id="sm-99b">
         <name>__extendsfdf2</name>
         <value>0x4298c9</value>
         <object_component_ref idref="oc-38d"/>
      </symbol>
      <symbol id="sm-9a1">
         <name>__aeabi_d2iz</name>
         <value>0x429139</value>
         <object_component_ref idref="oc-454"/>
      </symbol>
      <symbol id="sm-9a2">
         <name>__fixdfsi</name>
         <value>0x429139</value>
         <object_component_ref idref="oc-454"/>
      </symbol>
      <symbol id="sm-9a8">
         <name>__aeabi_d2uiz</name>
         <value>0x4293a9</value>
         <object_component_ref idref="oc-41e"/>
      </symbol>
      <symbol id="sm-9a9">
         <name>__fixunsdfsi</name>
         <value>0x4293a9</value>
         <object_component_ref idref="oc-41e"/>
      </symbol>
      <symbol id="sm-9af">
         <name>__aeabi_i2d</name>
         <value>0x429ca1</value>
         <object_component_ref idref="oc-458"/>
      </symbol>
      <symbol id="sm-9b0">
         <name>__floatsidf</name>
         <value>0x429ca1</value>
         <object_component_ref idref="oc-458"/>
      </symbol>
      <symbol id="sm-9b6">
         <name>__aeabi_ul2f</name>
         <value>0x429a15</value>
         <object_component_ref idref="oc-1ff"/>
      </symbol>
      <symbol id="sm-9b7">
         <name>__floatundisf</name>
         <value>0x429a15</value>
         <object_component_ref idref="oc-1ff"/>
      </symbol>
      <symbol id="sm-9bd">
         <name>__aeabi_ui2d</name>
         <value>0x42a361</value>
         <object_component_ref idref="oc-461"/>
      </symbol>
      <symbol id="sm-9be">
         <name>__floatunsidf</name>
         <value>0x42a361</value>
         <object_component_ref idref="oc-461"/>
      </symbol>
      <symbol id="sm-9c4">
         <name>__aeabi_d2f</name>
         <value>0x427d19</value>
         <object_component_ref idref="oc-39b"/>
      </symbol>
      <symbol id="sm-9c5">
         <name>__truncdfsf2</name>
         <value>0x427d19</value>
         <object_component_ref idref="oc-39b"/>
      </symbol>
      <symbol id="sm-9d3">
         <name>__ledf2</name>
         <value>0x427ca9</value>
         <object_component_ref idref="oc-503"/>
      </symbol>
      <symbol id="sm-9d4">
         <name>__gedf2</name>
         <value>0x427c39</value>
         <object_component_ref idref="oc-504"/>
      </symbol>
      <symbol id="sm-9d5">
         <name>__unorddf2</name>
         <value>0x429bb1</value>
         <object_component_ref idref="oc-445"/>
      </symbol>
      <symbol id="sm-9d6">
         <name>__cmpdf2</name>
         <value>0x427ca9</value>
         <object_component_ref idref="oc-503"/>
      </symbol>
      <symbol id="sm-9d7">
         <name>__eqdf2</name>
         <value>0x427ca9</value>
         <object_component_ref idref="oc-503"/>
      </symbol>
      <symbol id="sm-9d8">
         <name>__ltdf2</name>
         <value>0x427ca9</value>
         <object_component_ref idref="oc-503"/>
      </symbol>
      <symbol id="sm-9d9">
         <name>__nedf2</name>
         <value>0x427ca9</value>
         <object_component_ref idref="oc-503"/>
      </symbol>
      <symbol id="sm-9da">
         <name>__gtdf2</name>
         <value>0x427c39</value>
         <object_component_ref idref="oc-504"/>
      </symbol>
      <symbol id="sm-9db">
         <name>__aeabi_dcmpun</name>
         <value>0x429bb1</value>
         <object_component_ref idref="oc-445"/>
      </symbol>
      <symbol id="sm-9e1">
         <name>__aeabi_dcmpeq</name>
         <value>0x428199</value>
         <object_component_ref idref="oc-44d"/>
      </symbol>
      <symbol id="sm-9e2">
         <name>__aeabi_dcmplt</name>
         <value>0x4281ad</value>
         <object_component_ref idref="oc-44d"/>
      </symbol>
      <symbol id="sm-9e3">
         <name>__aeabi_dcmple</name>
         <value>0x4281c1</value>
         <object_component_ref idref="oc-44d"/>
      </symbol>
      <symbol id="sm-9e4">
         <name>__aeabi_dcmpge</name>
         <value>0x4281d5</value>
         <object_component_ref idref="oc-44d"/>
      </symbol>
      <symbol id="sm-9e5">
         <name>__aeabi_dcmpgt</name>
         <value>0x4281e9</value>
         <object_component_ref idref="oc-44d"/>
      </symbol>
      <symbol id="sm-9eb">
         <name>__aeabi_memcpy</name>
         <value>0x41e69d</value>
         <object_component_ref idref="oc-e2"/>
      </symbol>
      <symbol id="sm-9ec">
         <name>__aeabi_memcpy4</name>
         <value>0x41e69d</value>
         <object_component_ref idref="oc-e2"/>
      </symbol>
      <symbol id="sm-9ed">
         <name>__aeabi_memcpy8</name>
         <value>0x41e69d</value>
         <object_component_ref idref="oc-e2"/>
      </symbol>
      <symbol id="sm-9f6">
         <name>__aeabi_memset</name>
         <value>0x42a919</value>
         <object_component_ref idref="oc-46b"/>
      </symbol>
      <symbol id="sm-9f7">
         <name>__aeabi_memset4</name>
         <value>0x42a919</value>
         <object_component_ref idref="oc-46b"/>
      </symbol>
      <symbol id="sm-9f8">
         <name>__aeabi_memset8</name>
         <value>0x42a919</value>
         <object_component_ref idref="oc-46b"/>
      </symbol>
      <symbol id="sm-9f9">
         <name>__aeabi_memclr</name>
         <value>0x42a975</value>
         <object_component_ref idref="oc-61"/>
      </symbol>
      <symbol id="sm-9fa">
         <name>__aeabi_memclr4</name>
         <value>0x42a975</value>
         <object_component_ref idref="oc-61"/>
      </symbol>
      <symbol id="sm-9fb">
         <name>__aeabi_memclr8</name>
         <value>0x42a975</value>
         <object_component_ref idref="oc-61"/>
      </symbol>
      <symbol id="sm-a01">
         <name>__aeabi_uldivmod</name>
         <value>0x42a5fd</value>
         <object_component_ref idref="oc-1c1"/>
      </symbol>
      <symbol id="sm-a07">
         <name>__udivmoddi4</name>
         <value>0x42622d</value>
         <object_component_ref idref="oc-287"/>
      </symbol>
      <symbol id="sm-a11">
         <name>__aeabi_ldiv0</name>
         <value>0x41e29f</value>
         <object_component_ref idref="oc-323"/>
      </symbol>
      <symbol id="sm-a1f">
         <name>finddevice</name>
         <value>0x429ddd</value>
         <object_component_ref idref="oc-526"/>
      </symbol>
      <symbol id="sm-a20">
         <name>getdevice</name>
         <value>0x427f99</value>
         <object_component_ref idref="oc-480"/>
      </symbol>
      <symbol id="sm-a27">
         <name>strcmp</name>
         <value>0x41faa9</value>
         <object_component_ref idref="oc-567"/>
      </symbol>
      <symbol id="sm-a2f">
         <name>TI_memcpy_small</name>
         <value>0x42a683</value>
         <object_component_ref idref="oc-257"/>
      </symbol>
      <symbol id="sm-a37">
         <name>TI_memset_small</name>
         <value>0x42a861</value>
         <object_component_ref idref="oc-dc"/>
      </symbol>
      <symbol id="sm-a40">
         <name>gAddrTranslateConfig</name>
         <value>0x432f20</value>
         <object_component_ref idref="oc-27e"/>
      </symbol>
      <symbol id="sm-a41">
         <name>AddrTranslateP_getLocalAddr</name>
         <value>0x42503f</value>
         <object_component_ref idref="oc-1b4"/>
      </symbol>
      <symbol id="sm-a4a">
         <name>TaskP_yield</name>
         <value>0x42a4b1</value>
         <object_component_ref idref="oc-4da"/>
      </symbol>
      <symbol id="sm-a4b">
         <name>_system_post_cinit</name>
         <value>0x0</value>
      </symbol>
      <symbol id="sm-a4c">
         <name>__TI_Handler_Table_Limit</name>
         <value>0x0</value>
      </symbol>
      <symbol id="sm-a4d">
         <name>__TI_Handler_Table_Base</name>
         <value>0x0</value>
      </symbol>
      <symbol id="sm-a4e">
         <name>__TI_CINIT_Base</name>
         <value>0x0</value>
      </symbol>
      <symbol id="sm-a4f">
         <name>__TI_CINIT_Limit</name>
         <value>0x0</value>
      </symbol>
   </symbol_table>
   <title>Link successful</title>
</link_info>
